Archive member included to satisfy reference by file (symbol)

/Applications/STM32CubeIDE.app/Contents/Eclipse/plugins/fr.ac6.mcu.externaltools.arm-none.macos64_1.17.0.201812190825/tools/compiler/bin/../lib/gcc/arm-none-eabi/7.3.1/../../../../arm-none-eabi/lib/thumb/v7e-m/fpv4-sp/hard/libm.a(lib_a-s_trunc.o)
                              DataLog/User/datalog_application.o (trunc)
/Applications/STM32CubeIDE.app/Contents/Eclipse/plugins/fr.ac6.mcu.externaltools.arm-none.macos64_1.17.0.201812190825/tools/compiler/bin/../lib/gcc/arm-none-eabi/7.3.1/../../../../arm-none-eabi/lib/thumb/v7e-m/fpv4-sp/hard/libm.a(lib_a-w_acos.o)
                              DataLog/User/datalog_application.o (acos)
/Applications/STM32CubeIDE.app/Contents/Eclipse/plugins/fr.ac6.mcu.externaltools.arm-none.macos64_1.17.0.201812190825/tools/compiler/bin/../lib/gcc/arm-none-eabi/7.3.1/../../../../arm-none-eabi/lib/thumb/v7e-m/fpv4-sp/hard/libm.a(lib_a-w_atan2.o)
                              DataLog/User/datalog_application.o (atan2)
/Applications/STM32CubeIDE.app/Contents/Eclipse/plugins/fr.ac6.mcu.externaltools.arm-none.macos64_1.17.0.201812190825/tools/compiler/bin/../lib/gcc/arm-none-eabi/7.3.1/../../../../arm-none-eabi/lib/thumb/v7e-m/fpv4-sp/hard/libm.a(lib_a-w_pow.o)
                              DataLog/User/datalog_application.o (pow)
/Applications/STM32CubeIDE.app/Contents/Eclipse/plugins/fr.ac6.mcu.externaltools.arm-none.macos64_1.17.0.201812190825/tools/compiler/bin/../lib/gcc/arm-none-eabi/7.3.1/../../../../arm-none-eabi/lib/thumb/v7e-m/fpv4-sp/hard/libm.a(lib_a-w_sqrt.o)
                              DataLog/User/datalog_application.o (sqrt)
/Applications/STM32CubeIDE.app/Contents/Eclipse/plugins/fr.ac6.mcu.externaltools.arm-none.macos64_1.17.0.201812190825/tools/compiler/bin/../lib/gcc/arm-none-eabi/7.3.1/../../../../arm-none-eabi/lib/thumb/v7e-m/fpv4-sp/hard/libm.a(lib_a-e_acos.o)
                              /Applications/STM32CubeIDE.app/Contents/Eclipse/plugins/fr.ac6.mcu.externaltools.arm-none.macos64_1.17.0.201812190825/tools/compiler/bin/../lib/gcc/arm-none-eabi/7.3.1/../../../../arm-none-eabi/lib/thumb/v7e-m/fpv4-sp/hard/libm.a(lib_a-w_acos.o) (__ieee754_acos)
/Applications/STM32CubeIDE.app/Contents/Eclipse/plugins/fr.ac6.mcu.externaltools.arm-none.macos64_1.17.0.201812190825/tools/compiler/bin/../lib/gcc/arm-none-eabi/7.3.1/../../../../arm-none-eabi/lib/thumb/v7e-m/fpv4-sp/hard/libm.a(lib_a-e_atan2.o)
                              /Applications/STM32CubeIDE.app/Contents/Eclipse/plugins/fr.ac6.mcu.externaltools.arm-none.macos64_1.17.0.201812190825/tools/compiler/bin/../lib/gcc/arm-none-eabi/7.3.1/../../../../arm-none-eabi/lib/thumb/v7e-m/fpv4-sp/hard/libm.a(lib_a-w_atan2.o) (__ieee754_atan2)
/Applications/STM32CubeIDE.app/Contents/Eclipse/plugins/fr.ac6.mcu.externaltools.arm-none.macos64_1.17.0.201812190825/tools/compiler/bin/../lib/gcc/arm-none-eabi/7.3.1/../../../../arm-none-eabi/lib/thumb/v7e-m/fpv4-sp/hard/libm.a(lib_a-e_pow.o)
                              /Applications/STM32CubeIDE.app/Contents/Eclipse/plugins/fr.ac6.mcu.externaltools.arm-none.macos64_1.17.0.201812190825/tools/compiler/bin/../lib/gcc/arm-none-eabi/7.3.1/../../../../arm-none-eabi/lib/thumb/v7e-m/fpv4-sp/hard/libm.a(lib_a-w_pow.o) (__ieee754_pow)
/Applications/STM32CubeIDE.app/Contents/Eclipse/plugins/fr.ac6.mcu.externaltools.arm-none.macos64_1.17.0.201812190825/tools/compiler/bin/../lib/gcc/arm-none-eabi/7.3.1/../../../../arm-none-eabi/lib/thumb/v7e-m/fpv4-sp/hard/libm.a(lib_a-e_sqrt.o)
                              /Applications/STM32CubeIDE.app/Contents/Eclipse/plugins/fr.ac6.mcu.externaltools.arm-none.macos64_1.17.0.201812190825/tools/compiler/bin/../lib/gcc/arm-none-eabi/7.3.1/../../../../arm-none-eabi/lib/thumb/v7e-m/fpv4-sp/hard/libm.a(lib_a-w_sqrt.o) (__ieee754_sqrt)
/Applications/STM32CubeIDE.app/Contents/Eclipse/plugins/fr.ac6.mcu.externaltools.arm-none.macos64_1.17.0.201812190825/tools/compiler/bin/../lib/gcc/arm-none-eabi/7.3.1/../../../../arm-none-eabi/lib/thumb/v7e-m/fpv4-sp/hard/libm.a(lib_a-s_atan.o)
                              /Applications/STM32CubeIDE.app/Contents/Eclipse/plugins/fr.ac6.mcu.externaltools.arm-none.macos64_1.17.0.201812190825/tools/compiler/bin/../lib/gcc/arm-none-eabi/7.3.1/../../../../arm-none-eabi/lib/thumb/v7e-m/fpv4-sp/hard/libm.a(lib_a-e_atan2.o) (atan)
/Applications/STM32CubeIDE.app/Contents/Eclipse/plugins/fr.ac6.mcu.externaltools.arm-none.macos64_1.17.0.201812190825/tools/compiler/bin/../lib/gcc/arm-none-eabi/7.3.1/../../../../arm-none-eabi/lib/thumb/v7e-m/fpv4-sp/hard/libm.a(lib_a-s_fabs.o)
                              /Applications/STM32CubeIDE.app/Contents/Eclipse/plugins/fr.ac6.mcu.externaltools.arm-none.macos64_1.17.0.201812190825/tools/compiler/bin/../lib/gcc/arm-none-eabi/7.3.1/../../../../arm-none-eabi/lib/thumb/v7e-m/fpv4-sp/hard/libm.a(lib_a-w_acos.o) (fabs)
[...]
Memory Configuration

Name             Origin             Length             Attributes
FLASH            0x0000000008004000 0x0000000000040000 xr
RAM              0x0000000020000000 0x0000000000018000 xrw
SRAM2            0x0000000010000000 0x0000000000008000 xrw
*default*        0x0000000000000000 0xffffffffffffffff

Linker script and memory map

LOAD /Applications/STM32CubeIDE.app/Contents/Eclipse/plugins/fr.ac6.mcu.externaltools.arm-none.macos64_1.17.0.201812190825/tools/compiler/bin/../lib/gcc/arm-none-eabi/7.3.1/thumb/v7e-m/fpv4-sp/hard/crti.o
LOAD /Applications/STM32CubeIDE.app/Contents/Eclipse/plugins/fr.ac6.mcu.externaltools.arm-none.macos64_1.17.0.201812190825/tools/compiler/bin/../lib/gcc/arm-none-eabi/7.3.1/thumb/v7e-m/fpv4-sp/hard/crtbegin.o
LOAD /Applications/STM32CubeIDE.app/Contents/Eclipse/plugins/fr.ac6.mcu.externaltools.arm-none.macos64_1.17.0.201812190825/tools/compiler/bin/../lib/gcc/arm-none-eabi/7.3.1/../../../../arm-none-eabi/lib/thumb/v7e-m/fpv4-sp/hard/crt0.o
LOAD DataLog/SW4STM32/startup_stm32l476xx.o
LOAD DataLog/User/cube_hal_l4.o
LOAD DataLog/User/datalog_application.o
LOAD DataLog/User/main.o
LOAD DataLog/User/stm32l4xx_hal_msp.o
LOAD DataLog/User/stm32l4xx_it.o
LOAD DataLog/User/syscalls.o
LOAD DataLog/User/usbd_cdc_interface.o
LOAD DataLog/User/usbd_conf.o
LOAD DataLog/User/usbd_desc.o
LOAD Drivers/BSP/Components/HTS221_Driver.o
LOAD Drivers/BSP/Components/HTS221_Driver_HL.o
LOAD Drivers/BSP/Components/LPS22HB_Driver.o
LOAD Drivers/BSP/Components/LPS22HB_Driver_HL.o
LOAD Drivers/BSP/Components/LSM303AGR_ACC_driver.o
LOAD Drivers/BSP/Components/LSM303AGR_ACC_driver_HL.o
LOAD Drivers/BSP/Components/LSM303AGR_MAG_driver.o
LOAD Drivers/BSP/Components/LSM303AGR_MAG_driver_HL.o
LOAD Drivers/BSP/Components/LSM6DSM_ACC_GYRO_driver.o
LOAD Drivers/BSP/Components/LSM6DSM_ACC_GYRO_driver_HL.o
LOAD Drivers/BSP/Components/STC3115_Driver.o
LOAD Drivers/BSP/SensorTile/SensorTile.o
LOAD Drivers/BSP/SensorTile/SensorTile_accelero.o
LOAD Drivers/BSP/SensorTile/SensorTile_gg.o
LOAD Drivers/BSP/SensorTile/SensorTile_gyro.o
LOAD Drivers/BSP/SensorTile/SensorTile_humidity.o
LOAD Drivers/BSP/SensorTile/SensorTile_magneto.o
LOAD Drivers/BSP/SensorTile/SensorTile_pressure.o
LOAD Drivers/BSP/SensorTile/SensorTile_sd.o
LOAD Drivers/BSP/SensorTile/SensorTile_temperature.o
LOAD Drivers/CMSIS/system_stm32l4xx.o
LOAD Drivers/STM32L4xx_HAL_Driver/stm32l4xx_hal.o
LOAD Drivers/STM32L4xx_HAL_Driver/stm32l4xx_hal_cortex.o
LOAD Drivers/STM32L4xx_HAL_Driver/stm32l4xx_hal_dma.o
LOAD Drivers/STM32L4xx_HAL_Driver/stm32l4xx_hal_gpio.o
LOAD Drivers/STM32L4xx_HAL_Driver/stm32l4xx_hal_i2c.o
LOAD Drivers/STM32L4xx_HAL_Driver/stm32l4xx_hal_i2c_ex.o
LOAD Drivers/STM32L4xx_HAL_Driver/stm32l4xx_hal_pcd.o
LOAD Drivers/STM32L4xx_HAL_Driver/stm32l4xx_hal_pcd_ex.o
LOAD Drivers/STM32L4xx_HAL_Driver/stm32l4xx_hal_pwr.o
LOAD Drivers/STM32L4xx_HAL_Driver/stm32l4xx_hal_pwr_ex.o
LOAD Drivers/STM32L4xx_HAL_Driver/stm32l4xx_hal_rcc.o
LOAD Drivers/STM32L4xx_HAL_Driver/stm32l4xx_hal_rcc_ex.o
LOAD Drivers/STM32L4xx_HAL_Driver/stm32l4xx_hal_rtc.o
LOAD Drivers/STM32L4xx_HAL_Driver/stm32l4xx_hal_rtc_ex.o
LOAD Drivers/STM32L4xx_HAL_Driver/stm32l4xx_hal_spi.o
LOAD Drivers/STM32L4xx_HAL_Driver/stm32l4xx_hal_spi_ex.o
LOAD Drivers/STM32L4xx_HAL_Driver/stm32l4xx_hal_tim.o
LOAD Drivers/STM32L4xx_HAL_Driver/stm32l4xx_hal_tim_ex.o
LOAD Drivers/STM32L4xx_HAL_Driver/stm32l4xx_ll_usb.o
LOAD Middlewares/FatFs/diskio.o
LOAD Middlewares/FatFs/ff.o
LOAD Middlewares/FatFs/ff_gen_drv.o
LOAD Middlewares/FatFs/sd_diskio.o
LOAD Middlewares/FatFs/syscall.o
LOAD Middlewares/FatFs/unicode.o
LOAD Middlewares/STM32_USBD_Library/Class/usbd_cdc.o
LOAD Middlewares/STM32_USBD_Library/Core/usbd_core.o
LOAD Middlewares/STM32_USBD_Library/Core/usbd_ctlreq.o
LOAD Middlewares/STM32_USBD_Library/Core/usbd_ioreq.o
LOAD /Applications/STM32CubeIDE.app/Contents/Eclipse/plugins/fr.ac6.mcu.externaltools.arm-none.macos64_1.17.0.201812190825/tools/compiler/bin/../lib/gcc/arm-none-eabi/7.3.1/../../../../arm-none-eabi/lib/thumb/v7e-m/fpv4-sp/hard/libm.a
START GROUP
LOAD /Applications/STM32CubeIDE.app/Contents/Eclipse/plugins/fr.ac6.mcu.externaltools.arm-none.macos64_1.17.0.201812190825/tools/compiler/bin/../lib/gcc/arm-none-eabi/7.3.1/thumb/v7e-m/fpv4-sp/hard/libgcc.a
LOAD /Applications/STM32CubeIDE.app/Contents/Eclipse/plugins/fr.ac6.mcu.externaltools.arm-none.macos64_1.17.0.201812190825/tools/compiler/bin/../lib/gcc/arm-none-eabi/7.3.1/../../../../arm-none-eabi/lib/thumb/v7e-m/fpv4-sp/hard/libc_nano.a
END GROUP
START GROUP
LOAD /Applications/STM32CubeIDE.app/Contents/Eclipse/plugins/fr.ac6.mcu.externaltools.arm-none.macos64_1.17.0.201812190825/tools/compiler/bin/../lib/gcc/arm-none-eabi/7.3.1/thumb/v7e-m/fpv4-sp/hard/libgcc.a
LOAD /Applications/STM32CubeIDE.app/Contents/Eclipse/plugins/fr.ac6.mcu.externaltools.arm-none.macos64_1.17.0.201812190825/tools/compiler/bin/../lib/gcc/arm-none-eabi/7.3.1/../../../../arm-none-eabi/lib/thumb/v7e-m/fpv4-sp/hard/libc_nano.a
END GROUP
LOAD /Applications/STM32CubeIDE.app/Contents/Eclipse/plugins/fr.ac6.mcu.externaltools.arm-none.macos64_1.17.0.201812190825/tools/compiler/bin/../lib/gcc/arm-none-eabi/7.3.1/thumb/v7e-m/fpv4-sp/hard/crtend.o
LOAD /Applications/STM32CubeIDE.app/Contents/Eclipse/plugins/fr.ac6.mcu.externaltools.arm-none.macos64_1.17.0.201812190825/tools/compiler/bin/../lib/gcc/arm-none-eabi/7.3.1/thumb/v7e-m/fpv4-sp/hard/crtn.o
                0x0000000020017fff                _estack = 0x20017fff
                0x0000000000002000                _Min_Heap_Size = 0x2000
                0x0000000000002000                _Min_Stack_Size = 0x2000

.isr_vector     0x0000000008004000      0x188
                0x0000000008004000                . = ALIGN (0x8)
 *(.isr_vector)
 .isr_vector    0x0000000008004000      0x188 DataLog/SW4STM32/startup_stm32l476xx.o
                0x0000000008004000                g_pfnVectors
                0x0000000008004188                . = ALIGN (0x8)

.text           0x0000000008004190    0x1b9f0
                0x0000000008004190                . = ALIGN (0x8)
 *(.text)
 .text          0x0000000008004190       0x40 /Applications/STM32CubeIDE.app/Contents/Eclipse/plugins/fr.ac6.mcu.externaltools.arm-none.macos64_1.17.0.201812190825/tools/compiler/bin/../lib/gcc/arm-none-eabi/7.3.1/thumb/v7e-m/fpv4-sp/hard/crtbegin.o
 .text          0x00000000080041d0      0x378 /Applications/STM32CubeIDE.app/Contents/Eclipse/plugins/fr.ac6.mcu.externaltools.arm-none.macos64_1.17.0.201812190825/tools/compiler/bin/../lib/gcc/arm-none-eabi/7.3.1/thumb/v7e-m/fpv4-sp/hard/libgcc.a(_arm_addsubdf3.o)
                0x00000000080041d0                __aeabi_drsub
                0x00000000080041d8                __subdf3
                0x00000000080041d8                __aeabi_dsub
                0x00000000080041dc                __aeabi_dadd
                0x00000000080041dc                __adddf3
                0x0000000008004454                __aeabi_ui2d
                0x0000000008004454                __floatunsidf
                0x0000000008004474                __floatsidf
                0x0000000008004474                __aeabi_i2d
                0x0000000008004498                __extendsfdf2
                0x0000000008004498                __aeabi_f2d
                0x00000000080044dc                __aeabi_ul2d
                0x00000000080044dc                __floatundidf
                0x00000000080044ec                __aeabi_l2d
                0x00000000080044ec                __floatdidf
 .text          0x0000000008004548      0x424 /Applications/STM32CubeIDE.app/Contents/Eclipse/plugins/fr.ac6.mcu.externaltools.arm-none.macos64_1.17.0.201812190825/tools/compiler/bin/../lib/gcc/arm-none-eabi/7.3.1/thumb/v7e-m/fpv4-sp/hard/libgcc.a(_arm_muldivdf3.o)
                0x0000000008004548                __aeabi_dmul
                0x0000000008004548                __muldf3
                0x000000000800479c                __aeabi_ddiv
                0x000000000800479c                __divdf3
 .text          0x000000000800496c      0x110 /Applications/STM32CubeIDE.app/Contents/Eclipse/plugins/fr.ac6.mcu.externaltools.arm-none.macos64_1.17.0.201812190825/tools/compiler/bin/../lib/gcc/arm-none-eabi/7.3.1/thumb/v7e-m/fpv4-sp/hard/libgcc.a(_arm_cmpdf2.o)
                0x000000000800496c                __gedf2
                0x000000000800496c                __gtdf2
                0x0000000008004974                __ledf2
                0x0000000008004974                __ltdf2
                0x000000000800497c                __cmpdf2
                0x000000000800497c                __eqdf2
                0x000000000800497c                __nedf2
                0x00000000080049f8                __aeabi_cdrcmple
                0x0000000008004a08                __aeabi_cdcmple
                0x0000000008004a08                __aeabi_cdcmpeq
                0x0000000008004a18                __aeabi_dcmpeq
                0x0000000008004a2c                __aeabi_dcmplt
                0x0000000008004a40                __aeabi_dcmple
                0x0000000008004a54                __aeabi_dcmpge
                0x0000000008004a68                __aeabi_dcmpgt
 .text          0x0000000008004a7c       0x2c /Applications/STM32CubeIDE.app/Contents/Eclipse/plugins/fr.ac6.mcu.externaltools.arm-none.macos64_1.17.0.201812190825/tools/compiler/bin/../lib/gcc/arm-none-eabi/7.3.1/thumb/v7e-m/fpv4-sp/hard/libgcc.a(_arm_unorddf2.o)
                0x0000000008004a7c                __aeabi_dcmpun
                0x0000000008004a7c                __unorddf2
 .text          0x0000000008004aa8       0x50 /Applications/STM32CubeIDE.app/Contents/Eclipse/plugins/fr.ac6.mcu.externaltools.arm-none.macos64_1.17.0.201812190825/tools/compiler/bin/../lib/gcc/arm-none-eabi/7.3.1/thumb/v7e-m/fpv4-sp/hard/libgcc.a(_arm_fixdfsi.o)
                0x0000000008004aa8                __fixdfsi
                0x0000000008004aa8                __aeabi_d2iz
 .text          0x0000000008004af8       0x40 /Applications/STM32CubeIDE.app/Contents/Eclipse/plugins/fr.ac6.mcu.externaltools.arm-none.macos64_1.17.0.201812190825/tools/compiler/bin/../lib/gcc/arm-none-eabi/7.3.1/thumb/v7e-m/fpv4-sp/hard/libgcc.a(_arm_fixunsdfsi.o)
                0x0000000008004af8                __fixunsdfsi
                0x0000000008004af8                __aeabi_d2uiz
 .text          0x0000000008004b38       0xa0 /Applications/STM32CubeIDE.app/Contents/Eclipse/plugins/fr.ac6.mcu.externaltools.arm-none.macos64_1.17.0.201812190825/tools/compiler/bin/../lib/gcc/arm-none-eabi/7.3.1/thumb/v7e-m/fpv4-sp/hard/libgcc.a(_arm_truncdfsf2.o)
                0x0000000008004b38                __aeabi_d2f
                0x0000000008004b38                __truncdfsf2
 .text          0x0000000008004bd8       0xa0 /Applications/STM32CubeIDE.app/Contents/Eclipse/plugins/fr.ac6.mcu.externaltools.arm-none.macos64_1.17.0.201812190825/tools/compiler/bin/../lib/gcc/arm-none-eabi/7.3.1/thumb/v7e-m/fpv4-sp/hard/libgcc.a(_aeabi_ldivmod.o)
                0x0000000008004bd8                __aeabi_ldivmod
 .text          0x0000000008004c78      0x2cc /Applications/STM32CubeIDE.app/Contents/Eclipse/plugins/fr.ac6.mcu.externaltools.arm-none.macos64_1.17.0.201812190825/tools/compiler/bin/../lib/gcc/arm-none-eabi/7.3.1/thumb/v7e-m/fpv4-sp/hard/libgcc.a(_udivmoddi4.o)
                0x0000000008004c78                __udivmoddi4
 .text          0x0000000008004f44        0x4 /Applications/STM32CubeIDE.app/Contents/Eclipse/plugins/fr.ac6.mcu.externaltools.arm-none.macos64_1.17.0.201812190825/tools/compiler/bin/../lib/gcc/arm-none-eabi/7.3.1/thumb/v7e-m/fpv4-sp/hard/libgcc.a(_dvmd_tls.o)
                0x0000000008004f44                __aeabi_ldiv0
                0x0000000008004f44                __aeabi_idiv0
 .text          0x0000000008004f48       0x10 /Applications/STM32CubeIDE.app/Contents/Eclipse/plugins/fr.ac6.mcu.externaltools.arm-none.macos64_1.17.0.201812190825/tools/compiler/bin/../lib/gcc/arm-none-eabi/7.3.1/../../../../arm-none-eabi/lib/thumb/v7e-m/fpv4-sp/hard/libc_nano.a(lib_a-strlen.o)
                0x0000000008004f48                strlen
 *fill*         0x0000000008004f58        0x8 
 .text          0x0000000008004f60       0xa0 /Applications/STM32CubeIDE.app/Contents/Eclipse/plugins/fr.ac6.mcu.externaltools.arm-none.macos64_1.17.0.201812190825/tools/compiler/bin/../lib/gcc/arm-none-eabi/7.3.1/../../../../arm-none-eabi/lib/thumb/v7e-m/fpv4-sp/hard/libc_nano.a(lib_a-memchr.o)
                0x0000000008004f60                memchr
 *(.text*)
 .text.Reset_Handler
                0x0000000008005000       0x50 DataLog/SW4STM32/startup_stm32l476xx.o
                0x0000000008005000                Reset_Handler
 .text.Default_Handler
                0x0000000008005050        0x2 DataLog/SW4STM32/startup_stm32l476xx.o
                0x0000000008005050                TIM1_BRK_TIM15_IRQHandler
                0x0000000008005050                TIM8_TRG_COM_IRQHandler
                0x0000000008005050                TIM8_CC_IRQHandler
                0x0000000008005050                TIM1_CC_IRQHandler
                0x0000000008005050                TSC_IRQHandler
                0x0000000008005050                TAMP_STAMP_IRQHandler
                0x0000000008005050                PendSV_Handler
                0x0000000008005050                EXTI3_IRQHandler
                0x0000000008005050                LPTIM2_IRQHandler
                0x0000000008005050                DFSDM1_FLT1_IRQHandler
                0x0000000008005050                I2C3_ER_IRQHandler
                0x0000000008005050                DFSDM1_FLT2_IRQHandler
                0x0000000008005050                EXTI0_IRQHandler
                0x0000000008005050                I2C2_EV_IRQHandler
                0x0000000008005050                CAN1_RX0_IRQHandler
                0x0000000008005050                FPU_IRQHandler
                0x0000000008005050                TIM1_UP_TIM16_IRQHandler
                0x0000000008005050                UsageFault_Handler
                0x0000000008005050                ADC1_2_IRQHandler
                0x0000000008005050                SPI1_IRQHandler
                0x0000000008005050                TIM6_DAC_IRQHandler
                0x0000000008005050                TIM8_UP_IRQHandler
                0x0000000008005050                DMA2_Channel2_IRQHandler
                0x0000000008005050                DMA1_Channel4_IRQHandler
                0x0000000008005050                SAI2_IRQHandler
                0x0000000008005050                DFSDM1_FLT3_IRQHandler
                0x0000000008005050                USART3_IRQHandler
                0x0000000008005050                DMA1_Channel7_IRQHandler
                0x0000000008005050                CAN1_RX1_IRQHandler
                0x0000000008005050                LCD_IRQHandler
                0x0000000008005050                UART5_IRQHandler
                0x0000000008005050                ADC3_IRQHandler
                0x0000000008005050                TIM4_IRQHandler
                0x0000000008005050                DMA2_Channel1_IRQHandler
                0x0000000008005050                QUADSPI_IRQHandler
                0x0000000008005050                I2C1_EV_IRQHandler
                0x0000000008005050                DMA1_Channel6_IRQHandler
                0x0000000008005050                UART4_IRQHandler
                0x0000000008005050                DMA2_Channel4_IRQHandler
                0x0000000008005050                RCC_IRQHandler
                0x0000000008005050                DMA1_Channel1_IRQHandler
                0x0000000008005050                Default_Handler
                0x0000000008005050                DMA2_Channel7_IRQHandler
                0x0000000008005050                EXTI15_10_IRQHandler
                0x0000000008005050                TIM7_IRQHandler
                0x0000000008005050                SDMMC1_IRQHandler
                0x0000000008005050                TIM5_IRQHandler
                0x0000000008005050                I2C3_EV_IRQHandler
                0x0000000008005050                EXTI9_5_IRQHandler
                0x0000000008005050                RTC_WKUP_IRQHandler
                0x0000000008005050                PVD_PVM_IRQHandler
                0x0000000008005050                SPI2_IRQHandler
                0x0000000008005050                MemManage_Handler
                0x0000000008005050                CAN1_TX_IRQHandler
                0x0000000008005050                SVC_Handler
                0x0000000008005050                DMA2_Channel5_IRQHandler
                0x0000000008005050                DMA1_Channel5_IRQHandler
                0x0000000008005050                EXTI4_IRQHandler
                0x0000000008005050                RNG_IRQHandler
                0x0000000008005050                TIM1_TRG_COM_TIM17_IRQHandler
                0x0000000008005050                DMA1_Channel3_IRQHandler
                0x0000000008005050                COMP_IRQHandler
                0x0000000008005050                WWDG_IRQHandler
                0x0000000008005050                LPUART1_IRQHandler
                0x0000000008005050                DMA2_Channel6_IRQHandler
                0x0000000008005050                TIM2_IRQHandler
                0x0000000008005050                EXTI1_IRQHandler
                0x0000000008005050                USART2_IRQHandler
                0x0000000008005050                DFSDM1_FLT0_IRQHandler
                0x0000000008005050                I2C2_ER_IRQHandler
                0x0000000008005050                DMA1_Channel2_IRQHandler
                0x0000000008005050                TIM8_BRK_IRQHandler
                0x0000000008005050                CAN1_SCE_IRQHandler
                0x0000000008005050                FLASH_IRQHandler
                0x0000000008005050                BusFault_Handler
                0x0000000008005050                USART1_IRQHandler
                0x0000000008005050                SPI3_IRQHandler
                0x0000000008005050                I2C1_ER_IRQHandler
                0x0000000008005050                FMC_IRQHandler
                0x0000000008005050                SWPMI1_IRQHandler
                0x0000000008005050                LPTIM1_IRQHandler
                0x0000000008005050                SAI1_IRQHandler
                0x0000000008005050                DMA2_Channel3_IRQHandler
                0x0000000008005050                RTC_Alarm_IRQHandler
 *fill*         0x0000000008005052        0x2 
 .text.SystemClock_Config
                0x0000000008005054      0x144 DataLog/User/cube_hal_l4.o
                0x0000000008005054                SystemClock_Config
 .text.Error_Handler
                0x0000000008005198        0x6 DataLog/User/cube_hal_l4.o
 *fill*         0x000000000800519e        0x2 
 .text.DATALOG_SD_Init
                0x00000000080051a0       0x54 DataLog/User/datalog_application.o
                0x00000000080051a0                DATALOG_SD_Init
 .text.DATALOG_SD_Log_Enable
                0x00000000080051f4       0xa0 DataLog/User/datalog_application.o
                0x00000000080051f4                DATALOG_SD_Log_Enable
 .text.DATALOG_SD_Log_Disable
                0x0000000008005294       0x18 DataLog/User/datalog_application.o
                0x0000000008005294                DATALOG_SD_Log_Disable
 .text.DATALOG_SD_NewLine
                0x00000000080052ac       0x24 DataLog/User/datalog_application.o
                0x00000000080052ac                DATALOG_SD_NewLine
 .text.RTC_Handler
                0x00000000080052d0       0xec DataLog/User/datalog_application.o
                0x00000000080052d0                RTC_Handler
 .text.Accelero_Sensor_Handler
                0x00000000080053bc      0x46c DataLog/User/datalog_application.o
                0x00000000080053bc                Accelero_Sensor_Handler
 .text.Gyro_Sensor_Handler
                0x0000000008005828      0x260 DataLog/User/datalog_application.o
                0x0000000008005828                Gyro_Sensor_Handler
 .text.Humidity_Sensor_Handler
                0x0000000008005a88      0x19c DataLog/User/datalog_application.o
                0x0000000008005a88                Humidity_Sensor_Handler
 .text.Temperature_Sensor_Handler
                0x0000000008005c24      0x19c DataLog/User/datalog_application.o
                0x0000000008005c24                Temperature_Sensor_Handler
 .text.Gas_Gauge_Handler
                0x0000000008005dc0       0xdc DataLog/User/datalog_application.o
                0x0000000008005dc0                Gas_Gauge_Handler
 *fill*         0x0000000008005e9c        0x4 
 .text.floatToInt
                0x0000000008005ea0       0xc8 DataLog/User/datalog_application.o
                0x0000000008005ea0                floatToInt
 .text.main     0x0000000008005f68      0x1d4 DataLog/User/main.o
                0x0000000008005f68                main
 .text.initializeAllSensors
                0x000000000800613c       0xf4 DataLog/User/main.o
 .text.enableAllSensors
                0x0000000008006230       0x88 DataLog/User/main.o
                0x0000000008006230                enableAllSensors
 .text.RTC_Config
                0x00000000080062b8       0x4c DataLog/User/main.o
 .text.RTC_TimeStampConfig
                0x0000000008006304       0x68 DataLog/User/main.o
 .text.HAL_GPIO_EXTI_Callback
                0x000000000800636c       0x20 DataLog/User/main.o
                0x000000000800636c                HAL_GPIO_EXTI_Callback
 .text.Error_Handler
                0x000000000800638c        0x6 DataLog/User/main.o
 *fill*         0x0000000008006392        0x2 
 .text.HAL_RTC_MspInit
                0x0000000008006394       0x34 DataLog/User/stm32l4xx_hal_msp.o
                0x0000000008006394                HAL_RTC_MspInit
 .text.NMI_Handler
                0x00000000080063c8        0xe DataLog/User/stm32l4xx_it.o
                0x00000000080063c8                NMI_Handler
 .text.HardFault_Handler
                0x00000000080063d6        0x6 DataLog/User/stm32l4xx_it.o
                0x00000000080063d6                HardFault_Handler
 .text.DebugMon_Handler
                0x00000000080063dc        0xe DataLog/User/stm32l4xx_it.o
                0x00000000080063dc                DebugMon_Handler
 .text.SysTick_Handler
                0x00000000080063ea        0xc DataLog/User/stm32l4xx_it.o
                0x00000000080063ea                SysTick_Handler
 *fill*         0x00000000080063f6        0x2 
 .text.OTG_FS_IRQHandler
                0x00000000080063f8       0x14 DataLog/User/stm32l4xx_it.o
                0x00000000080063f8                OTG_FS_IRQHandler
 .text.TIM3_IRQHandler
                0x000000000800640c       0x14 DataLog/User/stm32l4xx_it.o
                0x000000000800640c                TIM3_IRQHandler
 .text.EXTI2_IRQHandler
                0x0000000008006420        0xe DataLog/User/stm32l4xx_it.o
                0x0000000008006420                EXTI2_IRQHandler
 *fill*         0x000000000800642e        0x2 
 .text._sbrk    0x0000000008006430       0x58 DataLog/User/syscalls.o
                0x0000000008006430                _sbrk
 .text._write   0x0000000008006488       0x38 DataLog/User/syscalls.o
                0x0000000008006488                _write
 .text._close   0x00000000080064c0       0x18 DataLog/User/syscalls.o
                0x00000000080064c0                _close
 .text._fstat   0x00000000080064d8       0x20 DataLog/User/syscalls.o
                0x00000000080064d8                _fstat
 .text._isatty  0x00000000080064f8       0x16 DataLog/User/syscalls.o
                0x00000000080064f8                _isatty
 .text._lseek   0x000000000800650e       0x1a DataLog/User/syscalls.o
                0x000000000800650e                _lseek
 .text._read    0x0000000008006528       0x22 DataLog/User/syscalls.o
                0x0000000008006528                _read
 *fill*         0x000000000800654a        0x2 
 .text.CDC_Itf_Init
                0x000000000800654c       0x74 DataLog/User/usbd_cdc_interface.o
 .text.CDC_Itf_DeInit
                0x00000000080065c0       0x10 DataLog/User/usbd_cdc_interface.o
 .text.CDC_Itf_Control
                0x00000000080065d0      0x15c DataLog/User/usbd_cdc_interface.o
 .text.CDC_Fill_Buffer
                0x000000000800672c       0x54 DataLog/User/usbd_cdc_interface.o
                0x000000000800672c                CDC_Fill_Buffer
 .text.HAL_TIM_PeriodElapsedCallback
                0x0000000008006780       0x90 DataLog/User/usbd_cdc_interface.o
                0x0000000008006780                HAL_TIM_PeriodElapsedCallback
 .text.CDC_Itf_Receive
                0x0000000008006810       0x18 DataLog/User/usbd_cdc_interface.o
 .text.TIM_Config
                0x0000000008006828       0x40 DataLog/User/usbd_cdc_interface.o
 .text.Error_Handler
                0x0000000008006868        0xe DataLog/User/usbd_cdc_interface.o
 *fill*         0x0000000008006876        0x2 
 .text.HAL_PCD_MspInit
                0x0000000008006878       0x78 DataLog/User/usbd_conf.o
                0x0000000008006878                HAL_PCD_MspInit
 .text.HAL_PCD_SetupStageCallback
                0x00000000080068f0       0x24 DataLog/User/usbd_conf.o
                0x00000000080068f0                HAL_PCD_SetupStageCallback
 .text.HAL_PCD_DataOutStageCallback
                0x0000000008006914       0x36 DataLog/User/usbd_conf.o
                0x0000000008006914                HAL_PCD_DataOutStageCallback
 .text.HAL_PCD_DataInStageCallback
                0x000000000800694a       0x34 DataLog/User/usbd_conf.o
                0x000000000800694a                HAL_PCD_DataInStageCallback
 .text.HAL_PCD_SOFCallback
                0x000000000800697e       0x1c DataLog/User/usbd_conf.o
                0x000000000800697e                HAL_PCD_SOFCallback
 .text.HAL_PCD_ResetCallback
                0x000000000800699a       0x2a DataLog/User/usbd_conf.o
                0x000000000800699a                HAL_PCD_ResetCallback
 .text.HAL_PCD_SuspendCallback
                0x00000000080069c4       0x1c DataLog/User/usbd_conf.o
                0x00000000080069c4                HAL_PCD_SuspendCallback
 .text.HAL_PCD_ResumeCallback
                0x00000000080069e0       0x1c DataLog/User/usbd_conf.o
                0x00000000080069e0                HAL_PCD_ResumeCallback
 .text.HAL_PCD_ISOOUTIncompleteCallback
                0x00000000080069fc       0x24 DataLog/User/usbd_conf.o
                0x00000000080069fc                HAL_PCD_ISOOUTIncompleteCallback
 .text.HAL_PCD_ISOINIncompleteCallback
                0x0000000008006a20       0x24 DataLog/User/usbd_conf.o
                0x0000000008006a20                HAL_PCD_ISOINIncompleteCallback
 .text.HAL_PCD_ConnectCallback
                0x0000000008006a44       0x1c DataLog/User/usbd_conf.o
                0x0000000008006a44                HAL_PCD_ConnectCallback
 .text.HAL_PCD_DisconnectCallback
                0x0000000008006a60       0x1c DataLog/User/usbd_conf.o
                0x0000000008006a60                HAL_PCD_DisconnectCallback
 .text.USBD_LL_Init
                0x0000000008006a7c       0x94 DataLog/User/usbd_conf.o
                0x0000000008006a7c                USBD_LL_Init
 .text.USBD_LL_Start
                0x0000000008006b10       0x1e DataLog/User/usbd_conf.o
                0x0000000008006b10                USBD_LL_Start
 .text.USBD_LL_OpenEP
                0x0000000008006b2e       0x34 DataLog/User/usbd_conf.o
                0x0000000008006b2e                USBD_LL_OpenEP
 .text.USBD_LL_CloseEP
                0x0000000008006b62       0x26 DataLog/User/usbd_conf.o
                0x0000000008006b62                USBD_LL_CloseEP
 .text.USBD_LL_StallEP
                0x0000000008006b88       0x26 DataLog/User/usbd_conf.o
                0x0000000008006b88                USBD_LL_StallEP
 .text.USBD_LL_ClearStallEP
                0x0000000008006bae       0x26 DataLog/User/usbd_conf.o
                0x0000000008006bae                USBD_LL_ClearStallEP
 .text.USBD_LL_IsStallEP
                0x0000000008006bd4       0x58 DataLog/User/usbd_conf.o
                0x0000000008006bd4                USBD_LL_IsStallEP
 .text.USBD_LL_SetUSBAddress
                0x0000000008006c2c       0x26 DataLog/User/usbd_conf.o
                0x0000000008006c2c                USBD_LL_SetUSBAddress
 .text.USBD_LL_Transmit
                0x0000000008006c52       0x2e DataLog/User/usbd_conf.o
                0x0000000008006c52                USBD_LL_Transmit
 .text.USBD_LL_PrepareReceive
                0x0000000008006c80       0x2e DataLog/User/usbd_conf.o
                0x0000000008006c80                USBD_LL_PrepareReceive
 .text.USBD_LL_GetRxDataSize
                0x0000000008006cae       0x26 DataLog/User/usbd_conf.o
                0x0000000008006cae                USBD_LL_GetRxDataSize
 .text.USBD_VCP_DeviceDescriptor
                0x0000000008006cd4       0x24 DataLog/User/usbd_desc.o
                0x0000000008006cd4                USBD_VCP_DeviceDescriptor
 .text.USBD_VCP_LangIDStrDescriptor
                0x0000000008006cf8       0x24 DataLog/User/usbd_desc.o
                0x0000000008006cf8                USBD_VCP_LangIDStrDescriptor
 .text.USBD_VCP_ProductStrDescriptor
                0x0000000008006d1c       0x28 DataLog/User/usbd_desc.o
                0x0000000008006d1c                USBD_VCP_ProductStrDescriptor
 .text.USBD_VCP_ManufacturerStrDescriptor
                0x0000000008006d44       0x28 DataLog/User/usbd_desc.o
                0x0000000008006d44                USBD_VCP_ManufacturerStrDescriptor
 .text.USBD_VCP_SerialStrDescriptor
                0x0000000008006d6c       0x24 DataLog/User/usbd_desc.o
                0x0000000008006d6c                USBD_VCP_SerialStrDescriptor
 .text.USBD_VCP_ConfigStrDescriptor
                0x0000000008006d90       0x28 DataLog/User/usbd_desc.o
                0x0000000008006d90                USBD_VCP_ConfigStrDescriptor
 .text.USBD_VCP_InterfaceStrDescriptor
                0x0000000008006db8       0x28 DataLog/User/usbd_desc.o
                0x0000000008006db8                USBD_VCP_InterfaceStrDescriptor
 .text.Get_SerialNum
                0x0000000008006de0       0x58 DataLog/User/usbd_desc.o
 .text.IntToUnicode
                0x0000000008006e38       0x7c DataLog/User/usbd_desc.o
 .text.HTS221_ReadReg
                0x0000000008006eb4       0x32 Drivers/BSP/Components/HTS221_Driver.o
                0x0000000008006eb4                HTS221_ReadReg
 .text.HTS221_WriteReg
                0x0000000008006ee6       0x32 Drivers/BSP/Components/HTS221_Driver.o
                0x0000000008006ee6                HTS221_WriteReg
 .text.HTS221_Get_DeviceID
                0x0000000008006f18       0x2a Drivers/BSP/Components/HTS221_Driver.o
                0x0000000008006f18                HTS221_Get_DeviceID
 *fill*         0x0000000008006f42        0x2 
 .text.HTS221_Get_Humidity
                0x0000000008006f44      0x150 Drivers/BSP/Components/HTS221_Driver.o
                0x0000000008006f44                HTS221_Get_Humidity
 .text.HTS221_Get_Temperature
                0x0000000008007094      0x14a Drivers/BSP/Components/HTS221_Driver.o
                0x0000000008007094                HTS221_Get_Temperature
 .text.HTS221_Get_DataStatus
                0x00000000080071de       0x48 Drivers/BSP/Components/HTS221_Driver.o
                0x00000000080071de                HTS221_Get_DataStatus
 .text.HTS221_Activate
                0x0000000008007226       0x4c Drivers/BSP/Components/HTS221_Driver.o
                0x0000000008007226                HTS221_Activate
 .text.HTS221_DeActivate
                0x0000000008007272       0x4c Drivers/BSP/Components/HTS221_Driver.o
                0x0000000008007272                HTS221_DeActivate
 *fill*         0x00000000080072be        0x2 
 .text.HTS221_Set_BduMode
                0x00000000080072c0       0x7c Drivers/BSP/Components/HTS221_Driver.o
                0x00000000080072c0                HTS221_Set_BduMode
 .text.HTS221_Set_Odr
                0x000000000800733c       0x80 Drivers/BSP/Components/HTS221_Driver.o
                0x000000000800733c                HTS221_Set_Odr
 .text.HTS221_Get_Odr
                0x00000000080073bc       0x3c Drivers/BSP/Components/HTS221_Driver.o
                0x00000000080073bc                HTS221_Get_Odr
 .text.HTS221_assert_failed
                0x00000000080073f8       0x1c Drivers/BSP/Components/HTS221_Driver.o
                0x00000000080073f8                HTS221_assert_failed
 .text.HTS221_H_Init
                0x0000000008007414       0x42 Drivers/BSP/Components/HTS221_Driver_HL.o
 .text.HTS221_H_DeInit
                0x0000000008007456       0x42 Drivers/BSP/Components/HTS221_Driver_HL.o
 .text.HTS221_H_Sensor_Enable
                0x0000000008007498       0x4e Drivers/BSP/Components/HTS221_Driver_HL.o
 .text.HTS221_H_Sensor_Disable
                0x00000000080074e6       0x4e Drivers/BSP/Components/HTS221_Driver_HL.o
 .text.HTS221_H_Get_WhoAmI
                0x0000000008007534       0x1c Drivers/BSP/Components/HTS221_Driver_HL.o
 .text.HTS221_H_Check_WhoAmI
                0x0000000008007550       0x18 Drivers/BSP/Components/HTS221_Driver_HL.o
 .text.HTS221_H_Get_Hum
                0x0000000008007568       0x1c Drivers/BSP/Components/HTS221_Driver_HL.o
 .text.HTS221_H_Get_ODR
                0x0000000008007584       0x1c Drivers/BSP/Components/HTS221_Driver_HL.o
 .text.HTS221_H_Set_ODR
                0x00000000080075a0       0x20 Drivers/BSP/Components/HTS221_Driver_HL.o
 .text.HTS221_H_Set_ODR_Value
                0x00000000080075c0       0x20 Drivers/BSP/Components/HTS221_Driver_HL.o
 .text.HTS221_H_Read_Reg
                0x00000000080075e0       0x2e Drivers/BSP/Components/HTS221_Driver_HL.o
 .text.HTS221_H_Write_Reg
                0x000000000800760e       0x30 Drivers/BSP/Components/HTS221_Driver_HL.o
 .text.HTS221_H_Get_DRDY_Status
                0x000000000800763e       0x4c Drivers/BSP/Components/HTS221_Driver_HL.o
 .text.HTS221_T_Init
                0x000000000800768a       0x42 Drivers/BSP/Components/HTS221_Driver_HL.o
 .text.HTS221_T_DeInit
                0x00000000080076cc       0x42 Drivers/BSP/Components/HTS221_Driver_HL.o
 .text.HTS221_T_Sensor_Enable
                0x000000000800770e       0x4e Drivers/BSP/Components/HTS221_Driver_HL.o
 .text.HTS221_T_Sensor_Disable
                0x000000000800775c       0x4e Drivers/BSP/Components/HTS221_Driver_HL.o
 .text.HTS221_T_Get_WhoAmI
                0x00000000080077aa       0x1c Drivers/BSP/Components/HTS221_Driver_HL.o
 .text.HTS221_T_Check_WhoAmI
                0x00000000080077c6       0x18 Drivers/BSP/Components/HTS221_Driver_HL.o
 .text.HTS221_T_Get_Temp
                0x00000000080077de       0x1c Drivers/BSP/Components/HTS221_Driver_HL.o
 .text.HTS221_T_Get_ODR
                0x00000000080077fa       0x1c Drivers/BSP/Components/HTS221_Driver_HL.o
 .text.HTS221_T_Set_ODR
                0x0000000008007816       0x20 Drivers/BSP/Components/HTS221_Driver_HL.o
 .text.HTS221_T_Set_ODR_Value
                0x0000000008007836       0x20 Drivers/BSP/Components/HTS221_Driver_HL.o
 .text.HTS221_T_Read_Reg
                0x0000000008007856       0x2e Drivers/BSP/Components/HTS221_Driver_HL.o
 .text.HTS221_T_Write_Reg
                0x0000000008007884       0x30 Drivers/BSP/Components/HTS221_Driver_HL.o
 .text.HTS221_T_Get_DRDY_Status
                0x00000000080078b4       0x4c Drivers/BSP/Components/HTS221_Driver_HL.o
 .text.HTS221_Init
                0x0000000008007900       0x56 Drivers/BSP/Components/HTS221_Driver_HL.o
 .text.HTS221_Sensor_Enable
                0x0000000008007956       0x22 Drivers/BSP/Components/HTS221_Driver_HL.o
 .text.HTS221_Sensor_Disable
                0x0000000008007978       0x22 Drivers/BSP/Components/HTS221_Driver_HL.o
 .text.HTS221_Get_WhoAmI
                0x000000000800799a       0x26 Drivers/BSP/Components/HTS221_Driver_HL.o
 .text.HTS221_Check_WhoAmI
                0x00000000080079c0       0x3a Drivers/BSP/Components/HTS221_Driver_HL.o
 .text.HTS221_Get_Hum
                0x00000000080079fa       0x46 Drivers/BSP/Components/HTS221_Driver_HL.o
 .text.HTS221_Get_Temp
                0x0000000008007a40       0x48 Drivers/BSP/Components/HTS221_Driver_HL.o
 .text.HTS221_Get_ODR
                0x0000000008007a88       0x80 Drivers/BSP/Components/HTS221_Driver_HL.o
 .text.HTS221_Set_ODR
                0x0000000008007b08       0x6c Drivers/BSP/Components/HTS221_Driver_HL.o
 .text.HTS221_Set_ODR_Value
                0x0000000008007b74       0x5a Drivers/BSP/Components/HTS221_Driver_HL.o
 .text.HTS221_Read_Reg
                0x0000000008007bce       0x2e Drivers/BSP/Components/HTS221_Driver_HL.o
 .text.HTS221_Write_Reg
                0x0000000008007bfc       0x30 Drivers/BSP/Components/HTS221_Driver_HL.o
 .text.LPS22HB_ReadReg
                0x0000000008007c2c       0x32 Drivers/BSP/Components/LPS22HB_Driver.o
                0x0000000008007c2c                LPS22HB_ReadReg
 .text.LPS22HB_WriteReg
                0x0000000008007c5e       0x32 Drivers/BSP/Components/LPS22HB_Driver.o
                0x0000000008007c5e                LPS22HB_WriteReg
 .text.LPS22HB_Get_DeviceID
                0x0000000008007c90       0x2a Drivers/BSP/Components/LPS22HB_Driver.o
                0x0000000008007c90                LPS22HB_Get_DeviceID
 .text.LPS22HB_Set_PowerMode
                0x0000000008007cba       0x5a Drivers/BSP/Components/LPS22HB_Driver.o
                0x0000000008007cba                LPS22HB_Set_PowerMode
 .text.LPS22HB_Set_Odr
                0x0000000008007d14       0x5a Drivers/BSP/Components/LPS22HB_Driver.o
                0x0000000008007d14                LPS22HB_Set_Odr
 .text.LPS22HB_Get_Odr
                0x0000000008007d6e       0x38 Drivers/BSP/Components/LPS22HB_Driver.o
                0x0000000008007d6e                LPS22HB_Get_Odr
 .text.LPS22HB_Set_LowPassFilter
                0x0000000008007da6       0x62 Drivers/BSP/Components/LPS22HB_Driver.o
                0x0000000008007da6                LPS22HB_Set_LowPassFilter
 .text.LPS22HB_Set_LowPassFilterCutoff
                0x0000000008007e08       0x5a Drivers/BSP/Components/LPS22HB_Driver.o
                0x0000000008007e08                LPS22HB_Set_LowPassFilterCutoff
 .text.LPS22HB_Set_Bdu
                0x0000000008007e62       0x5a Drivers/BSP/Components/LPS22HB_Driver.o
                0x0000000008007e62                LPS22HB_Set_Bdu
 .text.LPS22HB_SwResetAndMemoryBoot
                0x0000000008007ebc       0x4c Drivers/BSP/Components/LPS22HB_Driver.o
                0x0000000008007ebc                LPS22HB_SwResetAndMemoryBoot
 .text.LPS22HB_Set_FifoModeUse
                0x0000000008007f08       0x62 Drivers/BSP/Components/LPS22HB_Driver.o
                0x0000000008007f08                LPS22HB_Set_FifoModeUse
 .text.LPS22HB_Set_FifoWatermarkLevelUse
                0x0000000008007f6a       0x62 Drivers/BSP/Components/LPS22HB_Driver.o
                0x0000000008007f6a                LPS22HB_Set_FifoWatermarkLevelUse
 .text.LPS22HB_Set_AutomaticIncrementRegAddress
                0x0000000008007fcc       0x62 Drivers/BSP/Components/LPS22HB_Driver.o
                0x0000000008007fcc                LPS22HB_Set_AutomaticIncrementRegAddress
 .text.LPS22HB_Set_I2C
                0x000000000800802e       0x66 Drivers/BSP/Components/LPS22HB_Driver.o
                0x000000000800802e                LPS22HB_Set_I2C
 .text.LPS22HB_Set_FIFO_OVR_Interrupt
                0x0000000008008094       0x62 Drivers/BSP/Components/LPS22HB_Driver.o
                0x0000000008008094                LPS22HB_Set_FIFO_OVR_Interrupt
 .text.LPS22HB_Set_FIFO_FTH_Interrupt
                0x00000000080080f6       0x62 Drivers/BSP/Components/LPS22HB_Driver.o
                0x00000000080080f6                LPS22HB_Set_FIFO_FTH_Interrupt
 .text.LPS22HB_Set_FIFO_FULL_Interrupt
                0x0000000008008158       0x62 Drivers/BSP/Components/LPS22HB_Driver.o
                0x0000000008008158                LPS22HB_Set_FIFO_FULL_Interrupt
 .text.LPS22HB_Get_DataStatus
                0x00000000080081ba       0x64 Drivers/BSP/Components/LPS22HB_Driver.o
                0x00000000080081ba                LPS22HB_Get_DataStatus
 .text.LPS22HB_Get_RawPressure
                0x000000000800821e       0x76 Drivers/BSP/Components/LPS22HB_Driver.o
                0x000000000800821e                LPS22HB_Get_RawPressure
 .text.LPS22HB_Get_Pressure
                0x0000000008008294       0x42 Drivers/BSP/Components/LPS22HB_Driver.o
                0x0000000008008294                LPS22HB_Get_Pressure
 .text.LPS22HB_Get_RawTemperature
                0x00000000080082d6       0x44 Drivers/BSP/Components/LPS22HB_Driver.o
                0x00000000080082d6                LPS22HB_Get_RawTemperature
 *fill*         0x000000000800831a        0x2 
 .text.LPS22HB_Get_Temperature
                0x000000000800831c       0x50 Drivers/BSP/Components/LPS22HB_Driver.o
                0x000000000800831c                LPS22HB_Get_Temperature
 .text.LPS22HB_Set_FifoMode
                0x000000000800836c       0x5a Drivers/BSP/Components/LPS22HB_Driver.o
                0x000000000800836c                LPS22HB_Set_FifoMode
 .text.LPS22HB_Get_FifoMode
                0x00000000080083c6       0x3c Drivers/BSP/Components/LPS22HB_Driver.o
                0x00000000080083c6                LPS22HB_Get_FifoMode
 .text.LPS22HB_Set_FifoWatermarkLevel
                0x0000000008008402       0x5a Drivers/BSP/Components/LPS22HB_Driver.o
                0x0000000008008402                LPS22HB_Set_FifoWatermarkLevel
 .text.LPS22HB_Get_FifoWatermarkLevel
                0x000000000800845c       0x38 Drivers/BSP/Components/LPS22HB_Driver.o
                0x000000000800845c                LPS22HB_Get_FifoWatermarkLevel
 .text.LPS22HB_Get_FifoStatus
                0x0000000008008494       0x7e Drivers/BSP/Components/LPS22HB_Driver.o
                0x0000000008008494                LPS22HB_Get_FifoStatus
 .text.LPS22HB_P_Init
                0x0000000008008512       0x42 Drivers/BSP/Components/LPS22HB_Driver_HL.o
 .text.LPS22HB_P_DeInit
                0x0000000008008554       0x40 Drivers/BSP/Components/LPS22HB_Driver_HL.o
 .text.LPS22HB_P_Sensor_Enable
                0x0000000008008594       0x50 Drivers/BSP/Components/LPS22HB_Driver_HL.o
 .text.LPS22HB_P_Sensor_Disable
                0x00000000080085e4       0x4e Drivers/BSP/Components/LPS22HB_Driver_HL.o
 .text.LPS22HB_P_Get_WhoAmI
                0x0000000008008632       0x1c Drivers/BSP/Components/LPS22HB_Driver_HL.o
 .text.LPS22HB_P_Check_WhoAmI
                0x000000000800864e       0x18 Drivers/BSP/Components/LPS22HB_Driver_HL.o
 .text.LPS22HB_P_Get_Press
                0x0000000008008666       0x1c Drivers/BSP/Components/LPS22HB_Driver_HL.o
 .text.LPS22HB_P_Get_ODR
                0x0000000008008682       0x1c Drivers/BSP/Components/LPS22HB_Driver_HL.o
 .text.LPS22HB_P_Set_ODR
                0x000000000800869e       0x54 Drivers/BSP/Components/LPS22HB_Driver_HL.o
 .text.LPS22HB_P_Set_ODR_Value
                0x00000000080086f2       0x54 Drivers/BSP/Components/LPS22HB_Driver_HL.o
 .text.LPS22HB_P_Read_Reg
                0x0000000008008746       0x2e Drivers/BSP/Components/LPS22HB_Driver_HL.o
 .text.LPS22HB_P_Write_Reg
                0x0000000008008774       0x30 Drivers/BSP/Components/LPS22HB_Driver_HL.o
 .text.LPS22HB_P_Get_DRDY_Status
                0x00000000080087a4       0x30 Drivers/BSP/Components/LPS22HB_Driver_HL.o
 .text.LPS22HB_T_Init
                0x00000000080087d4       0x42 Drivers/BSP/Components/LPS22HB_Driver_HL.o
 .text.LPS22HB_T_DeInit
                0x0000000008008816       0x40 Drivers/BSP/Components/LPS22HB_Driver_HL.o
 .text.LPS22HB_T_Sensor_Enable
                0x0000000008008856       0x50 Drivers/BSP/Components/LPS22HB_Driver_HL.o
 .text.LPS22HB_T_Sensor_Disable
                0x00000000080088a6       0x4e Drivers/BSP/Components/LPS22HB_Driver_HL.o
 .text.LPS22HB_T_Get_WhoAmI
                0x00000000080088f4       0x1c Drivers/BSP/Components/LPS22HB_Driver_HL.o
 .text.LPS22HB_T_Check_WhoAmI
                0x0000000008008910       0x18 Drivers/BSP/Components/LPS22HB_Driver_HL.o
 .text.LPS22HB_T_Get_Temp
                0x0000000008008928       0x1c Drivers/BSP/Components/LPS22HB_Driver_HL.o
 .text.LPS22HB_T_Get_ODR
                0x0000000008008944       0x1c Drivers/BSP/Components/LPS22HB_Driver_HL.o
 .text.LPS22HB_T_Set_ODR
                0x0000000008008960       0x54 Drivers/BSP/Components/LPS22HB_Driver_HL.o
 .text.LPS22HB_T_Set_ODR_Value
                0x00000000080089b4       0x54 Drivers/BSP/Components/LPS22HB_Driver_HL.o
 .text.LPS22HB_T_Read_Reg
                0x0000000008008a08       0x2e Drivers/BSP/Components/LPS22HB_Driver_HL.o
 .text.LPS22HB_T_Write_Reg
                0x0000000008008a36       0x30 Drivers/BSP/Components/LPS22HB_Driver_HL.o
 .text.LPS22HB_T_Get_DRDY_Status
                0x0000000008008a66       0x30 Drivers/BSP/Components/LPS22HB_Driver_HL.o
 *fill*         0x0000000008008a96        0x2 
 .text.LPS22HB_Initialize
                0x0000000008008a98       0xbc Drivers/BSP/Components/LPS22HB_Driver_HL.o
 .text.LPS22HB_Get_WhoAmI
                0x0000000008008b54       0x26 Drivers/BSP/Components/LPS22HB_Driver_HL.o
 .text.LPS22HB_Check_WhoAmI
                0x0000000008008b7a       0x3a Drivers/BSP/Components/LPS22HB_Driver_HL.o
 .text.LPS22HB_Get_Press
                0x0000000008008bb4       0x4c Drivers/BSP/Components/LPS22HB_Driver_HL.o
 .text.LPS22HB_Get_Temp
                0x0000000008008c00       0x48 Drivers/BSP/Components/LPS22HB_Driver_HL.o
 .text.LPS22HB_Get_ODR
                0x0000000008008c48       0xa0 Drivers/BSP/Components/LPS22HB_Driver_HL.o
 .text.LPS22HB_Set_ODR_When_Enabled
                0x0000000008008ce8       0x88 Drivers/BSP/Components/LPS22HB_Driver_HL.o
 .text.LPS22HB_Set_ODR_When_Disabled
                0x0000000008008d70       0x7c Drivers/BSP/Components/LPS22HB_Driver_HL.o
 .text.LPS22HB_Set_ODR_Value_When_Enabled
                0x0000000008008dec       0xa4 Drivers/BSP/Components/LPS22HB_Driver_HL.o
 .text.LPS22HB_Set_ODR_Value_When_Disabled
                0x0000000008008e90       0x90 Drivers/BSP/Components/LPS22HB_Driver_HL.o
 .text.LPS22HB_Read_Reg
                0x0000000008008f20       0x2e Drivers/BSP/Components/LPS22HB_Driver_HL.o
 .text.LPS22HB_Write_Reg
                0x0000000008008f4e       0x30 Drivers/BSP/Components/LPS22HB_Driver_HL.o
 .text.LPS22HB_FIFO_Get_Empty_Status
                0x0000000008008f7e       0x30 Drivers/BSP/Components/LPS22HB_Driver_HL.o
 .text.LPS22HB_FIFO_Get_Full_Status
                0x0000000008008fae       0x30 Drivers/BSP/Components/LPS22HB_Driver_HL.o
 .text.LPS22HB_FIFO_Get_Ovr_Status
                0x0000000008008fde       0x30 Drivers/BSP/Components/LPS22HB_Driver_HL.o
 .text.LPS22HB_FIFO_Get_Fth_Status
                0x000000000800900e       0x30 Drivers/BSP/Components/LPS22HB_Driver_HL.o
 .text.LPS22HB_FIFO_Stop_On_Fth
                0x000000000800903e       0x38 Drivers/BSP/Components/LPS22HB_Driver_HL.o
 .text.LPS22HB_FIFO_Usage
                0x0000000008009076       0x38 Drivers/BSP/Components/LPS22HB_Driver_HL.o
 .text.LPS22HB_FIFO_Get_Num_Of_Samples
                0x00000000080090ae       0x30 Drivers/BSP/Components/LPS22HB_Driver_HL.o
 .text.LPS22HB_FIFO_Get_Data
                0x00000000080090de       0x3a Drivers/BSP/Components/LPS22HB_Driver_HL.o
 .text.LPS22HB_FIFO_Get_Mode
                0x0000000008009118       0x30 Drivers/BSP/Components/LPS22HB_Driver_HL.o
 .text.LPS22HB_FIFO_Set_Mode
                0x0000000008009148       0x50 Drivers/BSP/Components/LPS22HB_Driver_HL.o
 .text.LPS22HB_FIFO_Get_Watermark_Level
                0x0000000008009198       0x26 Drivers/BSP/Components/LPS22HB_Driver_HL.o
 .text.LPS22HB_FIFO_Set_Watermark_Level
                0x00000000080091be       0x2a Drivers/BSP/Components/LPS22HB_Driver_HL.o
 .text.LPS22HB_FIFO_Watermark_Usage
                0x00000000080091e8       0x38 Drivers/BSP/Components/LPS22HB_Driver_HL.o
 .text.LPS22HB_FIFO_Set_Interrupt
                0x0000000008009220       0x68 Drivers/BSP/Components/LPS22HB_Driver_HL.o
 .text.LPS22HB_FIFO_Reset_Interrupt
                0x0000000008009288       0x68 Drivers/BSP/Components/LPS22HB_Driver_HL.o
 .text.LSM303AGR_ACC_WriteReg
                0x00000000080092f0       0x34 Drivers/BSP/Components/LSM303AGR_ACC_driver.o
                0x00000000080092f0                LSM303AGR_ACC_WriteReg
 .text.LSM303AGR_ACC_ReadReg
                0x0000000008009324       0x34 Drivers/BSP/Components/LSM303AGR_ACC_driver.o
                0x0000000008009324                LSM303AGR_ACC_ReadReg
 .text.LSM303AGR_ACC_R_WHO_AM_I
                0x0000000008009358       0x3a Drivers/BSP/Components/LSM303AGR_ACC_driver.o
                0x0000000008009358                LSM303AGR_ACC_R_WHO_AM_I
 .text.LSM303AGR_ACC_W_BlockDataUpdate
                0x0000000008009392       0x5a Drivers/BSP/Components/LSM303AGR_ACC_driver.o
                0x0000000008009392                LSM303AGR_ACC_W_BlockDataUpdate
 .text.LSM303AGR_ACC_W_FullScale
                0x00000000080093ec       0x5a Drivers/BSP/Components/LSM303AGR_ACC_driver.o
                0x00000000080093ec                LSM303AGR_ACC_W_FullScale
 .text.LSM303AGR_ACC_R_FullScale
                0x0000000008009446       0x38 Drivers/BSP/Components/LSM303AGR_ACC_driver.o
                0x0000000008009446                LSM303AGR_ACC_R_FullScale
 .text.LSM303AGR_ACC_Get_Raw_Acceleration
                0x000000000800947e       0x2a Drivers/BSP/Components/LSM303AGR_ACC_driver.o
                0x000000000800947e                LSM303AGR_ACC_Get_Raw_Acceleration
 .text.LSM303AGR_ACC_Get_Acceleration
                0x00000000080094a8      0x1d4 Drivers/BSP/Components/LSM303AGR_ACC_driver.o
                0x00000000080094a8                LSM303AGR_ACC_Get_Acceleration
 .text.LSM303AGR_ACC_W_ODR
                0x000000000800967c       0x5a Drivers/BSP/Components/LSM303AGR_ACC_driver.o
                0x000000000800967c                LSM303AGR_ACC_W_ODR
 .text.LSM303AGR_ACC_R_ODR
                0x00000000080096d6       0x38 Drivers/BSP/Components/LSM303AGR_ACC_driver.o
                0x00000000080096d6                LSM303AGR_ACC_R_ODR
 .text.LSM303AGR_ACC_W_XEN
                0x000000000800970e       0x5a Drivers/BSP/Components/LSM303AGR_ACC_driver.o
                0x000000000800970e                LSM303AGR_ACC_W_XEN
 .text.LSM303AGR_ACC_R_XEN
                0x0000000008009768       0x38 Drivers/BSP/Components/LSM303AGR_ACC_driver.o
                0x0000000008009768                LSM303AGR_ACC_R_XEN
 .text.LSM303AGR_ACC_W_YEN
                0x00000000080097a0       0x5a Drivers/BSP/Components/LSM303AGR_ACC_driver.o
                0x00000000080097a0                LSM303AGR_ACC_W_YEN
 .text.LSM303AGR_ACC_R_YEN
                0x00000000080097fa       0x38 Drivers/BSP/Components/LSM303AGR_ACC_driver.o
                0x00000000080097fa                LSM303AGR_ACC_R_YEN
 .text.LSM303AGR_ACC_W_ZEN
                0x0000000008009832       0x5a Drivers/BSP/Components/LSM303AGR_ACC_driver.o
                0x0000000008009832                LSM303AGR_ACC_W_ZEN
 .text.LSM303AGR_ACC_R_ZEN
                0x000000000800988c       0x38 Drivers/BSP/Components/LSM303AGR_ACC_driver.o
                0x000000000800988c                LSM303AGR_ACC_R_ZEN
 .text.LSM303AGR_ACC_R_LOWPWR_EN
                0x00000000080098c4       0x38 Drivers/BSP/Components/LSM303AGR_ACC_driver.o
                0x00000000080098c4                LSM303AGR_ACC_R_LOWPWR_EN
 .text.LSM303AGR_ACC_R_HiRes
                0x00000000080098fc       0x38 Drivers/BSP/Components/LSM303AGR_ACC_driver.o
                0x00000000080098fc                LSM303AGR_ACC_R_HiRes
 .text.LSM303AGR_ACC_R_XDataAvail
                0x0000000008009934       0x38 Drivers/BSP/Components/LSM303AGR_ACC_driver.o
                0x0000000008009934                LSM303AGR_ACC_R_XDataAvail
 .text.LSM303AGR_ACC_W_FifoMode
                0x000000000800996c       0x5a Drivers/BSP/Components/LSM303AGR_ACC_driver.o
                0x000000000800996c                LSM303AGR_ACC_W_FifoMode
 *fill*         0x00000000080099c6        0x2 
 .text.LSM303AGR_X_Init
                0x00000000080099c8       0xc0 Drivers/BSP/Components/LSM303AGR_ACC_driver_HL.o
 .text.LSM303AGR_X_DeInit
                0x0000000008009a88       0x58 Drivers/BSP/Components/LSM303AGR_ACC_driver_HL.o
 .text.LSM303AGR_X_Sensor_Enable
                0x0000000008009ae0       0x4a Drivers/BSP/Components/LSM303AGR_ACC_driver_HL.o
 .text.LSM303AGR_X_Sensor_Disable
                0x0000000008009b2a       0x58 Drivers/BSP/Components/LSM303AGR_ACC_driver_HL.o
 .text.LSM303AGR_X_Get_WhoAmI
                0x0000000008009b82       0x26 Drivers/BSP/Components/LSM303AGR_ACC_driver_HL.o
 .text.LSM303AGR_X_Check_WhoAmI
                0x0000000008009ba8       0x3a Drivers/BSP/Components/LSM303AGR_ACC_driver_HL.o
 .text.LSM303AGR_X_Get_Axes
                0x0000000008009be2       0x3c Drivers/BSP/Components/LSM303AGR_ACC_driver_HL.o
 .text.LSM303AGR_X_Get_AxesRaw
                0x0000000008009c1e       0x42 Drivers/BSP/Components/LSM303AGR_ACC_driver_HL.o
 .text.LSM303AGR_X_Get_Sensitivity
                0x0000000008009c60       0x88 Drivers/BSP/Components/LSM303AGR_ACC_driver_HL.o
 .text.LSM303AGR_X_Get_ODR
                0x0000000008009ce8       0xc4 Drivers/BSP/Components/LSM303AGR_ACC_driver_HL.o
 .text.LSM303AGR_X_Set_ODR
                0x0000000008009dac       0x46 Drivers/BSP/Components/LSM303AGR_ACC_driver_HL.o
 .text.LSM303AGR_X_Set_ODR_Value
                0x0000000008009df2       0x46 Drivers/BSP/Components/LSM303AGR_ACC_driver_HL.o
 .text.LSM303AGR_X_Get_FS
                0x0000000008009e38       0x7c Drivers/BSP/Components/LSM303AGR_ACC_driver_HL.o
 .text.LSM303AGR_X_Set_FS
                0x0000000008009eb4       0x4e Drivers/BSP/Components/LSM303AGR_ACC_driver_HL.o
 .text.LSM303AGR_X_Set_FS_Value
                0x0000000008009f02       0x70 Drivers/BSP/Components/LSM303AGR_ACC_driver_HL.o
 .text.LSM303AGR_X_Get_Axes_Status
                0x0000000008009f72       0x8c Drivers/BSP/Components/LSM303AGR_ACC_driver_HL.o
 .text.LSM303AGR_X_Set_Axes_Status
                0x0000000008009ffe       0x78 Drivers/BSP/Components/LSM303AGR_ACC_driver_HL.o
 .text.LSM303AGR_X_Read_Reg
                0x000000000800a076       0x2e Drivers/BSP/Components/LSM303AGR_ACC_driver_HL.o
 .text.LSM303AGR_X_Write_Reg
                0x000000000800a0a4       0x30 Drivers/BSP/Components/LSM303AGR_ACC_driver_HL.o
 .text.LSM303AGR_X_Get_DRDY_Status
                0x000000000800a0d4       0x48 Drivers/BSP/Components/LSM303AGR_ACC_driver_HL.o
 .text.LSM303AGR_X_Get_Axes_Raw
                0x000000000800a11c       0xca Drivers/BSP/Components/LSM303AGR_ACC_driver_HL.o
 *fill*         0x000000000800a1e6        0x2 
 .text.LSM303AGR_X_Set_ODR_When_Enabled
                0x000000000800a1e8       0x6c Drivers/BSP/Components/LSM303AGR_ACC_driver_HL.o
 .text.LSM303AGR_X_Set_ODR_When_Disabled
                0x000000000800a254       0x84 Drivers/BSP/Components/LSM303AGR_ACC_driver_HL.o
 .text.LSM303AGR_X_Set_ODR_Value_When_Enabled
                0x000000000800a2d8       0xc0 Drivers/BSP/Components/LSM303AGR_ACC_driver_HL.o
 .text.LSM303AGR_X_Set_ODR_Value_When_Disabled
                0x000000000800a398       0xd8 Drivers/BSP/Components/LSM303AGR_ACC_driver_HL.o
 .text.LSM303AGR_X_Get_Sensitivity_Normal_Mode
                0x000000000800a470       0x84 Drivers/BSP/Components/LSM303AGR_ACC_driver_HL.o
 .text.LSM303AGR_X_Get_Sensitivity_LP_Mode
                0x000000000800a4f4       0x84 Drivers/BSP/Components/LSM303AGR_ACC_driver_HL.o
 .text.LSM303AGR_X_Get_Sensitivity_HR_Mode
                0x000000000800a578       0x84 Drivers/BSP/Components/LSM303AGR_ACC_driver_HL.o
 .text.LSM303AGR_MAG_WriteReg
                0x000000000800a5fc       0x34 Drivers/BSP/Components/LSM303AGR_MAG_driver.o
                0x000000000800a5fc                LSM303AGR_MAG_WriteReg
 .text.LSM303AGR_MAG_ReadReg
                0x000000000800a630       0x34 Drivers/BSP/Components/LSM303AGR_MAG_driver.o
                0x000000000800a630                LSM303AGR_MAG_ReadReg
 .text.LSM303AGR_MAG_R_WHO_AM_I
                0x000000000800a664       0x3a Drivers/BSP/Components/LSM303AGR_MAG_driver.o
                0x000000000800a664                LSM303AGR_MAG_R_WHO_AM_I
 .text.LSM303AGR_MAG_W_BDU
                0x000000000800a69e       0x5a Drivers/BSP/Components/LSM303AGR_MAG_driver.o
                0x000000000800a69e                LSM303AGR_MAG_W_BDU
 .text.LSM303AGR_MAG_W_MD
                0x000000000800a6f8       0x5a Drivers/BSP/Components/LSM303AGR_MAG_driver.o
                0x000000000800a6f8                LSM303AGR_MAG_W_MD
 .text.LSM303AGR_MAG_Get_Raw_Magnetic
                0x000000000800a752       0x2a Drivers/BSP/Components/LSM303AGR_MAG_driver.o
                0x000000000800a752                LSM303AGR_MAG_Get_Raw_Magnetic
 .text.LSM303AGR_MAG_W_ODR
                0x000000000800a77c       0x5a Drivers/BSP/Components/LSM303AGR_MAG_driver.o
                0x000000000800a77c                LSM303AGR_MAG_W_ODR
 .text.LSM303AGR_MAG_R_ODR
                0x000000000800a7d6       0x38 Drivers/BSP/Components/LSM303AGR_MAG_driver.o
                0x000000000800a7d6                LSM303AGR_MAG_R_ODR
 .text.LSM303AGR_MAG_W_ST
                0x000000000800a80e       0x5a Drivers/BSP/Components/LSM303AGR_MAG_driver.o
                0x000000000800a80e                LSM303AGR_MAG_W_ST
 .text.LSM303AGR_MAG_W_I2C_DIS
                0x000000000800a868       0x5a Drivers/BSP/Components/LSM303AGR_MAG_driver.o
                0x000000000800a868                LSM303AGR_MAG_W_I2C_DIS
 .text.LSM303AGR_MAG_R_ZYXDA
                0x000000000800a8c2       0x38 Drivers/BSP/Components/LSM303AGR_MAG_driver.o
                0x000000000800a8c2                LSM303AGR_MAG_R_ZYXDA
 .text.LSM303AGR_M_Init
                0x000000000800a8fa       0x9a Drivers/BSP/Components/LSM303AGR_MAG_driver_HL.o
 .text.LSM303AGR_M_DeInit
                0x000000000800a994       0x50 Drivers/BSP/Components/LSM303AGR_MAG_driver_HL.o
 .text.LSM303AGR_M_Sensor_Enable
                0x000000000800a9e4       0x36 Drivers/BSP/Components/LSM303AGR_MAG_driver_HL.o
 .text.LSM303AGR_M_Sensor_Disable
                0x000000000800aa1a       0x36 Drivers/BSP/Components/LSM303AGR_MAG_driver_HL.o
 .text.LSM303AGR_M_Get_WhoAmI
                0x000000000800aa50       0x26 Drivers/BSP/Components/LSM303AGR_MAG_driver_HL.o
 .text.LSM303AGR_M_Check_WhoAmI
                0x000000000800aa76       0x3a Drivers/BSP/Components/LSM303AGR_MAG_driver_HL.o
 .text.LSM303AGR_M_Get_Axes
                0x000000000800aab0       0xa6 Drivers/BSP/Components/LSM303AGR_MAG_driver_HL.o
 .text.LSM303AGR_M_Get_AxesRaw
                0x000000000800ab56       0x42 Drivers/BSP/Components/LSM303AGR_MAG_driver_HL.o
 .text.LSM303AGR_M_Get_Sensitivity
                0x000000000800ab98       0x20 Drivers/BSP/Components/LSM303AGR_MAG_driver_HL.o
 .text.LSM303AGR_M_Get_ODR
                0x000000000800abb8       0xa8 Drivers/BSP/Components/LSM303AGR_MAG_driver_HL.o
 .text.LSM303AGR_M_Set_ODR
                0x000000000800ac60       0x6c Drivers/BSP/Components/LSM303AGR_MAG_driver_HL.o
 .text.LSM303AGR_M_Set_ODR_Value
                0x000000000800accc       0x74 Drivers/BSP/Components/LSM303AGR_MAG_driver_HL.o
 .text.LSM303AGR_M_Get_FS
                0x000000000800ad40       0x24 Drivers/BSP/Components/LSM303AGR_MAG_driver_HL.o
 .text.LSM303AGR_M_Set_FS
                0x000000000800ad64       0x1a Drivers/BSP/Components/LSM303AGR_MAG_driver_HL.o
 .text.LSM303AGR_M_Set_FS_Value
                0x000000000800ad7e       0x1a Drivers/BSP/Components/LSM303AGR_MAG_driver_HL.o
 .text.LSM303AGR_M_Read_Reg
                0x000000000800ad98       0x2e Drivers/BSP/Components/LSM303AGR_MAG_driver_HL.o
 .text.LSM303AGR_M_Write_Reg
                0x000000000800adc6       0x30 Drivers/BSP/Components/LSM303AGR_MAG_driver_HL.o
 .text.LSM303AGR_M_Get_DRDY_Status
                0x000000000800adf6       0x48 Drivers/BSP/Components/LSM303AGR_MAG_driver_HL.o
 .text.LSM303AGR_M_Get_Axes_Raw
                0x000000000800ae3e       0x5c Drivers/BSP/Components/LSM303AGR_MAG_driver_HL.o
 .text.LSM6DSM_ACC_GYRO_ReadReg
                0x000000000800ae9a       0x2e Drivers/BSP/Components/LSM6DSM_ACC_GYRO_driver.o
                0x000000000800ae9a                LSM6DSM_ACC_GYRO_ReadReg
 .text.LSM6DSM_ACC_GYRO_WriteReg
                0x000000000800aec8       0x30 Drivers/BSP/Components/LSM6DSM_ACC_GYRO_driver.o
                0x000000000800aec8                LSM6DSM_ACC_GYRO_WriteReg
 .text.LSM6DSM_ACC_GYRO_W_EmbeddedAccess
                0x000000000800aef8       0x58 Drivers/BSP/Components/LSM6DSM_ACC_GYRO_driver.o
                0x000000000800aef8                LSM6DSM_ACC_GYRO_W_EmbeddedAccess
 .text.LSM6DSM_ACC_GYRO_W_FIFO_MODE
                0x000000000800af50       0x58 Drivers/BSP/Components/LSM6DSM_ACC_GYRO_driver.o
                0x000000000800af50                LSM6DSM_ACC_GYRO_W_FIFO_MODE
 .text.LSM6DSM_ACC_GYRO_W_STEP_DELTA_on_INT2
                0x000000000800afa8       0x58 Drivers/BSP/Components/LSM6DSM_ACC_GYRO_driver.o
                0x000000000800afa8                LSM6DSM_ACC_GYRO_W_STEP_DELTA_on_INT2
 .text.LSM6DSM_ACC_GYRO_R_WHO_AM_I
                0x000000000800b000       0x38 Drivers/BSP/Components/LSM6DSM_ACC_GYRO_driver.o
                0x000000000800b000                LSM6DSM_ACC_GYRO_R_WHO_AM_I
 .text.LSM6DSM_ACC_GYRO_W_FS_XL
                0x000000000800b038       0x58 Drivers/BSP/Components/LSM6DSM_ACC_GYRO_driver.o
                0x000000000800b038                LSM6DSM_ACC_GYRO_W_FS_XL
 .text.LSM6DSM_ACC_GYRO_R_FS_XL
                0x000000000800b090       0x36 Drivers/BSP/Components/LSM6DSM_ACC_GYRO_driver.o
                0x000000000800b090                LSM6DSM_ACC_GYRO_R_FS_XL
 .text.LSM6DSM_ACC_GYRO_W_ODR_XL
                0x000000000800b0c6       0x58 Drivers/BSP/Components/LSM6DSM_ACC_GYRO_driver.o
                0x000000000800b0c6                LSM6DSM_ACC_GYRO_W_ODR_XL
 .text.LSM6DSM_ACC_GYRO_R_ODR_XL
                0x000000000800b11e       0x36 Drivers/BSP/Components/LSM6DSM_ACC_GYRO_driver.o
                0x000000000800b11e                LSM6DSM_ACC_GYRO_R_ODR_XL
 .text.LSM6DSM_ACC_GYRO_W_FS_125
                0x000000000800b154       0x58 Drivers/BSP/Components/LSM6DSM_ACC_GYRO_driver.o
                0x000000000800b154                LSM6DSM_ACC_GYRO_W_FS_125
 .text.LSM6DSM_ACC_GYRO_R_FS_125
                0x000000000800b1ac       0x36 Drivers/BSP/Components/LSM6DSM_ACC_GYRO_driver.o
                0x000000000800b1ac                LSM6DSM_ACC_GYRO_R_FS_125
 .text.LSM6DSM_ACC_GYRO_W_FS_G
                0x000000000800b1e2       0x58 Drivers/BSP/Components/LSM6DSM_ACC_GYRO_driver.o
                0x000000000800b1e2                LSM6DSM_ACC_GYRO_W_FS_G
 .text.LSM6DSM_ACC_GYRO_R_FS_G
                0x000000000800b23a       0x36 Drivers/BSP/Components/LSM6DSM_ACC_GYRO_driver.o
                0x000000000800b23a                LSM6DSM_ACC_GYRO_R_FS_G
 .text.LSM6DSM_ACC_GYRO_W_ODR_G
                0x000000000800b270       0x58 Drivers/BSP/Components/LSM6DSM_ACC_GYRO_driver.o
                0x000000000800b270                LSM6DSM_ACC_GYRO_W_ODR_G
 .text.LSM6DSM_ACC_GYRO_R_ODR_G
                0x000000000800b2c8       0x36 Drivers/BSP/Components/LSM6DSM_ACC_GYRO_driver.o
                0x000000000800b2c8                LSM6DSM_ACC_GYRO_R_ODR_G
 .text.LSM6DSM_ACC_GYRO_W_IF_Addr_Incr
                0x000000000800b2fe       0x58 Drivers/BSP/Components/LSM6DSM_ACC_GYRO_driver.o
                0x000000000800b2fe                LSM6DSM_ACC_GYRO_W_IF_Addr_Incr
 .text.LSM6DSM_ACC_GYRO_W_BDU
                0x000000000800b356       0x58 Drivers/BSP/Components/LSM6DSM_ACC_GYRO_driver.o
                0x000000000800b356                LSM6DSM_ACC_GYRO_W_BDU
 .text.LSM6DSM_ACC_GYRO_W_I2C_DISABLE
                0x000000000800b3ae       0x58 Drivers/BSP/Components/LSM6DSM_ACC_GYRO_driver.o
                0x000000000800b3ae                LSM6DSM_ACC_GYRO_W_I2C_DISABLE
 .text.LSM6DSM_ACC_GYRO_W_PedoStepReset
                0x000000000800b406       0x58 Drivers/BSP/Components/LSM6DSM_ACC_GYRO_driver.o
                0x000000000800b406                LSM6DSM_ACC_GYRO_W_PedoStepReset
 .text.LSM6DSM_ACC_GYRO_W_TILT
                0x000000000800b45e       0x58 Drivers/BSP/Components/LSM6DSM_ACC_GYRO_driver.o
                0x000000000800b45e                LSM6DSM_ACC_GYRO_W_TILT
 .text.LSM6DSM_ACC_GYRO_W_PEDO
                0x000000000800b4b6       0x58 Drivers/BSP/Components/LSM6DSM_ACC_GYRO_driver.o
                0x000000000800b4b6                LSM6DSM_ACC_GYRO_W_PEDO
 .text.LSM6DSM_ACC_GYRO_W_FUNC_EN
                0x000000000800b50e       0x58 Drivers/BSP/Components/LSM6DSM_ACC_GYRO_driver.o
                0x000000000800b50e                LSM6DSM_ACC_GYRO_W_FUNC_EN
 .text.LSM6DSM_ACC_GYRO_R_WU_EV_STATUS
                0x000000000800b566       0x36 Drivers/BSP/Components/LSM6DSM_ACC_GYRO_driver.o
                0x000000000800b566                LSM6DSM_ACC_GYRO_R_WU_EV_STATUS
 .text.LSM6DSM_ACC_GYRO_R_FF_EV_STATUS
                0x000000000800b59c       0x36 Drivers/BSP/Components/LSM6DSM_ACC_GYRO_driver.o
                0x000000000800b59c                LSM6DSM_ACC_GYRO_R_FF_EV_STATUS
 .text.LSM6DSM_ACC_GYRO_R_DOUBLE_TAP_EV_STATUS
                0x000000000800b5d2       0x36 Drivers/BSP/Components/LSM6DSM_ACC_GYRO_driver.o
                0x000000000800b5d2                LSM6DSM_ACC_GYRO_R_DOUBLE_TAP_EV_STATUS
 .text.LSM6DSM_ACC_GYRO_R_SINGLE_TAP_EV_STATUS
                0x000000000800b608       0x36 Drivers/BSP/Components/LSM6DSM_ACC_GYRO_driver.o
                0x000000000800b608                LSM6DSM_ACC_GYRO_R_SINGLE_TAP_EV_STATUS
 .text.LSM6DSM_ACC_GYRO_R_DSD_XL
                0x000000000800b63e       0x36 Drivers/BSP/Components/LSM6DSM_ACC_GYRO_driver.o
                0x000000000800b63e                LSM6DSM_ACC_GYRO_R_DSD_XL
 .text.LSM6DSM_ACC_GYRO_R_DSD_XH
                0x000000000800b674       0x36 Drivers/BSP/Components/LSM6DSM_ACC_GYRO_driver.o
                0x000000000800b674                LSM6DSM_ACC_GYRO_R_DSD_XH
 .text.LSM6DSM_ACC_GYRO_R_DSD_YL
                0x000000000800b6aa       0x36 Drivers/BSP/Components/LSM6DSM_ACC_GYRO_driver.o
                0x000000000800b6aa                LSM6DSM_ACC_GYRO_R_DSD_YL
 .text.LSM6DSM_ACC_GYRO_R_DSD_YH
                0x000000000800b6e0       0x36 Drivers/BSP/Components/LSM6DSM_ACC_GYRO_driver.o
                0x000000000800b6e0                LSM6DSM_ACC_GYRO_R_DSD_YH
 .text.LSM6DSM_ACC_GYRO_R_DSD_ZL
                0x000000000800b716       0x36 Drivers/BSP/Components/LSM6DSM_ACC_GYRO_driver.o
                0x000000000800b716                LSM6DSM_ACC_GYRO_R_DSD_ZL
 .text.LSM6DSM_ACC_GYRO_R_DSD_ZH
                0x000000000800b74c       0x36 Drivers/BSP/Components/LSM6DSM_ACC_GYRO_driver.o
                0x000000000800b74c                LSM6DSM_ACC_GYRO_R_DSD_ZH
 .text.LSM6DSM_ACC_GYRO_R_D6D_EV_STATUS
                0x000000000800b782       0x36 Drivers/BSP/Components/LSM6DSM_ACC_GYRO_driver.o
                0x000000000800b782                LSM6DSM_ACC_GYRO_R_D6D_EV_STATUS
 .text.LSM6DSM_ACC_GYRO_R_XLDA
                0x000000000800b7b8       0x36 Drivers/BSP/Components/LSM6DSM_ACC_GYRO_driver.o
                0x000000000800b7b8                LSM6DSM_ACC_GYRO_R_XLDA
 .text.LSM6DSM_ACC_GYRO_R_GDA
                0x000000000800b7ee       0x36 Drivers/BSP/Components/LSM6DSM_ACC_GYRO_driver.o
                0x000000000800b7ee                LSM6DSM_ACC_GYRO_R_GDA
 .text.LSM6DSM_ACC_GYRO_R_PEDO_EV_STATUS
                0x000000000800b824       0x36 Drivers/BSP/Components/LSM6DSM_ACC_GYRO_driver.o
                0x000000000800b824                LSM6DSM_ACC_GYRO_R_PEDO_EV_STATUS
 .text.LSM6DSM_ACC_GYRO_R_TILT_EV_STATUS
                0x000000000800b85a       0x36 Drivers/BSP/Components/LSM6DSM_ACC_GYRO_driver.o
                0x000000000800b85a                LSM6DSM_ACC_GYRO_R_TILT_EV_STATUS
 .text.LSM6DSM_ACC_GYRO_W_TAP_Z_EN
                0x000000000800b890       0x58 Drivers/BSP/Components/LSM6DSM_ACC_GYRO_driver.o
                0x000000000800b890                LSM6DSM_ACC_GYRO_W_TAP_Z_EN
 .text.LSM6DSM_ACC_GYRO_W_TAP_Y_EN
                0x000000000800b8e8       0x58 Drivers/BSP/Components/LSM6DSM_ACC_GYRO_driver.o
                0x000000000800b8e8                LSM6DSM_ACC_GYRO_W_TAP_Y_EN
 .text.LSM6DSM_ACC_GYRO_W_TAP_X_EN
                0x000000000800b940       0x58 Drivers/BSP/Components/LSM6DSM_ACC_GYRO_driver.o
                0x000000000800b940                LSM6DSM_ACC_GYRO_W_TAP_X_EN
 .text.LSM6DSM_ACC_GYRO_W_BASIC_INT
                0x000000000800b998       0x58 Drivers/BSP/Components/LSM6DSM_ACC_GYRO_driver.o
                0x000000000800b998                LSM6DSM_ACC_GYRO_W_BASIC_INT
 .text.LSM6DSM_ACC_GYRO_W_TAP_THS
                0x000000000800b9f0       0x60 Drivers/BSP/Components/LSM6DSM_ACC_GYRO_driver.o
                0x000000000800b9f0                LSM6DSM_ACC_GYRO_W_TAP_THS
 .text.LSM6DSM_ACC_GYRO_W_SIXD_THS
                0x000000000800ba50       0x58 Drivers/BSP/Components/LSM6DSM_ACC_GYRO_driver.o
                0x000000000800ba50                LSM6DSM_ACC_GYRO_W_SIXD_THS
 .text.LSM6DSM_ACC_GYRO_W_SHOCK_Duration
                0x000000000800baa8       0x60 Drivers/BSP/Components/LSM6DSM_ACC_GYRO_driver.o
                0x000000000800baa8                LSM6DSM_ACC_GYRO_W_SHOCK_Duration
 .text.LSM6DSM_ACC_GYRO_W_QUIET_Duration
                0x000000000800bb08       0x66 Drivers/BSP/Components/LSM6DSM_ACC_GYRO_driver.o
                0x000000000800bb08                LSM6DSM_ACC_GYRO_W_QUIET_Duration
 .text.LSM6DSM_ACC_GYRO_W_DUR
                0x000000000800bb6e       0x66 Drivers/BSP/Components/LSM6DSM_ACC_GYRO_driver.o
                0x000000000800bb6e                LSM6DSM_ACC_GYRO_W_DUR
 .text.LSM6DSM_ACC_GYRO_W_WK_THS
                0x000000000800bbd4       0x60 Drivers/BSP/Components/LSM6DSM_ACC_GYRO_driver.o
                0x000000000800bbd4                LSM6DSM_ACC_GYRO_W_WK_THS
 .text.LSM6DSM_ACC_GYRO_W_SINGLE_DOUBLE_TAP_EV
                0x000000000800bc34       0x58 Drivers/BSP/Components/LSM6DSM_ACC_GYRO_driver.o
                0x000000000800bc34                LSM6DSM_ACC_GYRO_W_SINGLE_DOUBLE_TAP_EV
 .text.LSM6DSM_ACC_GYRO_W_SLEEP_DUR
                0x000000000800bc8c       0x60 Drivers/BSP/Components/LSM6DSM_ACC_GYRO_driver.o
                0x000000000800bc8c                LSM6DSM_ACC_GYRO_W_SLEEP_DUR
 .text.LSM6DSM_ACC_GYRO_W_TIMER_HR
                0x000000000800bcec       0x58 Drivers/BSP/Components/LSM6DSM_ACC_GYRO_driver.o
                0x000000000800bcec                LSM6DSM_ACC_GYRO_W_TIMER_HR
 .text.LSM6DSM_ACC_GYRO_W_WAKE_DUR
                0x000000000800bd44       0x66 Drivers/BSP/Components/LSM6DSM_ACC_GYRO_driver.o
                0x000000000800bd44                LSM6DSM_ACC_GYRO_W_WAKE_DUR
 .text.LSM6DSM_ACC_GYRO_W_FF_THS
                0x000000000800bdaa       0x58 Drivers/BSP/Components/LSM6DSM_ACC_GYRO_driver.o
                0x000000000800bdaa                LSM6DSM_ACC_GYRO_W_FF_THS
 .text.LSM6DSM_ACC_GYRO_W_FF_Duration
                0x000000000800be02       0xca Drivers/BSP/Components/LSM6DSM_ACC_GYRO_driver.o
                0x000000000800be02                LSM6DSM_ACC_GYRO_W_FF_Duration
 .text.LSM6DSM_ACC_GYRO_W_TiltEvOnInt2
                0x000000000800becc       0x58 Drivers/BSP/Components/LSM6DSM_ACC_GYRO_driver.o
                0x000000000800becc                LSM6DSM_ACC_GYRO_W_TiltEvOnInt2
 .text.LSM6DSM_ACC_GYRO_W_6DEvOnInt2
                0x000000000800bf24       0x58 Drivers/BSP/Components/LSM6DSM_ACC_GYRO_driver.o
                0x000000000800bf24                LSM6DSM_ACC_GYRO_W_6DEvOnInt2
 .text.LSM6DSM_ACC_GYRO_W_TapEvOnInt2
                0x000000000800bf7c       0x58 Drivers/BSP/Components/LSM6DSM_ACC_GYRO_driver.o
                0x000000000800bf7c                LSM6DSM_ACC_GYRO_W_TapEvOnInt2
 .text.LSM6DSM_ACC_GYRO_W_FFEvOnInt2
                0x000000000800bfd4       0x58 Drivers/BSP/Components/LSM6DSM_ACC_GYRO_driver.o
                0x000000000800bfd4                LSM6DSM_ACC_GYRO_W_FFEvOnInt2
 .text.LSM6DSM_ACC_GYRO_W_WUEvOnInt2
                0x000000000800c02c       0x58 Drivers/BSP/Components/LSM6DSM_ACC_GYRO_driver.o
                0x000000000800c02c                LSM6DSM_ACC_GYRO_W_WUEvOnInt2
 .text.LSM6DSM_ACC_GYRO_W_SingleTapOnInt2
                0x000000000800c084       0x58 Drivers/BSP/Components/LSM6DSM_ACC_GYRO_driver.o
                0x000000000800c084                LSM6DSM_ACC_GYRO_W_SingleTapOnInt2
 .text.LSM6DSM_ACC_GYRO_GetRawGyroData
                0x000000000800c0dc       0x66 Drivers/BSP/Components/LSM6DSM_ACC_GYRO_driver.o
                0x000000000800c0dc                LSM6DSM_ACC_GYRO_GetRawGyroData
 .text.LSM6DSM_ACC_GYRO_GetRawAccData
                0x000000000800c142       0x66 Drivers/BSP/Components/LSM6DSM_ACC_GYRO_driver.o
                0x000000000800c142                LSM6DSM_ACC_GYRO_GetRawAccData
 .text.LSM6DSM_ACC_GYRO_Get_GetStepCounter
                0x000000000800c1a8       0x66 Drivers/BSP/Components/LSM6DSM_ACC_GYRO_driver.o
                0x000000000800c1a8                LSM6DSM_ACC_GYRO_Get_GetStepCounter
 .text.LSM6DSM_ACC_GYRO_W_PedoThreshold
                0x000000000800c20e       0x88 Drivers/BSP/Components/LSM6DSM_ACC_GYRO_driver.o
                0x000000000800c20e                LSM6DSM_ACC_GYRO_W_PedoThreshold
 *fill*         0x000000000800c296        0x2 
 .text.LSM6DSM_X_Init
                0x000000000800c298       0xa4 Drivers/BSP/Components/LSM6DSM_ACC_GYRO_driver_HL.o
 .text.LSM6DSM_X_DeInit
                0x000000000800c33c       0xc8 Drivers/BSP/Components/LSM6DSM_ACC_GYRO_driver_HL.o
 .text.LSM6DSM_X_Sensor_Enable
                0x000000000800c404       0x4a Drivers/BSP/Components/LSM6DSM_ACC_GYRO_driver_HL.o
 .text.LSM6DSM_X_Sensor_Disable
                0x000000000800c44e       0x58 Drivers/BSP/Components/LSM6DSM_ACC_GYRO_driver_HL.o
 .text.LSM6DSM_X_Get_WhoAmI
                0x000000000800c4a6       0x1c Drivers/BSP/Components/LSM6DSM_ACC_GYRO_driver_HL.o
 .text.LSM6DSM_X_Check_WhoAmI
                0x000000000800c4c2       0x18 Drivers/BSP/Components/LSM6DSM_ACC_GYRO_driver_HL.o
 .text.LSM6DSM_X_Get_Axes
                0x000000000800c4da       0xa6 Drivers/BSP/Components/LSM6DSM_ACC_GYRO_driver_HL.o
 .text.LSM6DSM_X_Get_AxesRaw
                0x000000000800c580       0x42 Drivers/BSP/Components/LSM6DSM_ACC_GYRO_driver_HL.o
 *fill*         0x000000000800c5c2        0x2 
 .text.LSM6DSM_X_Get_Sensitivity
                0x000000000800c5c4       0xa8 Drivers/BSP/Components/LSM6DSM_ACC_GYRO_driver_HL.o
 .text.LSM6DSM_X_Get_ODR
                0x000000000800c66c       0xfc Drivers/BSP/Components/LSM6DSM_ACC_GYRO_driver_HL.o
 .text.LSM6DSM_X_Set_ODR
                0x000000000800c768       0x46 Drivers/BSP/Components/LSM6DSM_ACC_GYRO_driver_HL.o
 .text.LSM6DSM_X_Set_ODR_Value
                0x000000000800c7ae       0x46 Drivers/BSP/Components/LSM6DSM_ACC_GYRO_driver_HL.o
 .text.LSM6DSM_X_Get_FS
                0x000000000800c7f4       0xa0 Drivers/BSP/Components/LSM6DSM_ACC_GYRO_driver_HL.o
 .text.LSM6DSM_X_Set_FS
                0x000000000800c894       0x4e Drivers/BSP/Components/LSM6DSM_ACC_GYRO_driver_HL.o
 .text.LSM6DSM_X_Set_FS_Value
                0x000000000800c8e2       0x70 Drivers/BSP/Components/LSM6DSM_ACC_GYRO_driver_HL.o
 *fill*         0x000000000800c952        0x2 
 .text.LSM6DSM_G_Init
                0x000000000800c954       0xa4 Drivers/BSP/Components/LSM6DSM_ACC_GYRO_driver_HL.o
 .text.LSM6DSM_G_DeInit
                0x000000000800c9f8       0x58 Drivers/BSP/Components/LSM6DSM_ACC_GYRO_driver_HL.o
 .text.LSM6DSM_G_Sensor_Enable
                0x000000000800ca50       0x4a Drivers/BSP/Components/LSM6DSM_ACC_GYRO_driver_HL.o
 .text.LSM6DSM_G_Sensor_Disable
                0x000000000800ca9a       0x58 Drivers/BSP/Components/LSM6DSM_ACC_GYRO_driver_HL.o
 .text.LSM6DSM_G_Get_WhoAmI
                0x000000000800caf2       0x1c Drivers/BSP/Components/LSM6DSM_ACC_GYRO_driver_HL.o
 .text.LSM6DSM_G_Check_WhoAmI
                0x000000000800cb0e       0x18 Drivers/BSP/Components/LSM6DSM_ACC_GYRO_driver_HL.o
 .text.LSM6DSM_G_Get_Axes
                0x000000000800cb26       0xa6 Drivers/BSP/Components/LSM6DSM_ACC_GYRO_driver_HL.o
 .text.LSM6DSM_G_Get_AxesRaw
                0x000000000800cbcc       0x42 Drivers/BSP/Components/LSM6DSM_ACC_GYRO_driver_HL.o
 *fill*         0x000000000800cc0e        0x2 
 .text.LSM6DSM_G_Get_Sensitivity
                0x000000000800cc10       0xd0 Drivers/BSP/Components/LSM6DSM_ACC_GYRO_driver_HL.o
 .text.LSM6DSM_G_Get_ODR
                0x000000000800cce0       0xfc Drivers/BSP/Components/LSM6DSM_ACC_GYRO_driver_HL.o
 .text.LSM6DSM_G_Set_ODR
                0x000000000800cddc       0x46 Drivers/BSP/Components/LSM6DSM_ACC_GYRO_driver_HL.o
 .text.LSM6DSM_G_Set_ODR_Value
                0x000000000800ce22       0x46 Drivers/BSP/Components/LSM6DSM_ACC_GYRO_driver_HL.o
 .text.LSM6DSM_G_Get_FS
                0x000000000800ce68       0xd0 Drivers/BSP/Components/LSM6DSM_ACC_GYRO_driver_HL.o
 .text.LSM6DSM_G_Set_FS
                0x000000000800cf38       0x4e Drivers/BSP/Components/LSM6DSM_ACC_GYRO_driver_HL.o
 *fill*         0x000000000800cf86        0x2 
 .text.LSM6DSM_G_Set_FS_Value
                0x000000000800cf88       0xb8 Drivers/BSP/Components/LSM6DSM_ACC_GYRO_driver_HL.o
 .text.LSM6DSM_Get_WhoAmI
                0x000000000800d040       0x26 Drivers/BSP/Components/LSM6DSM_ACC_GYRO_driver_HL.o
 .text.LSM6DSM_Check_WhoAmI
                0x000000000800d066       0x3a Drivers/BSP/Components/LSM6DSM_ACC_GYRO_driver_HL.o
 .text.LSM6DSM_X_Get_Axes_Raw
                0x000000000800d0a0       0x7a Drivers/BSP/Components/LSM6DSM_ACC_GYRO_driver_HL.o
 *fill*         0x000000000800d11a        0x2 
 .text.LSM6DSM_X_Set_ODR_When_Enabled
                0x000000000800d11c       0x6c Drivers/BSP/Components/LSM6DSM_ACC_GYRO_driver_HL.o
 .text.LSM6DSM_X_Set_ODR_When_Disabled
                0x000000000800d188       0x84 Drivers/BSP/Components/LSM6DSM_ACC_GYRO_driver_HL.o
 .text.LSM6DSM_X_Set_ODR_Value_When_Enabled
                0x000000000800d20c      0x110 Drivers/BSP/Components/LSM6DSM_ACC_GYRO_driver_HL.o
 .text.LSM6DSM_X_Set_ODR_Value_When_Disabled
                0x000000000800d31c      0x138 Drivers/BSP/Components/LSM6DSM_ACC_GYRO_driver_HL.o
 .text.LSM6DSM_G_Get_Axes_Raw
                0x000000000800d454       0x7a Drivers/BSP/Components/LSM6DSM_ACC_GYRO_driver_HL.o
 *fill*         0x000000000800d4ce        0x2 
 .text.LSM6DSM_G_Set_ODR_When_Enabled
                0x000000000800d4d0       0x6c Drivers/BSP/Components/LSM6DSM_ACC_GYRO_driver_HL.o
 .text.LSM6DSM_G_Set_ODR_When_Disabled
                0x000000000800d53c       0x84 Drivers/BSP/Components/LSM6DSM_ACC_GYRO_driver_HL.o
 .text.LSM6DSM_G_Set_ODR_Value_When_Enabled
                0x000000000800d5c0      0x110 Drivers/BSP/Components/LSM6DSM_ACC_GYRO_driver_HL.o
 .text.LSM6DSM_G_Set_ODR_Value_When_Disabled
                0x000000000800d6d0      0x138 Drivers/BSP/Components/LSM6DSM_ACC_GYRO_driver_HL.o
 .text.LSM6DSM_X_Enable_Free_Fall_Detection
                0x000000000800d808       0xbc Drivers/BSP/Components/LSM6DSM_ACC_GYRO_driver_HL.o
 .text.LSM6DSM_X_Disable_Free_Fall_Detection
                0x000000000800d8c4       0x5a Drivers/BSP/Components/LSM6DSM_ACC_GYRO_driver_HL.o
 .text.LSM6DSM_X_Get_Free_Fall_Detection_Status
                0x000000000800d91e       0x48 Drivers/BSP/Components/LSM6DSM_ACC_GYRO_driver_HL.o
 .text.LSM6DSM_X_Set_Free_Fall_Threshold
                0x000000000800d966       0x2a Drivers/BSP/Components/LSM6DSM_ACC_GYRO_driver_HL.o
 .text.LSM6DSM_X_Enable_Pedometer
                0x000000000800d990       0x80 Drivers/BSP/Components/LSM6DSM_ACC_GYRO_driver_HL.o
 .text.LSM6DSM_X_Disable_Pedometer
                0x000000000800da10       0x5a Drivers/BSP/Components/LSM6DSM_ACC_GYRO_driver_HL.o
 .text.LSM6DSM_X_Get_Pedometer_Status
                0x000000000800da6a       0x48 Drivers/BSP/Components/LSM6DSM_ACC_GYRO_driver_HL.o
 .text.LSM6DSM_X_Get_Step_Count
                0x000000000800dab2       0x26 Drivers/BSP/Components/LSM6DSM_ACC_GYRO_driver_HL.o
 .text.LSM6DSM_X_Enable_Step_Counter_Reset
                0x000000000800dad8       0x24 Drivers/BSP/Components/LSM6DSM_ACC_GYRO_driver_HL.o
 .text.LSM6DSM_X_Disable_Step_Counter_Reset
                0x000000000800dafc       0x24 Drivers/BSP/Components/LSM6DSM_ACC_GYRO_driver_HL.o
 .text.LSM6DSM_X_Set_Pedometer_Threshold
                0x000000000800db20       0x2a Drivers/BSP/Components/LSM6DSM_ACC_GYRO_driver_HL.o
 .text.LSM6DSM_X_Enable_Tilt_Detection
                0x000000000800db4a       0x6e Drivers/BSP/Components/LSM6DSM_ACC_GYRO_driver_HL.o
 .text.LSM6DSM_X_Disable_Tilt_Detection
                0x000000000800dbb8       0x48 Drivers/BSP/Components/LSM6DSM_ACC_GYRO_driver_HL.o
 .text.LSM6DSM_X_Get_Tilt_Detection_Status
                0x000000000800dc00       0x48 Drivers/BSP/Components/LSM6DSM_ACC_GYRO_driver_HL.o
 .text.LSM6DSM_X_Enable_Wake_Up_Detection
                0x000000000800dc48       0x84 Drivers/BSP/Components/LSM6DSM_ACC_GYRO_driver_HL.o
 .text.LSM6DSM_X_Disable_Wake_Up_Detection
                0x000000000800dccc       0x5a Drivers/BSP/Components/LSM6DSM_ACC_GYRO_driver_HL.o
 .text.LSM6DSM_X_Get_Wake_Up_Detection_Status
                0x000000000800dd26       0x48 Drivers/BSP/Components/LSM6DSM_ACC_GYRO_driver_HL.o
 .text.LSM6DSM_X_Set_Wake_Up_Threshold
                0x000000000800dd6e       0x2a Drivers/BSP/Components/LSM6DSM_ACC_GYRO_driver_HL.o
 .text.LSM6DSM_X_Enable_Single_Tap_Detection
                0x000000000800dd98       0xcc Drivers/BSP/Components/LSM6DSM_ACC_GYRO_driver_HL.o
 .text.LSM6DSM_X_Disable_Single_Tap_Detection
                0x000000000800de64       0xa2 Drivers/BSP/Components/LSM6DSM_ACC_GYRO_driver_HL.o
 .text.LSM6DSM_X_Get_Single_Tap_Detection_Status
                0x000000000800df06       0x48 Drivers/BSP/Components/LSM6DSM_ACC_GYRO_driver_HL.o
 *fill*         0x000000000800df4e        0x2 
 .text.LSM6DSM_X_Enable_Double_Tap_Detection
                0x000000000800df50       0xf0 Drivers/BSP/Components/LSM6DSM_ACC_GYRO_driver_HL.o
 .text.LSM6DSM_X_Disable_Double_Tap_Detection
                0x000000000800e040       0xc6 Drivers/BSP/Components/LSM6DSM_ACC_GYRO_driver_HL.o
 .text.LSM6DSM_X_Get_Double_Tap_Detection_Status
                0x000000000800e106       0x48 Drivers/BSP/Components/LSM6DSM_ACC_GYRO_driver_HL.o
 .text.LSM6DSM_X_Set_Tap_Threshold
                0x000000000800e14e       0x2a Drivers/BSP/Components/LSM6DSM_ACC_GYRO_driver_HL.o
 .text.LSM6DSM_X_Set_Tap_Shock_Time
                0x000000000800e178       0x2a Drivers/BSP/Components/LSM6DSM_ACC_GYRO_driver_HL.o
 .text.LSM6DSM_X_Set_Tap_Quiet_Time
                0x000000000800e1a2       0x2a Drivers/BSP/Components/LSM6DSM_ACC_GYRO_driver_HL.o
 .text.LSM6DSM_X_Set_Tap_Duration_Time
                0x000000000800e1cc       0x2a Drivers/BSP/Components/LSM6DSM_ACC_GYRO_driver_HL.o
 *fill*         0x000000000800e1f6        0x2 
 .text.LSM6DSM_X_Enable_6D_Orientation
                0x000000000800e1f8       0x74 Drivers/BSP/Components/LSM6DSM_ACC_GYRO_driver_HL.o
 .text.LSM6DSM_X_Disable_6D_Orientation
                0x000000000800e26c       0x48 Drivers/BSP/Components/LSM6DSM_ACC_GYRO_driver_HL.o
 .text.LSM6DSM_X_Get_6D_Orientation_Status
                0x000000000800e2b4       0x48 Drivers/BSP/Components/LSM6DSM_ACC_GYRO_driver_HL.o
 .text.LSM6DSM_X_Get_6D_Orientation_XL
                0x000000000800e2fc       0x48 Drivers/BSP/Components/LSM6DSM_ACC_GYRO_driver_HL.o
 .text.LSM6DSM_X_Get_6D_Orientation_XH
                0x000000000800e344       0x48 Drivers/BSP/Components/LSM6DSM_ACC_GYRO_driver_HL.o
 .text.LSM6DSM_X_Get_6D_Orientation_YL
                0x000000000800e38c       0x48 Drivers/BSP/Components/LSM6DSM_ACC_GYRO_driver_HL.o
 .text.LSM6DSM_X_Get_6D_Orientation_YH
                0x000000000800e3d4       0x48 Drivers/BSP/Components/LSM6DSM_ACC_GYRO_driver_HL.o
 .text.LSM6DSM_X_Get_6D_Orientation_ZL
                0x000000000800e41c       0x48 Drivers/BSP/Components/LSM6DSM_ACC_GYRO_driver_HL.o
 .text.LSM6DSM_X_Get_6D_Orientation_ZH
                0x000000000800e464       0x48 Drivers/BSP/Components/LSM6DSM_ACC_GYRO_driver_HL.o
 .text.LSM6DSM_X_Read_Reg
                0x000000000800e4ac       0x2e Drivers/BSP/Components/LSM6DSM_ACC_GYRO_driver_HL.o
 .text.LSM6DSM_X_Write_Reg
                0x000000000800e4da       0x30 Drivers/BSP/Components/LSM6DSM_ACC_GYRO_driver_HL.o
 .text.LSM6DSM_X_Get_DRDY_Status
                0x000000000800e50a       0x48 Drivers/BSP/Components/LSM6DSM_ACC_GYRO_driver_HL.o
 .text.LSM6DSM_G_Read_Reg
                0x000000000800e552       0x2e Drivers/BSP/Components/LSM6DSM_ACC_GYRO_driver_HL.o
 .text.LSM6DSM_G_Write_Reg
                0x000000000800e580       0x30 Drivers/BSP/Components/LSM6DSM_ACC_GYRO_driver_HL.o
 .text.LSM6DSM_G_Get_DRDY_Status
                0x000000000800e5b0       0x48 Drivers/BSP/Components/LSM6DSM_ACC_GYRO_driver_HL.o
 .text.STC3115_Init
                0x000000000800e5f8      0x254 Drivers/BSP/Components/STC3115_Driver.o
 .text.STC3115_DeInit
                0x000000000800e84c       0x1c Drivers/BSP/Components/STC3115_Driver.o
 .text.STC3115_Get_WhoAmI
                0x000000000800e868       0x2a Drivers/BSP/Components/STC3115_Driver.o
 *fill*         0x000000000800e892        0x2 
 .text.STC3115_Task
                0x000000000800e894      0x2a8 Drivers/BSP/Components/STC3115_Driver.o
 .text.STC3115_Reset
                0x000000000800eb3c       0x52 Drivers/BSP/Components/STC3115_Driver.o
 .text.STC3115_Stop
                0x000000000800eb8e       0x4e Drivers/BSP/Components/STC3115_Driver.o
 .text.STC3115_GetSOC
                0x000000000800ebdc       0x38 Drivers/BSP/Components/STC3115_Driver.o
 .text.STC3115_GetOCV
                0x000000000800ec14       0x26 Drivers/BSP/Components/STC3115_Driver.o
 .text.STC3115_GetCurrent
                0x000000000800ec3a       0x24 Drivers/BSP/Components/STC3115_Driver.o
 .text.STC3115_GetTemperature
                0x000000000800ec5e       0x24 Drivers/BSP/Components/STC3115_Driver.o
 .text.STC3115_GetVoltage
                0x000000000800ec82       0x26 Drivers/BSP/Components/STC3115_Driver.o
 .text.STC3115_GetChargeValue
                0x000000000800eca8       0x26 Drivers/BSP/Components/STC3115_Driver.o
 .text.STC3115_GetPresence
                0x000000000800ecce       0x26 Drivers/BSP/Components/STC3115_Driver.o
 .text.STC3115_GetAlarmStatus
                0x000000000800ecf4       0x2a Drivers/BSP/Components/STC3115_Driver.o
 .text.STC3115_Status
                0x000000000800ed1e       0x52 Drivers/BSP/Components/STC3115_Driver.o
 .text.STC3115_CalcRamCRC8
                0x000000000800ed70       0x6c Drivers/BSP/Components/STC3115_Driver.o
 .text.STC3115_UpdateRamCRC
                0x000000000800eddc       0x30 Drivers/BSP/Components/STC3115_Driver.o
 .text.STC3115_InitRamData
                0x000000000800ee0c       0x5a Drivers/BSP/Components/STC3115_Driver.o
 .text.STC3115_WriteRamData
                0x000000000800ee66       0x2c Drivers/BSP/Components/STC3115_Driver.o
 .text.STC3115_ReadRamData
                0x000000000800ee92       0x2c Drivers/BSP/Components/STC3115_Driver.o
 .text.STC3115_ReadBatteryData
                0x000000000800eebe      0x156 Drivers/BSP/Components/STC3115_Driver.o
 .text.STC3115_Restore
                0x000000000800f014       0x60 Drivers/BSP/Components/STC3115_Driver.o
 .text.STC3115_Powerdown
                0x000000000800f074       0x42 Drivers/BSP/Components/STC3115_Driver.o
 .text.STC3115_conv
                0x000000000800f0b6       0x38 Drivers/BSP/Components/STC3115_Driver.o
 .text.STC3115_Startup
                0x000000000800f0ee       0x48 Drivers/BSP/Components/STC3115_Driver.o
 .text.STC3115_Read
                0x000000000800f136       0x36 Drivers/BSP/Components/STC3115_Driver.o
 .text.STC3115_Write
                0x000000000800f16c       0x36 Drivers/BSP/Components/STC3115_Driver.o
 .text.STC3115_ReadWord
                0x000000000800f1a2       0x3a Drivers/BSP/Components/STC3115_Driver.o
 .text.STC3115_WriteWord
                0x000000000800f1dc       0x38 Drivers/BSP/Components/STC3115_Driver.o
 .text.STC3115_SetParam
                0x000000000800f214      0x128 Drivers/BSP/Components/STC3115_Driver.o
 .text.BSP_LED_Init
                0x000000000800f33c       0xa0 Drivers/BSP/SensorTile/SensorTile.o
                0x000000000800f33c                BSP_LED_Init
 .text.BSP_LED_On
                0x000000000800f3dc       0x5c Drivers/BSP/SensorTile/SensorTile.o
                0x000000000800f3dc                BSP_LED_On
 .text.BSP_LED_Off
                0x000000000800f438       0x5c Drivers/BSP/SensorTile/SensorTile.o
                0x000000000800f438                BSP_LED_Off
 .text.Sensor_IO_I2C_Init
                0x000000000800f494       0x18 Drivers/BSP/SensorTile/SensorTile.o
                0x000000000800f494                Sensor_IO_I2C_Init
 .text.Sensor_IO_SPI_Init
                0x000000000800f4ac      0x118 Drivers/BSP/SensorTile/SensorTile.o
                0x000000000800f4ac                Sensor_IO_SPI_Init
 .text.Sensor_IO_SPI_CS_Init_All
                0x000000000800f5c4      0x124 Drivers/BSP/SensorTile/SensorTile.o
                0x000000000800f5c4                Sensor_IO_SPI_CS_Init_All
 .text.Sensor_IO_SPI_CS_Init
                0x000000000800f6e8      0x12c Drivers/BSP/SensorTile/SensorTile.o
                0x000000000800f6e8                Sensor_IO_SPI_CS_Init
 .text.Sensor_IO_Write
                0x000000000800f814       0x86 Drivers/BSP/SensorTile/SensorTile.o
                0x000000000800f814                Sensor_IO_Write
 .text.Sensor_IO_I2C_Write
                0x000000000800f89a       0x30 Drivers/BSP/SensorTile/SensorTile.o
                0x000000000800f89a                Sensor_IO_I2C_Write
 .text.Sensor_IO_Read
                0x000000000800f8ca       0x86 Drivers/BSP/SensorTile/SensorTile.o
                0x000000000800f8ca                Sensor_IO_Read
 .text.Sensor_IO_I2C_Read
                0x000000000800f950       0x30 Drivers/BSP/SensorTile/SensorTile.o
                0x000000000800f950                Sensor_IO_I2C_Read
 .text.Sensor_IO_SPI_Write
                0x000000000800f980       0x60 Drivers/BSP/SensorTile/SensorTile.o
                0x000000000800f980                Sensor_IO_SPI_Write
 .text.Sensor_IO_SPI_Read
                0x000000000800f9e0       0x9c Drivers/BSP/SensorTile/SensorTile.o
                0x000000000800f9e0                Sensor_IO_SPI_Read
 .text.Sensor_IO_SPI_CS_Enable
                0x000000000800fa7c       0x74 Drivers/BSP/SensorTile/SensorTile.o
                0x000000000800fa7c                Sensor_IO_SPI_CS_Enable
 .text.Sensor_IO_SPI_CS_Disable
                0x000000000800faf0       0x74 Drivers/BSP/SensorTile/SensorTile.o
                0x000000000800faf0                Sensor_IO_SPI_CS_Disable
 .text.LSM6DSM_Sensor_IO_ITConfig
                0x000000000800fb64       0x5c Drivers/BSP/SensorTile/SensorTile.o
                0x000000000800fb64                LSM6DSM_Sensor_IO_ITConfig
 .text.SPI_Read
                0x000000000800fbc0       0x70 Drivers/BSP/SensorTile/SensorTile.o
                0x000000000800fbc0                SPI_Read
 .text.SPI_Read_nBytes
                0x000000000800fc30       0xa4 Drivers/BSP/SensorTile/SensorTile.o
                0x000000000800fc30                SPI_Read_nBytes
 .text.SPI_Write
                0x000000000800fcd4       0x52 Drivers/BSP/SensorTile/SensorTile.o
                0x000000000800fcd4                SPI_Write
 *fill*         0x000000000800fd26        0x2 
 .text.I2C_SENSORTILE_Init
                0x000000000800fd28       0x54 Drivers/BSP/SensorTile/SensorTile.o
 .text.I2C_SENSORTILE_WriteData
                0x000000000800fd7c       0x60 Drivers/BSP/SensorTile/SensorTile.o
 .text.I2C_SENSORTILE_ReadData
                0x000000000800fddc       0x60 Drivers/BSP/SensorTile/SensorTile.o
 .text.I2C_SENSORTILE_Error
                0x000000000800fe3c       0x20 Drivers/BSP/SensorTile/SensorTile.o
 .text.I2C_SENSORTILE_MspInit
                0x000000000800fe5c       0xc0 Drivers/BSP/SensorTile/SensorTile.o
 .text.SD_IO_SPI_MspInit
                0x000000000800ff1c       0xc0 Drivers/BSP/SensorTile/SensorTile.o
 .text.SD_IO_SPI_Init_LS
                0x000000000800ffdc       0x78 Drivers/BSP/SensorTile/SensorTile.o
 .text.SD_IO_SPI_Init
                0x0000000008010054       0x78 Drivers/BSP/SensorTile/SensorTile.o
 .text.SD_IO_SPI_Read
                0x00000000080100cc       0x48 Drivers/BSP/SensorTile/SensorTile.o
 .text.SD_IO_SPI_Write
                0x0000000008010114       0x3c Drivers/BSP/SensorTile/SensorTile.o
 .text.SD_IO_SPI_Error
                0x0000000008010150       0x18 Drivers/BSP/SensorTile/SensorTile.o
 .text.SD_IO_Init
                0x0000000008010168       0x40 Drivers/BSP/SensorTile/SensorTile.o
                0x0000000008010168                SD_IO_Init
 .text.SD_IO_Init_LS
                0x00000000080101a8       0x40 Drivers/BSP/SensorTile/SensorTile.o
                0x00000000080101a8                SD_IO_Init_LS
 .text.SD_IO_CS_Init
                0x00000000080101e8       0x4c Drivers/BSP/SensorTile/SensorTile.o
                0x00000000080101e8                SD_IO_CS_Init
 .text.SD_IO_CS_DeInit
                0x0000000008010234       0x30 Drivers/BSP/SensorTile/SensorTile.o
                0x0000000008010234                SD_IO_CS_DeInit
 .text.SD_IO_WriteByte
                0x0000000008010264       0x1a Drivers/BSP/SensorTile/SensorTile.o
                0x0000000008010264                SD_IO_WriteByte