Archive member included to satisfy reference by file (symbol)

/Applications/STM32CubeIDE.app/Contents/Eclipse/plugins/fr.ac6.mcu.externaltools.arm-none.macos64_1.17.0.201812190825/tools/compiler/bin/../lib/gcc/arm-none-eabi/7.3.1/../../../../arm-none-eabi/lib/thumb/v7e-m/fpv4-sp/hard/libm.a(lib_a-s_trunc.o)
                              DataLog/User/datalog_application.o (trunc)
/Applications/STM32CubeIDE.app/Contents/Eclipse/plugins/fr.ac6.mcu.externaltools.arm-none.macos64_1.17.0.201812190825/tools/compiler/bin/../lib/gcc/arm-none-eabi/7.3.1/../../../../arm-none-eabi/lib/thumb/v7e-m/fpv4-sp/hard/libm.a(lib_a-w_acos.o)
                              DataLog/User/datalog_application.o (acos)
/Applications/STM32CubeIDE.app/Contents/Eclipse/plugins/fr.ac6.mcu.externaltools.arm-none.macos64_1.17.0.201812190825/tools/compiler/bin/../lib/gcc/arm-none-eabi/7.3.1/../../../../arm-none-eabi/lib/thumb/v7e-m/fpv4-sp/hard/libm.a(lib_a-w_atan2.o)
                              DataLog/User/datalog_application.o (atan2)
/Applications/STM32CubeIDE.app/Contents/Eclipse/plugins/fr.ac6.mcu.externaltools.arm-none.macos64_1.17.0.201812190825/tools/compiler/bin/../lib/gcc/arm-none-eabi/7.3.1/../../../../arm-none-eabi/lib/thumb/v7e-m/fpv4-sp/hard/libm.a(lib_a-w_pow.o)
                              DataLog/User/datalog_application.o (pow)
/Applications/STM32CubeIDE.app/Contents/Eclipse/plugins/fr.ac6.mcu.externaltools.arm-none.macos64_1.17.0.201812190825/tools/compiler/bin/../lib/gcc/arm-none-eabi/7.3.1/../../../../arm-none-eabi/lib/thumb/v7e-m/fpv4-sp/hard/libm.a(lib_a-w_sqrt.o)
                              DataLog/User/datalog_application.o (sqrt)
/Applications/STM32CubeIDE.app/Contents/Eclipse/plugins/fr.ac6.mcu.externaltools.arm-none.macos64_1.17.0.201812190825/tools/compiler/bin/../lib/gcc/arm-none-eabi/7.3.1/../../../../arm-none-eabi/lib/thumb/v7e-m/fpv4-sp/hard/libm.a(lib_a-e_acos.o)
                              /Applications/STM32CubeIDE.app/Contents/Eclipse/plugins/fr.ac6.mcu.externaltools.arm-none.macos64_1.17.0.201812190825/tools/compiler/bin/../lib/gcc/arm-none-eabi/7.3.1/../../../../arm-none-eabi/lib/thumb/v7e-m/fpv4-sp/hard/libm.a(lib_a-w_acos.o) (__ieee754_acos)
/Applications/STM32CubeIDE.app/Contents/Eclipse/plugins/fr.ac6.mcu.externaltools.arm-none.macos64_1.17.0.201812190825/tools/compiler/bin/../lib/gcc/arm-none-eabi/7.3.1/../../../../arm-none-eabi/lib/thumb/v7e-m/fpv4-sp/hard/libm.a(lib_a-e_atan2.o)
                              /Applications/STM32CubeIDE.app/Contents/Eclipse/plugins/fr.ac6.mcu.externaltools.arm-none.macos64_1.17.0.201812190825/tools/compiler/bin/../lib/gcc/arm-none-eabi/7.3.1/../../../../arm-none-eabi/lib/thumb/v7e-m/fpv4-sp/hard/libm.a(lib_a-w_atan2.o) (__ieee754_atan2)
/Applications/STM32CubeIDE.app/Contents/Eclipse/plugins/fr.ac6.mcu.externaltools.arm-none.macos64_1.17.0.201812190825/tools/compiler/bin/../lib/gcc/arm-none-eabi/7.3.1/../../../../arm-none-eabi/lib/thumb/v7e-m/fpv4-sp/hard/libm.a(lib_a-e_pow.o)
                              /Applications/STM32CubeIDE.app/Contents/Eclipse/plugins/fr.ac6.mcu.externaltools.arm-none.macos64_1.17.0.201812190825/tools/compiler/bin/../lib/gcc/arm-none-eabi/7.3.1/../../../../arm-none-eabi/lib/thumb/v7e-m/fpv4-sp/hard/libm.a(lib_a-w_pow.o) (__ieee754_pow)
/Applications/STM32CubeIDE.app/Contents/Eclipse/plugins/fr.ac6.mcu.externaltools.arm-none.macos64_1.17.0.201812190825/tools/compiler/bin/../lib/gcc/arm-none-eabi/7.3.1/../../../../arm-none-eabi/lib/thumb/v7e-m/fpv4-sp/hard/libm.a(lib_a-e_sqrt.o)
                              /Applications/STM32CubeIDE.app/Contents/Eclipse/plugins/fr.ac6.mcu.externaltools.arm-none.macos64_1.17.0.201812190825/tools/compiler/bin/../lib/gcc/arm-none-eabi/7.3.1/../../../../arm-none-eabi/lib/thumb/v7e-m/fpv4-sp/hard/libm.a(lib_a-w_sqrt.o) (__ieee754_sqrt)
/Applications/STM32CubeIDE.app/Contents/Eclipse/plugins/fr.ac6.mcu.externaltools.arm-none.macos64_1.17.0.201812190825/tools/compiler/bin/../lib/gcc/arm-none-eabi/7.3.1/../../../../arm-none-eabi/lib/thumb/v7e-m/fpv4-sp/hard/libm.a(lib_a-s_atan.o)
                              /Applications/STM32CubeIDE.app/Contents/Eclipse/plugins/fr.ac6.mcu.externaltools.arm-none.macos64_1.17.0.201812190825/tools/compiler/bin/../lib/gcc/arm-none-eabi/7.3.1/../../../../arm-none-eabi/lib/thumb/v7e-m/fpv4-sp/hard/libm.a(lib_a-e_atan2.o) (atan)
/Applications/STM32CubeIDE.app/Contents/Eclipse/plugins/fr.ac6.mcu.externaltools.arm-none.macos64_1.17.0.201812190825/tools/compiler/bin/../lib/gcc/arm-none-eabi/7.3.1/../../../../arm-none-eabi/lib/thumb/v7e-m/fpv4-sp/hard/libm.a(lib_a-s_fabs.o)
                              /Applications/STM32CubeIDE.app/Contents/Eclipse/plugins/fr.ac6.mcu.externaltools.arm-none.macos64_1.17.0.201812190825/tools/compiler/bin/../lib/gcc/arm-none-eabi/7.3.1/../../../../arm-none-eabi/lib/thumb/v7e-m/fpv4-sp/hard/libm.a(lib_a-w_acos.o) (fabs)
[...]
Memory Configuration

Name             Origin             Length             Attributes
FLASH            0x0000000008004000 0x0000000000040000 xr
RAM              0x0000000020000000 0x0000000000018000 xrw
SRAM2            0x0000000010000000 0x0000000000008000 xrw
*default*        0x0000000000000000 0xffffffffffffffff

Linker script and memory map

LOAD /Applications/STM32CubeIDE.app/Contents/Eclipse/plugins/fr.ac6.mcu.externaltools.arm-none.macos64_1.17.0.201812190825/tools/compiler/bin/../lib/gcc/arm-none-eabi/7.3.1/thumb/v7e-m/fpv4-sp/hard/crti.o
LOAD /Applications/STM32CubeIDE.app/Contents/Eclipse/plugins/fr.ac6.mcu.externaltools.arm-none.macos64_1.17.0.201812190825/tools/compiler/bin/../lib/gcc/arm-none-eabi/7.3.1/thumb/v7e-m/fpv4-sp/hard/crtbegin.o
LOAD /Applications/STM32CubeIDE.app/Contents/Eclipse/plugins/fr.ac6.mcu.externaltools.arm-none.macos64_1.17.0.201812190825/tools/compiler/bin/../lib/gcc/arm-none-eabi/7.3.1/../../../../arm-none-eabi/lib/thumb/v7e-m/fpv4-sp/hard/crt0.o
LOAD DataLog/SW4STM32/startup_stm32l476xx.o
LOAD DataLog/User/cube_hal_l4.o
LOAD DataLog/User/datalog_application.o
LOAD DataLog/User/main.o
LOAD DataLog/User/stm32l4xx_hal_msp.o
LOAD DataLog/User/stm32l4xx_it.o
LOAD DataLog/User/syscalls.o
LOAD DataLog/User/usbd_cdc_interface.o
LOAD DataLog/User/usbd_conf.o
LOAD DataLog/User/usbd_desc.o
LOAD Drivers/BSP/Components/HTS221_Driver.o
LOAD Drivers/BSP/Components/HTS221_Driver_HL.o
LOAD Drivers/BSP/Components/LPS22HB_Driver.o
LOAD Drivers/BSP/Components/LPS22HB_Driver_HL.o
LOAD Drivers/BSP/Components/LSM303AGR_ACC_driver.o
LOAD Drivers/BSP/Components/LSM303AGR_ACC_driver_HL.o
LOAD Drivers/BSP/Components/LSM303AGR_MAG_driver.o
LOAD Drivers/BSP/Components/LSM303AGR_MAG_driver_HL.o
LOAD Drivers/BSP/Components/LSM6DSM_ACC_GYRO_driver.o
LOAD Drivers/BSP/Components/LSM6DSM_ACC_GYRO_driver_HL.o
LOAD Drivers/BSP/Components/STC3115_Driver.o
LOAD Drivers/BSP/SensorTile/SensorTile.o
LOAD Drivers/BSP/SensorTile/SensorTile_accelero.o
LOAD Drivers/BSP/SensorTile/SensorTile_gg.o
LOAD Drivers/BSP/SensorTile/SensorTile_gyro.o
LOAD Drivers/BSP/SensorTile/SensorTile_humidity.o
LOAD Drivers/BSP/SensorTile/SensorTile_magneto.o
LOAD Drivers/BSP/SensorTile/SensorTile_pressure.o
LOAD Drivers/BSP/SensorTile/SensorTile_sd.o
LOAD Drivers/BSP/SensorTile/SensorTile_temperature.o
LOAD Drivers/CMSIS/system_stm32l4xx.o
LOAD Drivers/STM32L4xx_HAL_Driver/stm32l4xx_hal.o
LOAD Drivers/STM32L4xx_HAL_Driver/stm32l4xx_hal_cortex.o
LOAD Drivers/STM32L4xx_HAL_Driver/stm32l4xx_hal_dma.o
LOAD Drivers/STM32L4xx_HAL_Driver/stm32l4xx_hal_gpio.o
LOAD Drivers/STM32L4xx_HAL_Driver/stm32l4xx_hal_i2c.o
LOAD Drivers/STM32L4xx_HAL_Driver/stm32l4xx_hal_i2c_ex.o
LOAD Drivers/STM32L4xx_HAL_Driver/stm32l4xx_hal_pcd.o
LOAD Drivers/STM32L4xx_HAL_Driver/stm32l4xx_hal_pcd_ex.o
LOAD Drivers/STM32L4xx_HAL_Driver/stm32l4xx_hal_pwr.o
LOAD Drivers/STM32L4xx_HAL_Driver/stm32l4xx_hal_pwr_ex.o
LOAD Drivers/STM32L4xx_HAL_Driver/stm32l4xx_hal_rcc.o
LOAD Drivers/STM32L4xx_HAL_Driver/stm32l4xx_hal_rcc_ex.o
LOAD Drivers/STM32L4xx_HAL_Driver/stm32l4xx_hal_rtc.o
LOAD Drivers/STM32L4xx_HAL_Driver/stm32l4xx_hal_rtc_ex.o
LOAD Drivers/STM32L4xx_HAL_Driver/stm32l4xx_hal_spi.o
LOAD Drivers/STM32L4xx_HAL_Driver/stm32l4xx_hal_spi_ex.o
LOAD Drivers/STM32L4xx_HAL_Driver/stm32l4xx_hal_tim.o
LOAD Drivers/STM32L4xx_HAL_Driver/stm32l4xx_hal_tim_ex.o
LOAD Drivers/STM32L4xx_HAL_Driver/stm32l4xx_ll_usb.o
LOAD Middlewares/FatFs/diskio.o
LOAD Middlewares/FatFs/ff.o
LOAD Middlewares/FatFs/ff_gen_drv.o
LOAD Middlewares/FatFs/sd_diskio.o
LOAD Middlewares/FatFs/syscall.o
LOAD Middlewares/FatFs/unicode.o
LOAD Middlewares/STM32_USBD_Library/Class/usbd_cdc.o
LOAD Middlewares/STM32_USBD_Library/Core/usbd_core.o
LOAD Middlewares/STM32_USBD_Library/Core/usbd_ctlreq.o
LOAD Middlewares/STM32_USBD_Library/Core/usbd_ioreq.o
LOAD /Applications/STM32CubeIDE.app/Contents/Eclipse/plugins/fr.ac6.mcu.externaltools.arm-none.macos64_1.17.0.201812190825/tools/compiler/bin/../lib/gcc/arm-none-eabi/7.3.1/../../../../arm-none-eabi/lib/thumb/v7e-m/fpv4-sp/hard/libm.a
START GROUP
LOAD /Applications/STM32CubeIDE.app/Contents/Eclipse/plugins/fr.ac6.mcu.externaltools.arm-none.macos64_1.17.0.201812190825/tools/compiler/bin/../lib/gcc/arm-none-eabi/7.3.1/thumb/v7e-m/fpv4-sp/hard/libgcc.a
LOAD /Applications/STM32CubeIDE.app/Contents/Eclipse/plugins/fr.ac6.mcu.externaltools.arm-none.macos64_1.17.0.201812190825/tools/compiler/bin/../lib/gcc/arm-none-eabi/7.3.1/../../../../arm-none-eabi/lib/thumb/v7e-m/fpv4-sp/hard/libc_nano.a
END GROUP
START GROUP
LOAD /Applications/STM32CubeIDE.app/Contents/Eclipse/plugins/fr.ac6.mcu.externaltools.arm-none.macos64_1.17.0.201812190825/tools/compiler/bin/../lib/gcc/arm-none-eabi/7.3.1/thumb/v7e-m/fpv4-sp/hard/libgcc.a
LOAD /Applications/STM32CubeIDE.app/Contents/Eclipse/plugins/fr.ac6.mcu.externaltools.arm-none.macos64_1.17.0.201812190825/tools/compiler/bin/../lib/gcc/arm-none-eabi/7.3.1/../../../../arm-none-eabi/lib/thumb/v7e-m/fpv4-sp/hard/libc_nano.a
END GROUP
LOAD /Applications/STM32CubeIDE.app/Contents/Eclipse/plugins/fr.ac6.mcu.externaltools.arm-none.macos64_1.17.0.201812190825/tools/compiler/bin/../lib/gcc/arm-none-eabi/7.3.1/thumb/v7e-m/fpv4-sp/hard/crtend.o
LOAD /Applications/STM32CubeIDE.app/Contents/Eclipse/plugins/fr.ac6.mcu.externaltools.arm-none.macos64_1.17.0.201812190825/tools/compiler/bin/../lib/gcc/arm-none-eabi/7.3.1/thumb/v7e-m/fpv4-sp/hard/crtn.o
                0x0000000020017fff                _estack = 0x20017fff
                0x0000000000002000                _Min_Heap_Size = 0x2000
                0x0000000000002000                _Min_Stack_Size = 0x2000

.isr_vector     0x0000000008004000      0x188
                0x0000000008004000                . = ALIGN (0x8)
 *(.isr_vector)
 .isr_vector    0x0000000008004000      0x188 DataLog/SW4STM32/startup_stm32l476xx.o
                0x0000000008004000                g_pfnVectors
                0x0000000008004188                . = ALIGN (0x8)

.text           0x0000000008004190    0x1b910
                0x0000000008004190                . = ALIGN (0x8)
 *(.text)
 .text          0x0000000008004190       0x40 /Applications/STM32CubeIDE.app/Contents/Eclipse/plugins/fr.ac6.mcu.externaltools.arm-none.macos64_1.17.0.201812190825/tools/compiler/bin/../lib/gcc/arm-none-eabi/7.3.1/thumb/v7e-m/fpv4-sp/hard/crtbegin.o
 .text          0x00000000080041d0      0x378 /Applications/STM32CubeIDE.app/Contents/Eclipse/plugins/fr.ac6.mcu.externaltools.arm-none.macos64_1.17.0.201812190825/tools/compiler/bin/../lib/gcc/arm-none-eabi/7.3.1/thumb/v7e-m/fpv4-sp/hard/libgcc.a(_arm_addsubdf3.o)
                0x00000000080041d0                __aeabi_drsub
                0x00000000080041d8                __subdf3
                0x00000000080041d8                __aeabi_dsub
                0x00000000080041dc                __aeabi_dadd
                0x00000000080041dc                __adddf3
                0x0000000008004454                __aeabi_ui2d
                0x0000000008004454                __floatunsidf
                0x0000000008004474                __floatsidf
                0x0000000008004474                __aeabi_i2d
                0x0000000008004498                __extendsfdf2
                0x0000000008004498                __aeabi_f2d
                0x00000000080044dc                __aeabi_ul2d
                0x00000000080044dc                __floatundidf
                0x00000000080044ec                __aeabi_l2d
                0x00000000080044ec                __floatdidf
 .text          0x0000000008004548      0x424 /Applications/STM32CubeIDE.app/Contents/Eclipse/plugins/fr.ac6.mcu.externaltools.arm-none.macos64_1.17.0.201812190825/tools/compiler/bin/../lib/gcc/arm-none-eabi/7.3.1/thumb/v7e-m/fpv4-sp/hard/libgcc.a(_arm_muldivdf3.o)
                0x0000000008004548                __aeabi_dmul
                0x0000000008004548                __muldf3
                0x000000000800479c                __aeabi_ddiv
                0x000000000800479c                __divdf3
 .text          0x000000000800496c      0x110 /Applications/STM32CubeIDE.app/Contents/Eclipse/plugins/fr.ac6.mcu.externaltools.arm-none.macos64_1.17.0.201812190825/tools/compiler/bin/../lib/gcc/arm-none-eabi/7.3.1/thumb/v7e-m/fpv4-sp/hard/libgcc.a(_arm_cmpdf2.o)
                0x000000000800496c                __gedf2
                0x000000000800496c                __gtdf2
                0x0000000008004974                __ledf2
                0x0000000008004974                __ltdf2
                0x000000000800497c                __cmpdf2
                0x000000000800497c                __eqdf2
                0x000000000800497c                __nedf2
                0x00000000080049f8                __aeabi_cdrcmple
                0x0000000008004a08                __aeabi_cdcmple
                0x0000000008004a08                __aeabi_cdcmpeq
                0x0000000008004a18                __aeabi_dcmpeq
                0x0000000008004a2c                __aeabi_dcmplt
                0x0000000008004a40                __aeabi_dcmple
                0x0000000008004a54                __aeabi_dcmpge
                0x0000000008004a68                __aeabi_dcmpgt
 .text          0x0000000008004a7c       0x2c /Applications/STM32CubeIDE.app/Contents/Eclipse/plugins/fr.ac6.mcu.externaltools.arm-none.macos64_1.17.0.201812190825/tools/compiler/bin/../lib/gcc/arm-none-eabi/7.3.1/thumb/v7e-m/fpv4-sp/hard/libgcc.a(_arm_unorddf2.o)
                0x0000000008004a7c                __aeabi_dcmpun
                0x0000000008004a7c                __unorddf2
 .text          0x0000000008004aa8       0x50 /Applications/STM32CubeIDE.app/Contents/Eclipse/plugins/fr.ac6.mcu.externaltools.arm-none.macos64_1.17.0.201812190825/tools/compiler/bin/../lib/gcc/arm-none-eabi/7.3.1/thumb/v7e-m/fpv4-sp/hard/libgcc.a(_arm_fixdfsi.o)
                0x0000000008004aa8                __fixdfsi
                0x0000000008004aa8                __aeabi_d2iz
 .text          0x0000000008004af8       0x40 /Applications/STM32CubeIDE.app/Contents/Eclipse/plugins/fr.ac6.mcu.externaltools.arm-none.macos64_1.17.0.201812190825/tools/compiler/bin/../lib/gcc/arm-none-eabi/7.3.1/thumb/v7e-m/fpv4-sp/hard/libgcc.a(_arm_fixunsdfsi.o)
                0x0000000008004af8                __fixunsdfsi
                0x0000000008004af8                __aeabi_d2uiz
 .text          0x0000000008004b38       0xa0 /Applications/STM32CubeIDE.app/Contents/Eclipse/plugins/fr.ac6.mcu.externaltools.arm-none.macos64_1.17.0.201812190825/tools/compiler/bin/../lib/gcc/arm-none-eabi/7.3.1/thumb/v7e-m/fpv4-sp/hard/libgcc.a(_arm_truncdfsf2.o)
                0x0000000008004b38                __aeabi_d2f
                0x0000000008004b38                __truncdfsf2
 .text          0x0000000008004bd8       0xa0 /Applications/STM32CubeIDE.app/Contents/Eclipse/plugins/fr.ac6.mcu.externaltools.arm-none.macos64_1.17.0.201812190825/tools/compiler/bin/../lib/gcc/arm-none-eabi/7.3.1/thumb/v7e-m/fpv4-sp/hard/libgcc.a(_aeabi_ldivmod.o)
                0x0000000008004bd8                __aeabi_ldivmod
 .text          0x0000000008004c78      0x2cc /Applications/STM32CubeIDE.app/Contents/Eclipse/plugins/fr.ac6.mcu.externaltools.arm-none.macos64_1.17.0.201812190825/tools/compiler/bin/../lib/gcc/arm-none-eabi/7.3.1/thumb/v7e-m/fpv4-sp/hard/libgcc.a(_udivmoddi4.o)
                0x0000000008004c78                __udivmoddi4
 .text          0x0000000008004f44        0x4 /Applications/STM32CubeIDE.app/Contents/Eclipse/plugins/fr.ac6.mcu.externaltools.arm-none.macos64_1.17.0.201812190825/tools/compiler/bin/../lib/gcc/arm-none-eabi/7.3.1/thumb/v7e-m/fpv4-sp/hard/libgcc.a(_dvmd_tls.o)
                0x0000000008004f44                __aeabi_ldiv0
                0x0000000008004f44                __aeabi_idiv0
 .text          0x0000000008004f48       0x10 /Applications/STM32CubeIDE.app/Contents/Eclipse/plugins/fr.ac6.mcu.externaltools.arm-none.macos64_1.17.0.201812190825/tools/compiler/bin/../lib/gcc/arm-none-eabi/7.3.1/../../../../arm-none-eabi/lib/thumb/v7e-m/fpv4-sp/hard/libc_nano.a(lib_a-strlen.o)
                0x0000000008004f48                strlen
 *fill*         0x0000000008004f58        0x8 
 .text          0x0000000008004f60       0xa0 /Applications/STM32CubeIDE.app/Contents/Eclipse/plugins/fr.ac6.mcu.externaltools.arm-none.macos64_1.17.0.201812190825/tools/compiler/bin/../lib/gcc/arm-none-eabi/7.3.1/../../../../arm-none-eabi/lib/thumb/v7e-m/fpv4-sp/hard/libc_nano.a(lib_a-memchr.o)
                0x0000000008004f60                memchr
 *(.text*)
 .text.Reset_Handler
                0x0000000008005000       0x50 DataLog/SW4STM32/startup_stm32l476xx.o
                0x0000000008005000                Reset_Handler
 .text.Default_Handler
                0x0000000008005050        0x2 DataLog/SW4STM32/startup_stm32l476xx.o
                0x0000000008005050                TIM1_BRK_TIM15_IRQHandler
                0x0000000008005050                TIM8_TRG_COM_IRQHandler
                0x0000000008005050                TIM8_CC_IRQHandler
                0x0000000008005050                TIM1_CC_IRQHandler
                0x0000000008005050                TSC_IRQHandler
                0x0000000008005050                TAMP_STAMP_IRQHandler
                0x0000000008005050                PendSV_Handler
                0x0000000008005050                EXTI3_IRQHandler
                0x0000000008005050                LPTIM2_IRQHandler
                0x0000000008005050                DFSDM1_FLT1_IRQHandler
                0x0000000008005050                I2C3_ER_IRQHandler
                0x0000000008005050                DFSDM1_FLT2_IRQHandler
                0x0000000008005050                EXTI0_IRQHandler
                0x0000000008005050                I2C2_EV_IRQHandler
                0x0000000008005050                CAN1_RX0_IRQHandler
                0x0000000008005050                FPU_IRQHandler
                0x0000000008005050                TIM1_UP_TIM16_IRQHandler
                0x0000000008005050                UsageFault_Handler
                0x0000000008005050                ADC1_2_IRQHandler
                0x0000000008005050                SPI1_IRQHandler
                0x0000000008005050                TIM6_DAC_IRQHandler
                0x0000000008005050                TIM8_UP_IRQHandler
                0x0000000008005050                DMA2_Channel2_IRQHandler
                0x0000000008005050                DMA1_Channel4_IRQHandler
                0x0000000008005050                SAI2_IRQHandler
                0x0000000008005050                DFSDM1_FLT3_IRQHandler
                0x0000000008005050                USART3_IRQHandler
                0x0000000008005050                DMA1_Channel7_IRQHandler
                0x0000000008005050                CAN1_RX1_IRQHandler
                0x0000000008005050                LCD_IRQHandler
                0x0000000008005050                UART5_IRQHandler
                0x0000000008005050                ADC3_IRQHandler
                0x0000000008005050                TIM4_IRQHandler
                0x0000000008005050                DMA2_Channel1_IRQHandler
                0x0000000008005050                QUADSPI_IRQHandler
                0x0000000008005050                I2C1_EV_IRQHandler
                0x0000000008005050                DMA1_Channel6_IRQHandler
                0x0000000008005050                UART4_IRQHandler
                0x0000000008005050                DMA2_Channel4_IRQHandler
                0x0000000008005050                RCC_IRQHandler
                0x0000000008005050                DMA1_Channel1_IRQHandler
                0x0000000008005050                Default_Handler
                0x0000000008005050                DMA2_Channel7_IRQHandler
                0x0000000008005050                EXTI15_10_IRQHandler
                0x0000000008005050                TIM7_IRQHandler
                0x0000000008005050                SDMMC1_IRQHandler
                0x0000000008005050                TIM5_IRQHandler
                0x0000000008005050                I2C3_EV_IRQHandler
                0x0000000008005050                EXTI9_5_IRQHandler
                0x0000000008005050                RTC_WKUP_IRQHandler
                0x0000000008005050                PVD_PVM_IRQHandler
                0x0000000008005050                SPI2_IRQHandler
                0x0000000008005050                MemManage_Handler
                0x0000000008005050                CAN1_TX_IRQHandler
                0x0000000008005050                SVC_Handler
                0x0000000008005050                DMA2_Channel5_IRQHandler
                0x0000000008005050                DMA1_Channel5_IRQHandler
                0x0000000008005050                EXTI4_IRQHandler
                0x0000000008005050                RNG_IRQHandler
                0x0000000008005050                TIM1_TRG_COM_TIM17_IRQHandler
                0x0000000008005050                DMA1_Channel3_IRQHandler
                0x0000000008005050                COMP_IRQHandler
                0x0000000008005050                WWDG_IRQHandler
                0x0000000008005050                LPUART1_IRQHandler
                0x0000000008005050                DMA2_Channel6_IRQHandler
                0x0000000008005050                TIM2_IRQHandler
                0x0000000008005050                EXTI1_IRQHandler
                0x0000000008005050                USART2_IRQHandler
                0x0000000008005050                DFSDM1_FLT0_IRQHandler
                0x0000000008005050                I2C2_ER_IRQHandler
                0x0000000008005050                DMA1_Channel2_IRQHandler
                0x0000000008005050                TIM8_BRK_IRQHandler
                0x0000000008005050                CAN1_SCE_IRQHandler
                0x0000000008005050                FLASH_IRQHandler
                0x0000000008005050                BusFault_Handler
                0x0000000008005050                USART1_IRQHandler
                0x0000000008005050                SPI3_IRQHandler
                0x0000000008005050                I2C1_ER_IRQHandler
                0x0000000008005050                FMC_IRQHandler
                0x0000000008005050                SWPMI1_IRQHandler
                0x0000000008005050                LPTIM1_IRQHandler
                0x0000000008005050                SAI1_IRQHandler
                0x0000000008005050                DMA2_Channel3_IRQHandler
                0x0000000008005050                RTC_Alarm_IRQHandler
 *fill*         0x0000000008005052        0x2 
 .text.SystemClock_Config
                0x0000000008005054      0x144 DataLog/User/cube_hal_l4.o
                0x0000000008005054                SystemClock_Config
 .text.Error_Handler
                0x0000000008005198        0x6 DataLog/User/cube_hal_l4.o
 *fill*         0x000000000800519e        0x2 
 .text.DATALOG_SD_Init
                0x00000000080051a0       0x54 DataLog/User/datalog_application.o
                0x00000000080051a0                DATALOG_SD_Init
 .text.DATALOG_SD_Log_Enable
                0x00000000080051f4       0xa0 DataLog/User/datalog_application.o
                0x00000000080051f4                DATALOG_SD_Log_Enable
 .text.DATALOG_SD_Log_Disable
                0x0000000008005294       0x18 DataLog/User/datalog_application.o
                0x0000000008005294                DATALOG_SD_Log_Disable
 .text.DATALOG_SD_NewLine
                0x00000000080052ac       0x24 DataLog/User/datalog_application.o
                0x00000000080052ac                DATALOG_SD_NewLine
 .text.RTC_Handler
                0x00000000080052d0       0xec DataLog/User/datalog_application.o
                0x00000000080052d0                RTC_Handler
 .text.Accelero_Sensor_Handler
                0x00000000080053bc      0x398 DataLog/User/datalog_application.o
                0x00000000080053bc                Accelero_Sensor_Handler
 .text.Gyro_Sensor_Handler
                0x0000000008005754      0x260 DataLog/User/datalog_application.o
                0x0000000008005754                Gyro_Sensor_Handler
 .text.Humidity_Sensor_Handler
                0x00000000080059b4      0x19c DataLog/User/datalog_application.o
                0x00000000080059b4                Humidity_Sensor_Handler
 .text.Temperature_Sensor_Handler
                0x0000000008005b50      0x19c DataLog/User/datalog_application.o
                0x0000000008005b50                Temperature_Sensor_Handler
 .text.Gas_Gauge_Handler
                0x0000000008005cec       0xdc DataLog/User/datalog_application.o
                0x0000000008005cec                Gas_Gauge_Handler
 .text.floatToInt
                0x0000000008005dc8       0xc8 DataLog/User/datalog_application.o
                0x0000000008005dc8                floatToInt
 .text.main     0x0000000008005e90      0x1c8 DataLog/User/main.o
                0x0000000008005e90                main
 .text.initializeAllSensors
                0x0000000008006058       0xf4 DataLog/User/main.o
 .text.enableAllSensors
                0x000000000800614c       0x88 DataLog/User/main.o
                0x000000000800614c                enableAllSensors
 .text.RTC_Config
                0x00000000080061d4       0x4c DataLog/User/main.o
 .text.RTC_TimeStampConfig
                0x0000000008006220       0x68 DataLog/User/main.o
 .text.HAL_GPIO_EXTI_Callback
                0x0000000008006288       0x20 DataLog/User/main.o
                0x0000000008006288                HAL_GPIO_EXTI_Callback
 .text.Error_Handler
                0x00000000080062a8        0x6 DataLog/User/main.o
 *fill*         0x00000000080062ae        0x2 
 .text.HAL_RTC_MspInit
                0x00000000080062b0       0x34 DataLog/User/stm32l4xx_hal_msp.o
                0x00000000080062b0                HAL_RTC_MspInit
 .text.NMI_Handler
                0x00000000080062e4        0xe DataLog/User/stm32l4xx_it.o
                0x00000000080062e4                NMI_Handler
 .text.HardFault_Handler
                0x00000000080062f2        0x6 DataLog/User/stm32l4xx_it.o
                0x00000000080062f2                HardFault_Handler
 .text.DebugMon_Handler
                0x00000000080062f8        0xe DataLog/User/stm32l4xx_it.o
                0x00000000080062f8                DebugMon_Handler
 .text.SysTick_Handler
                0x0000000008006306        0xc DataLog/User/stm32l4xx_it.o
                0x0000000008006306                SysTick_Handler
 *fill*         0x0000000008006312        0x2 
 .text.OTG_FS_IRQHandler
                0x0000000008006314       0x14 DataLog/User/stm32l4xx_it.o
                0x0000000008006314                OTG_FS_IRQHandler
 .text.TIM3_IRQHandler
                0x0000000008006328       0x14 DataLog/User/stm32l4xx_it.o
                0x0000000008006328                TIM3_IRQHandler
 .text.EXTI2_IRQHandler
                0x000000000800633c        0xe DataLog/User/stm32l4xx_it.o
                0x000000000800633c                EXTI2_IRQHandler
 *fill*         0x000000000800634a        0x2 
 .text._sbrk    0x000000000800634c       0x58 DataLog/User/syscalls.o
                0x000000000800634c                _sbrk
 .text._write   0x00000000080063a4       0x38 DataLog/User/syscalls.o
                0x00000000080063a4                _write
 .text._close   0x00000000080063dc       0x18 DataLog/User/syscalls.o
                0x00000000080063dc                _close
 .text._fstat   0x00000000080063f4       0x20 DataLog/User/syscalls.o
                0x00000000080063f4                _fstat
 .text._isatty  0x0000000008006414       0x16 DataLog/User/syscalls.o
                0x0000000008006414                _isatty
 .text._lseek   0x000000000800642a       0x1a DataLog/User/syscalls.o
                0x000000000800642a                _lseek
 .text._read    0x0000000008006444       0x22 DataLog/User/syscalls.o
                0x0000000008006444                _read
 *fill*         0x0000000008006466        0x2 
 .text.CDC_Itf_Init
                0x0000000008006468       0x74 DataLog/User/usbd_cdc_interface.o
 .text.CDC_Itf_DeInit
                0x00000000080064dc       0x10 DataLog/User/usbd_cdc_interface.o
 .text.CDC_Itf_Control
                0x00000000080064ec      0x15c DataLog/User/usbd_cdc_interface.o
 .text.CDC_Fill_Buffer
                0x0000000008006648       0x54 DataLog/User/usbd_cdc_interface.o
                0x0000000008006648                CDC_Fill_Buffer
 .text.HAL_TIM_PeriodElapsedCallback
                0x000000000800669c       0x90 DataLog/User/usbd_cdc_interface.o
                0x000000000800669c                HAL_TIM_PeriodElapsedCallback
 .text.CDC_Itf_Receive
                0x000000000800672c       0x18 DataLog/User/usbd_cdc_interface.o
 .text.TIM_Config
                0x0000000008006744       0x40 DataLog/User/usbd_cdc_interface.o
 .text.Error_Handler
                0x0000000008006784        0xe DataLog/User/usbd_cdc_interface.o
 *fill*         0x0000000008006792        0x2 
 .text.HAL_PCD_MspInit
                0x0000000008006794       0x78 DataLog/User/usbd_conf.o
                0x0000000008006794                HAL_PCD_MspInit
 .text.HAL_PCD_SetupStageCallback
                0x000000000800680c       0x24 DataLog/User/usbd_conf.o
                0x000000000800680c                HAL_PCD_SetupStageCallback
 .text.HAL_PCD_DataOutStageCallback
                0x0000000008006830       0x36 DataLog/User/usbd_conf.o
                0x0000000008006830                HAL_PCD_DataOutStageCallback
 .text.HAL_PCD_DataInStageCallback
                0x0000000008006866       0x34 DataLog/User/usbd_conf.o
                0x0000000008006866                HAL_PCD_DataInStageCallback
 .text.HAL_PCD_SOFCallback
                0x000000000800689a       0x1c DataLog/User/usbd_conf.o
                0x000000000800689a                HAL_PCD_SOFCallback
 .text.HAL_PCD_ResetCallback
                0x00000000080068b6       0x2a DataLog/User/usbd_conf.o
                0x00000000080068b6                HAL_PCD_ResetCallback
 .text.HAL_PCD_SuspendCallback
                0x00000000080068e0       0x1c DataLog/User/usbd_conf.o
                0x00000000080068e0                HAL_PCD_SuspendCallback
 .text.HAL_PCD_ResumeCallback
                0x00000000080068fc       0x1c DataLog/User/usbd_conf.o
                0x00000000080068fc                HAL_PCD_ResumeCallback
 .text.HAL_PCD_ISOOUTIncompleteCallback
                0x0000000008006918       0x24 DataLog/User/usbd_conf.o
                0x0000000008006918                HAL_PCD_ISOOUTIncompleteCallback
 .text.HAL_PCD_ISOINIncompleteCallback
                0x000000000800693c       0x24 DataLog/User/usbd_conf.o
                0x000000000800693c                HAL_PCD_ISOINIncompleteCallback
 .text.HAL_PCD_ConnectCallback
                0x0000000008006960       0x1c DataLog/User/usbd_conf.o
                0x0000000008006960                HAL_PCD_ConnectCallback
 .text.HAL_PCD_DisconnectCallback
                0x000000000800697c       0x1c DataLog/User/usbd_conf.o
                0x000000000800697c                HAL_PCD_DisconnectCallback
 .text.USBD_LL_Init
                0x0000000008006998       0x94 DataLog/User/usbd_conf.o
                0x0000000008006998                USBD_LL_Init
 .text.USBD_LL_Start
                0x0000000008006a2c       0x1e DataLog/User/usbd_conf.o
                0x0000000008006a2c                USBD_LL_Start
 .text.USBD_LL_OpenEP
                0x0000000008006a4a       0x34 DataLog/User/usbd_conf.o
                0x0000000008006a4a                USBD_LL_OpenEP
 .text.USBD_LL_CloseEP
                0x0000000008006a7e       0x26 DataLog/User/usbd_conf.o
                0x0000000008006a7e                USBD_LL_CloseEP
 .text.USBD_LL_StallEP
                0x0000000008006aa4       0x26 DataLog/User/usbd_conf.o
                0x0000000008006aa4                USBD_LL_StallEP
 .text.USBD_LL_ClearStallEP
                0x0000000008006aca       0x26 DataLog/User/usbd_conf.o
                0x0000000008006aca                USBD_LL_ClearStallEP
 .text.USBD_LL_IsStallEP
                0x0000000008006af0       0x58 DataLog/User/usbd_conf.o
                0x0000000008006af0                USBD_LL_IsStallEP
 .text.USBD_LL_SetUSBAddress
                0x0000000008006b48       0x26 DataLog/User/usbd_conf.o
                0x0000000008006b48                USBD_LL_SetUSBAddress
 .text.USBD_LL_Transmit
                0x0000000008006b6e       0x2e DataLog/User/usbd_conf.o
                0x0000000008006b6e                USBD_LL_Transmit
 .text.USBD_LL_PrepareReceive
                0x0000000008006b9c       0x2e DataLog/User/usbd_conf.o
                0x0000000008006b9c                USBD_LL_PrepareReceive
 .text.USBD_LL_GetRxDataSize
                0x0000000008006bca       0x26 DataLog/User/usbd_conf.o
                0x0000000008006bca                USBD_LL_GetRxDataSize
 .text.USBD_VCP_DeviceDescriptor
                0x0000000008006bf0       0x24 DataLog/User/usbd_desc.o
                0x0000000008006bf0                USBD_VCP_DeviceDescriptor
 .text.USBD_VCP_LangIDStrDescriptor
                0x0000000008006c14       0x24 DataLog/User/usbd_desc.o
                0x0000000008006c14                USBD_VCP_LangIDStrDescriptor
 .text.USBD_VCP_ProductStrDescriptor
                0x0000000008006c38       0x28 DataLog/User/usbd_desc.o
                0x0000000008006c38                USBD_VCP_ProductStrDescriptor
 .text.USBD_VCP_ManufacturerStrDescriptor
                0x0000000008006c60       0x28 DataLog/User/usbd_desc.o
                0x0000000008006c60                USBD_VCP_ManufacturerStrDescriptor
 .text.USBD_VCP_SerialStrDescriptor
                0x0000000008006c88       0x24 DataLog/User/usbd_desc.o
                0x0000000008006c88                USBD_VCP_SerialStrDescriptor
 .text.USBD_VCP_ConfigStrDescriptor
                0x0000000008006cac       0x28 DataLog/User/usbd_desc.o
                0x0000000008006cac                USBD_VCP_ConfigStrDescriptor
 .text.USBD_VCP_InterfaceStrDescriptor
                0x0000000008006cd4       0x28 DataLog/User/usbd_desc.o
                0x0000000008006cd4                USBD_VCP_InterfaceStrDescriptor
 .text.Get_SerialNum
                0x0000000008006cfc       0x58 DataLog/User/usbd_desc.o
 .text.IntToUnicode
                0x0000000008006d54       0x7c DataLog/User/usbd_desc.o
 .text.HTS221_ReadReg
                0x0000000008006dd0       0x32 Drivers/BSP/Components/HTS221_Driver.o
                0x0000000008006dd0                HTS221_ReadReg
 .text.HTS221_WriteReg
                0x0000000008006e02       0x32 Drivers/BSP/Components/HTS221_Driver.o
                0x0000000008006e02                HTS221_WriteReg
 .text.HTS221_Get_DeviceID
                0x0000000008006e34       0x2a Drivers/BSP/Components/HTS221_Driver.o
                0x0000000008006e34                HTS221_Get_DeviceID
 *fill*         0x0000000008006e5e        0x2 
 .text.HTS221_Get_Humidity
                0x0000000008006e60      0x150 Drivers/BSP/Components/HTS221_Driver.o
                0x0000000008006e60                HTS221_Get_Humidity
 .text.HTS221_Get_Temperature
                0x0000000008006fb0      0x14a Drivers/BSP/Components/HTS221_Driver.o
                0x0000000008006fb0                HTS221_Get_Temperature
 .text.HTS221_Get_DataStatus
                0x00000000080070fa       0x48 Drivers/BSP/Components/HTS221_Driver.o
                0x00000000080070fa                HTS221_Get_DataStatus
 .text.HTS221_Activate
                0x0000000008007142       0x4c Drivers/BSP/Components/HTS221_Driver.o
                0x0000000008007142                HTS221_Activate
 .text.HTS221_DeActivate
                0x000000000800718e       0x4c Drivers/BSP/Components/HTS221_Driver.o
                0x000000000800718e                HTS221_DeActivate
 *fill*         0x00000000080071da        0x2 
 .text.HTS221_Set_BduMode
                0x00000000080071dc       0x7c Drivers/BSP/Components/HTS221_Driver.o
                0x00000000080071dc                HTS221_Set_BduMode
 .text.HTS221_Set_Odr
                0x0000000008007258       0x80 Drivers/BSP/Components/HTS221_Driver.o
                0x0000000008007258                HTS221_Set_Odr
 .text.HTS221_Get_Odr
                0x00000000080072d8       0x3c Drivers/BSP/Components/HTS221_Driver.o
                0x00000000080072d8                HTS221_Get_Odr
 .text.HTS221_assert_failed
                0x0000000008007314       0x1c Drivers/BSP/Components/HTS221_Driver.o
                0x0000000008007314                HTS221_assert_failed
 .text.HTS221_H_Init
                0x0000000008007330       0x42 Drivers/BSP/Components/HTS221_Driver_HL.o
 .text.HTS221_H_DeInit
                0x0000000008007372       0x42 Drivers/BSP/Components/HTS221_Driver_HL.o
 .text.HTS221_H_Sensor_Enable
                0x00000000080073b4       0x4e Drivers/BSP/Components/HTS221_Driver_HL.o
 .text.HTS221_H_Sensor_Disable
                0x0000000008007402       0x4e Drivers/BSP/Components/HTS221_Driver_HL.o
 .text.HTS221_H_Get_WhoAmI
                0x0000000008007450       0x1c Drivers/BSP/Components/HTS221_Driver_HL.o
 .text.HTS221_H_Check_WhoAmI
                0x000000000800746c       0x18 Drivers/BSP/Components/HTS221_Driver_HL.o
 .text.HTS221_H_Get_Hum
                0x0000000008007484       0x1c Drivers/BSP/Components/HTS221_Driver_HL.o
 .text.HTS221_H_Get_ODR
                0x00000000080074a0       0x1c Drivers/BSP/Components/HTS221_Driver_HL.o
 .text.HTS221_H_Set_ODR
                0x00000000080074bc       0x20 Drivers/BSP/Components/HTS221_Driver_HL.o
 .text.HTS221_H_Set_ODR_Value
                0x00000000080074dc       0x20 Drivers/BSP/Components/HTS221_Driver_HL.o
 .text.HTS221_H_Read_Reg
                0x00000000080074fc       0x2e Drivers/BSP/Components/HTS221_Driver_HL.o
 .text.HTS221_H_Write_Reg
                0x000000000800752a       0x30 Drivers/BSP/Components/HTS221_Driver_HL.o
 .text.HTS221_H_Get_DRDY_Status
                0x000000000800755a       0x4c Drivers/BSP/Components/HTS221_Driver_HL.o
 .text.HTS221_T_Init
                0x00000000080075a6       0x42 Drivers/BSP/Components/HTS221_Driver_HL.o
 .text.HTS221_T_DeInit
                0x00000000080075e8       0x42 Drivers/BSP/Components/HTS221_Driver_HL.o
 .text.HTS221_T_Sensor_Enable
                0x000000000800762a       0x4e Drivers/BSP/Components/HTS221_Driver_HL.o
 .text.HTS221_T_Sensor_Disable
                0x0000000008007678       0x4e Drivers/BSP/Components/HTS221_Driver_HL.o
 .text.HTS221_T_Get_WhoAmI
                0x00000000080076c6       0x1c Drivers/BSP/Components/HTS221_Driver_HL.o
 .text.HTS221_T_Check_WhoAmI
                0x00000000080076e2       0x18 Drivers/BSP/Components/HTS221_Driver_HL.o
 .text.HTS221_T_Get_Temp
                0x00000000080076fa       0x1c Drivers/BSP/Components/HTS221_Driver_HL.o
 .text.HTS221_T_Get_ODR
                0x0000000008007716       0x1c Drivers/BSP/Components/HTS221_Driver_HL.o
 .text.HTS221_T_Set_ODR
                0x0000000008007732       0x20 Drivers/BSP/Components/HTS221_Driver_HL.o
 .text.HTS221_T_Set_ODR_Value
                0x0000000008007752       0x20 Drivers/BSP/Components/HTS221_Driver_HL.o
 .text.HTS221_T_Read_Reg
                0x0000000008007772       0x2e Drivers/BSP/Components/HTS221_Driver_HL.o
 .text.HTS221_T_Write_Reg
                0x00000000080077a0       0x30 Drivers/BSP/Components/HTS221_Driver_HL.o
 .text.HTS221_T_Get_DRDY_Status
                0x00000000080077d0       0x4c Drivers/BSP/Components/HTS221_Driver_HL.o
 .text.HTS221_Init
                0x000000000800781c       0x56 Drivers/BSP/Components/HTS221_Driver_HL.o
 .text.HTS221_Sensor_Enable
                0x0000000008007872       0x22 Drivers/BSP/Components/HTS221_Driver_HL.o
 .text.HTS221_Sensor_Disable
                0x0000000008007894       0x22 Drivers/BSP/Components/HTS221_Driver_HL.o
 .text.HTS221_Get_WhoAmI
                0x00000000080078b6       0x26 Drivers/BSP/Components/HTS221_Driver_HL.o
 .text.HTS221_Check_WhoAmI
                0x00000000080078dc       0x3a Drivers/BSP/Components/HTS221_Driver_HL.o
 .text.HTS221_Get_Hum
                0x0000000008007916       0x46 Drivers/BSP/Components/HTS221_Driver_HL.o
 .text.HTS221_Get_Temp
                0x000000000800795c       0x48 Drivers/BSP/Components/HTS221_Driver_HL.o
 .text.HTS221_Get_ODR
                0x00000000080079a4       0x80 Drivers/BSP/Components/HTS221_Driver_HL.o
 .text.HTS221_Set_ODR
                0x0000000008007a24       0x6c Drivers/BSP/Components/HTS221_Driver_HL.o
 .text.HTS221_Set_ODR_Value
                0x0000000008007a90       0x5a Drivers/BSP/Components/HTS221_Driver_HL.o
 .text.HTS221_Read_Reg
                0x0000000008007aea       0x2e Drivers/BSP/Components/HTS221_Driver_HL.o
 .text.HTS221_Write_Reg
                0x0000000008007b18       0x30 Drivers/BSP/Components/HTS221_Driver_HL.o
 .text.LPS22HB_ReadReg
                0x0000000008007b48       0x32 Drivers/BSP/Components/LPS22HB_Driver.o
                0x0000000008007b48                LPS22HB_ReadReg
 .text.LPS22HB_WriteReg
                0x0000000008007b7a       0x32 Drivers/BSP/Components/LPS22HB_Driver.o
                0x0000000008007b7a                LPS22HB_WriteReg
 .text.LPS22HB_Get_DeviceID
                0x0000000008007bac       0x2a Drivers/BSP/Components/LPS22HB_Driver.o
                0x0000000008007bac                LPS22HB_Get_DeviceID
 .text.LPS22HB_Set_PowerMode
                0x0000000008007bd6       0x5a Drivers/BSP/Components/LPS22HB_Driver.o
                0x0000000008007bd6                LPS22HB_Set_PowerMode
 .text.LPS22HB_Set_Odr
                0x0000000008007c30       0x5a Drivers/BSP/Components/LPS22HB_Driver.o
                0x0000000008007c30                LPS22HB_Set_Odr
 .text.LPS22HB_Get_Odr
                0x0000000008007c8a       0x38 Drivers/BSP/Components/LPS22HB_Driver.o
                0x0000000008007c8a                LPS22HB_Get_Odr
 .text.LPS22HB_Set_LowPassFilter
                0x0000000008007cc2       0x62 Drivers/BSP/Components/LPS22HB_Driver.o
                0x0000000008007cc2                LPS22HB_Set_LowPassFilter
 .text.LPS22HB_Set_LowPassFilterCutoff
                0x0000000008007d24       0x5a Drivers/BSP/Components/LPS22HB_Driver.o
                0x0000000008007d24                LPS22HB_Set_LowPassFilterCutoff
 .text.LPS22HB_Set_Bdu
                0x0000000008007d7e       0x5a Drivers/BSP/Components/LPS22HB_Driver.o
                0x0000000008007d7e                LPS22HB_Set_Bdu
 .text.LPS22HB_SwResetAndMemoryBoot
                0x0000000008007dd8       0x4c Drivers/BSP/Components/LPS22HB_Driver.o
                0x0000000008007dd8                LPS22HB_SwResetAndMemoryBoot
 .text.LPS22HB_Set_FifoModeUse
                0x0000000008007e24       0x62 Drivers/BSP/Components/LPS22HB_Driver.o
                0x0000000008007e24                LPS22HB_Set_FifoModeUse
 .text.LPS22HB_Set_FifoWatermarkLevelUse
                0x0000000008007e86       0x62 Drivers/BSP/Components/LPS22HB_Driver.o
                0x0000000008007e86                LPS22HB_Set_FifoWatermarkLevelUse
 .text.LPS22HB_Set_AutomaticIncrementRegAddress
                0x0000000008007ee8       0x62 Drivers/BSP/Components/LPS22HB_Driver.o
                0x0000000008007ee8                LPS22HB_Set_AutomaticIncrementRegAddress
 .text.LPS22HB_Set_I2C
                0x0000000008007f4a       0x66 Drivers/BSP/Components/LPS22HB_Driver.o
                0x0000000008007f4a                LPS22HB_Set_I2C
 .text.LPS22HB_Set_FIFO_OVR_Interrupt
                0x0000000008007fb0       0x62 Drivers/BSP/Components/LPS22HB_Driver.o
                0x0000000008007fb0                LPS22HB_Set_FIFO_OVR_Interrupt
 .text.LPS22HB_Set_FIFO_FTH_Interrupt
                0x0000000008008012       0x62 Drivers/BSP/Components/LPS22HB_Driver.o
                0x0000000008008012                LPS22HB_Set_FIFO_FTH_Interrupt
 .text.LPS22HB_Set_FIFO_FULL_Interrupt
                0x0000000008008074       0x62 Drivers/BSP/Components/LPS22HB_Driver.o
                0x0000000008008074                LPS22HB_Set_FIFO_FULL_Interrupt
 .text.LPS22HB_Get_DataStatus
                0x00000000080080d6       0x64 Drivers/BSP/Components/LPS22HB_Driver.o
                0x00000000080080d6                LPS22HB_Get_DataStatus
 .text.LPS22HB_Get_RawPressure
                0x000000000800813a       0x76 Drivers/BSP/Components/LPS22HB_Driver.o
                0x000000000800813a                LPS22HB_Get_RawPressure
 .text.LPS22HB_Get_Pressure
                0x00000000080081b0       0x42 Drivers/BSP/Components/LPS22HB_Driver.o
                0x00000000080081b0                LPS22HB_Get_Pressure
 .text.LPS22HB_Get_RawTemperature
                0x00000000080081f2       0x44 Drivers/BSP/Components/LPS22HB_Driver.o
                0x00000000080081f2                LPS22HB_Get_RawTemperature
 *fill*         0x0000000008008236        0x2 
 .text.LPS22HB_Get_Temperature
                0x0000000008008238       0x50 Drivers/BSP/Components/LPS22HB_Driver.o
                0x0000000008008238                LPS22HB_Get_Temperature
 .text.LPS22HB_Set_FifoMode
                0x0000000008008288       0x5a Drivers/BSP/Components/LPS22HB_Driver.o
                0x0000000008008288                LPS22HB_Set_FifoMode
 .text.LPS22HB_Get_FifoMode
                0x00000000080082e2       0x3c Drivers/BSP/Components/LPS22HB_Driver.o
                0x00000000080082e2                LPS22HB_Get_FifoMode
 .text.LPS22HB_Set_FifoWatermarkLevel
                0x000000000800831e       0x5a Drivers/BSP/Components/LPS22HB_Driver.o
                0x000000000800831e                LPS22HB_Set_FifoWatermarkLevel
 .text.LPS22HB_Get_FifoWatermarkLevel
                0x0000000008008378       0x38 Drivers/BSP/Components/LPS22HB_Driver.o
                0x0000000008008378                LPS22HB_Get_FifoWatermarkLevel
 .text.LPS22HB_Get_FifoStatus
                0x00000000080083b0       0x7e Drivers/BSP/Components/LPS22HB_Driver.o
                0x00000000080083b0                LPS22HB_Get_FifoStatus
 .text.LPS22HB_P_Init
                0x000000000800842e       0x42 Drivers/BSP/Components/LPS22HB_Driver_HL.o
 .text.LPS22HB_P_DeInit
                0x0000000008008470       0x40 Drivers/BSP/Components/LPS22HB_Driver_HL.o
 .text.LPS22HB_P_Sensor_Enable
                0x00000000080084b0       0x50 Drivers/BSP/Components/LPS22HB_Driver_HL.o
 .text.LPS22HB_P_Sensor_Disable
                0x0000000008008500       0x4e Drivers/BSP/Components/LPS22HB_Driver_HL.o
 .text.LPS22HB_P_Get_WhoAmI
                0x000000000800854e       0x1c Drivers/BSP/Components/LPS22HB_Driver_HL.o
 .text.LPS22HB_P_Check_WhoAmI
                0x000000000800856a       0x18 Drivers/BSP/Components/LPS22HB_Driver_HL.o
 .text.LPS22HB_P_Get_Press
                0x0000000008008582       0x1c Drivers/BSP/Components/LPS22HB_Driver_HL.o
 .text.LPS22HB_P_Get_ODR
                0x000000000800859e       0x1c Drivers/BSP/Components/LPS22HB_Driver_HL.o
 .text.LPS22HB_P_Set_ODR
                0x00000000080085ba       0x54 Drivers/BSP/Components/LPS22HB_Driver_HL.o
 .text.LPS22HB_P_Set_ODR_Value
                0x000000000800860e       0x54 Drivers/BSP/Components/LPS22HB_Driver_HL.o
 .text.LPS22HB_P_Read_Reg
                0x0000000008008662       0x2e Drivers/BSP/Components/LPS22HB_Driver_HL.o
 .text.LPS22HB_P_Write_Reg
                0x0000000008008690       0x30 Drivers/BSP/Components/LPS22HB_Driver_HL.o
 .text.LPS22HB_P_Get_DRDY_Status
                0x00000000080086c0       0x30 Drivers/BSP/Components/LPS22HB_Driver_HL.o
 .text.LPS22HB_T_Init
                0x00000000080086f0       0x42 Drivers/BSP/Components/LPS22HB_Driver_HL.o
 .text.LPS22HB_T_DeInit
                0x0000000008008732       0x40 Drivers/BSP/Components/LPS22HB_Driver_HL.o
 .text.LPS22HB_T_Sensor_Enable
                0x0000000008008772       0x50 Drivers/BSP/Components/LPS22HB_Driver_HL.o
 .text.LPS22HB_T_Sensor_Disable
                0x00000000080087c2       0x4e Drivers/BSP/Components/LPS22HB_Driver_HL.o
 .text.LPS22HB_T_Get_WhoAmI
                0x0000000008008810       0x1c Drivers/BSP/Components/LPS22HB_Driver_HL.o
 .text.LPS22HB_T_Check_WhoAmI
                0x000000000800882c       0x18 Drivers/BSP/Components/LPS22HB_Driver_HL.o
 .text.LPS22HB_T_Get_Temp
                0x0000000008008844       0x1c Drivers/BSP/Components/LPS22HB_Driver_HL.o
 .text.LPS22HB_T_Get_ODR
                0x0000000008008860       0x1c Drivers/BSP/Components/LPS22HB_Driver_HL.o
 .text.LPS22HB_T_Set_ODR
                0x000000000800887c       0x54 Drivers/BSP/Components/LPS22HB_Driver_HL.o
 .text.LPS22HB_T_Set_ODR_Value
                0x00000000080088d0       0x54 Drivers/BSP/Components/LPS22HB_Driver_HL.o
 .text.LPS22HB_T_Read_Reg
                0x0000000008008924       0x2e Drivers/BSP/Components/LPS22HB_Driver_HL.o
 .text.LPS22HB_T_Write_Reg
                0x0000000008008952       0x30 Drivers/BSP/Components/LPS22HB_Driver_HL.o
 .text.LPS22HB_T_Get_DRDY_Status
                0x0000000008008982       0x30 Drivers/BSP/Components/LPS22HB_Driver_HL.o
 *fill*         0x00000000080089b2        0x2 
 .text.LPS22HB_Initialize
                0x00000000080089b4       0xbc Drivers/BSP/Components/LPS22HB_Driver_HL.o
 .text.LPS22HB_Get_WhoAmI
                0x0000000008008a70       0x26 Drivers/BSP/Components/LPS22HB_Driver_HL.o
 .text.LPS22HB_Check_WhoAmI
                0x0000000008008a96       0x3a Drivers/BSP/Components/LPS22HB_Driver_HL.o
 .text.LPS22HB_Get_Press
                0x0000000008008ad0       0x4c Drivers/BSP/Components/LPS22HB_Driver_HL.o
 .text.LPS22HB_Get_Temp
                0x0000000008008b1c       0x48 Drivers/BSP/Components/LPS22HB_Driver_HL.o
 .text.LPS22HB_Get_ODR
                0x0000000008008b64       0xa0 Drivers/BSP/Components/LPS22HB_Driver_HL.o
 .text.LPS22HB_Set_ODR_When_Enabled
                0x0000000008008c04       0x88 Drivers/BSP/Components/LPS22HB_Driver_HL.o
 .text.LPS22HB_Set_ODR_When_Disabled
                0x0000000008008c8c       0x7c Drivers/BSP/Components/LPS22HB_Driver_HL.o
 .text.LPS22HB_Set_ODR_Value_When_Enabled
                0x0000000008008d08       0xa4 Drivers/BSP/Components/LPS22HB_Driver_HL.o
 .text.LPS22HB_Set_ODR_Value_When_Disabled
                0x0000000008008dac       0x90 Drivers/BSP/Components/LPS22HB_Driver_HL.o
 .text.LPS22HB_Read_Reg
                0x0000000008008e3c       0x2e Drivers/BSP/Components/LPS22HB_Driver_HL.o
 .text.LPS22HB_Write_Reg
                0x0000000008008e6a       0x30 Drivers/BSP/Components/LPS22HB_Driver_HL.o
 .text.LPS22HB_FIFO_Get_Empty_Status
                0x0000000008008e9a       0x30 Drivers/BSP/Components/LPS22HB_Driver_HL.o
 .text.LPS22HB_FIFO_Get_Full_Status
                0x0000000008008eca       0x30 Drivers/BSP/Components/LPS22HB_Driver_HL.o
 .text.LPS22HB_FIFO_Get_Ovr_Status
                0x0000000008008efa       0x30 Drivers/BSP/Components/LPS22HB_Driver_HL.o
 .text.LPS22HB_FIFO_Get_Fth_Status
                0x0000000008008f2a       0x30 Drivers/BSP/Components/LPS22HB_Driver_HL.o
 .text.LPS22HB_FIFO_Stop_On_Fth
                0x0000000008008f5a       0x38 Drivers/BSP/Components/LPS22HB_Driver_HL.o
 .text.LPS22HB_FIFO_Usage
                0x0000000008008f92       0x38 Drivers/BSP/Components/LPS22HB_Driver_HL.o
 .text.LPS22HB_FIFO_Get_Num_Of_Samples
                0x0000000008008fca       0x30 Drivers/BSP/Components/LPS22HB_Driver_HL.o
 .text.LPS22HB_FIFO_Get_Data
                0x0000000008008ffa       0x3a Drivers/BSP/Components/LPS22HB_Driver_HL.o
 .text.LPS22HB_FIFO_Get_Mode
                0x0000000008009034       0x30 Drivers/BSP/Components/LPS22HB_Driver_HL.o
 .text.LPS22HB_FIFO_Set_Mode
                0x0000000008009064       0x50 Drivers/BSP/Components/LPS22HB_Driver_HL.o
 .text.LPS22HB_FIFO_Get_Watermark_Level
                0x00000000080090b4       0x26 Drivers/BSP/Components/LPS22HB_Driver_HL.o
 .text.LPS22HB_FIFO_Set_Watermark_Level
                0x00000000080090da       0x2a Drivers/BSP/Components/LPS22HB_Driver_HL.o
 .text.LPS22HB_FIFO_Watermark_Usage
                0x0000000008009104       0x38 Drivers/BSP/Components/LPS22HB_Driver_HL.o
 .text.LPS22HB_FIFO_Set_Interrupt
                0x000000000800913c       0x68 Drivers/BSP/Components/LPS22HB_Driver_HL.o
 .text.LPS22HB_FIFO_Reset_Interrupt
                0x00000000080091a4       0x68 Drivers/BSP/Components/LPS22HB_Driver_HL.o
 .text.LSM303AGR_ACC_WriteReg
                0x000000000800920c       0x34 Drivers/BSP/Components/LSM303AGR_ACC_driver.o
                0x000000000800920c                LSM303AGR_ACC_WriteReg
 .text.LSM303AGR_ACC_ReadReg
                0x0000000008009240       0x34 Drivers/BSP/Components/LSM303AGR_ACC_driver.o
                0x0000000008009240                LSM303AGR_ACC_ReadReg
 .text.LSM303AGR_ACC_R_WHO_AM_I
                0x0000000008009274       0x3a Drivers/BSP/Components/LSM303AGR_ACC_driver.o
                0x0000000008009274                LSM303AGR_ACC_R_WHO_AM_I
 .text.LSM303AGR_ACC_W_BlockDataUpdate
                0x00000000080092ae       0x5a Drivers/BSP/Components/LSM303AGR_ACC_driver.o
                0x00000000080092ae                LSM303AGR_ACC_W_BlockDataUpdate
 .text.LSM303AGR_ACC_W_FullScale
                0x0000000008009308       0x5a Drivers/BSP/Components/LSM303AGR_ACC_driver.o
                0x0000000008009308                LSM303AGR_ACC_W_FullScale
 .text.LSM303AGR_ACC_R_FullScale
                0x0000000008009362       0x38 Drivers/BSP/Components/LSM303AGR_ACC_driver.o
                0x0000000008009362                LSM303AGR_ACC_R_FullScale
 .text.LSM303AGR_ACC_Get_Raw_Acceleration
                0x000000000800939a       0x2a Drivers/BSP/Components/LSM303AGR_ACC_driver.o
                0x000000000800939a                LSM303AGR_ACC_Get_Raw_Acceleration
 .text.LSM303AGR_ACC_Get_Acceleration
                0x00000000080093c4      0x1d4 Drivers/BSP/Components/LSM303AGR_ACC_driver.o
                0x00000000080093c4                LSM303AGR_ACC_Get_Acceleration
 .text.LSM303AGR_ACC_W_ODR
                0x0000000008009598       0x5a Drivers/BSP/Components/LSM303AGR_ACC_driver.o
                0x0000000008009598                LSM303AGR_ACC_W_ODR
 .text.LSM303AGR_ACC_R_ODR
                0x00000000080095f2       0x38 Drivers/BSP/Components/LSM303AGR_ACC_driver.o
                0x00000000080095f2                LSM303AGR_ACC_R_ODR
 .text.LSM303AGR_ACC_W_XEN
                0x000000000800962a       0x5a Drivers/BSP/Components/LSM303AGR_ACC_driver.o
                0x000000000800962a                LSM303AGR_ACC_W_XEN
 .text.LSM303AGR_ACC_R_XEN
                0x0000000008009684       0x38 Drivers/BSP/Components/LSM303AGR_ACC_driver.o
                0x0000000008009684                LSM303AGR_ACC_R_XEN
 .text.LSM303AGR_ACC_W_YEN
                0x00000000080096bc       0x5a Drivers/BSP/Components/LSM303AGR_ACC_driver.o
                0x00000000080096bc                LSM303AGR_ACC_W_YEN
 .text.LSM303AGR_ACC_R_YEN
                0x0000000008009716       0x38 Drivers/BSP/Components/LSM303AGR_ACC_driver.o
                0x0000000008009716                LSM303AGR_ACC_R_YEN
 .text.LSM303AGR_ACC_W_ZEN
                0x000000000800974e       0x5a Drivers/BSP/Components/LSM303AGR_ACC_driver.o
                0x000000000800974e                LSM303AGR_ACC_W_ZEN
 .text.LSM303AGR_ACC_R_ZEN
                0x00000000080097a8       0x38 Drivers/BSP/Components/LSM303AGR_ACC_driver.o
                0x00000000080097a8                LSM303AGR_ACC_R_ZEN
 .text.LSM303AGR_ACC_R_LOWPWR_EN
                0x00000000080097e0       0x38 Drivers/BSP/Components/LSM303AGR_ACC_driver.o
                0x00000000080097e0                LSM303AGR_ACC_R_LOWPWR_EN
 .text.LSM303AGR_ACC_R_HiRes
                0x0000000008009818       0x38 Drivers/BSP/Components/LSM303AGR_ACC_driver.o
                0x0000000008009818                LSM303AGR_ACC_R_HiRes
 .text.LSM303AGR_ACC_R_XDataAvail
                0x0000000008009850       0x38 Drivers/BSP/Components/LSM303AGR_ACC_driver.o
                0x0000000008009850                LSM303AGR_ACC_R_XDataAvail
 .text.LSM303AGR_ACC_W_FifoMode
                0x0000000008009888       0x5a Drivers/BSP/Components/LSM303AGR_ACC_driver.o
                0x0000000008009888                LSM303AGR_ACC_W_FifoMode
 *fill*         0x00000000080098e2        0x2 
 .text.LSM303AGR_X_Init
                0x00000000080098e4       0xc0 Drivers/BSP/Components/LSM303AGR_ACC_driver_HL.o
 .text.LSM303AGR_X_DeInit
                0x00000000080099a4       0x58 Drivers/BSP/Components/LSM303AGR_ACC_driver_HL.o
 .text.LSM303AGR_X_Sensor_Enable
                0x00000000080099fc       0x4a Drivers/BSP/Components/LSM303AGR_ACC_driver_HL.o
 .text.LSM303AGR_X_Sensor_Disable
                0x0000000008009a46       0x58 Drivers/BSP/Components/LSM303AGR_ACC_driver_HL.o
 .text.LSM303AGR_X_Get_WhoAmI
                0x0000000008009a9e       0x26 Drivers/BSP/Components/LSM303AGR_ACC_driver_HL.o
 .text.LSM303AGR_X_Check_WhoAmI
                0x0000000008009ac4       0x3a Drivers/BSP/Components/LSM303AGR_ACC_driver_HL.o
 .text.LSM303AGR_X_Get_Axes
                0x0000000008009afe       0x3c Drivers/BSP/Components/LSM303AGR_ACC_driver_HL.o
 .text.LSM303AGR_X_Get_AxesRaw
                0x0000000008009b3a       0x42 Drivers/BSP/Components/LSM303AGR_ACC_driver_HL.o
 .text.LSM303AGR_X_Get_Sensitivity
                0x0000000008009b7c       0x88 Drivers/BSP/Components/LSM303AGR_ACC_driver_HL.o
 .text.LSM303AGR_X_Get_ODR
                0x0000000008009c04       0xc4 Drivers/BSP/Components/LSM303AGR_ACC_driver_HL.o
 .text.LSM303AGR_X_Set_ODR
                0x0000000008009cc8       0x46 Drivers/BSP/Components/LSM303AGR_ACC_driver_HL.o
 .text.LSM303AGR_X_Set_ODR_Value
                0x0000000008009d0e       0x46 Drivers/BSP/Components/LSM303AGR_ACC_driver_HL.o
 .text.LSM303AGR_X_Get_FS
                0x0000000008009d54       0x7c Drivers/BSP/Components/LSM303AGR_ACC_driver_HL.o
 .text.LSM303AGR_X_Set_FS
                0x0000000008009dd0       0x4e Drivers/BSP/Components/LSM303AGR_ACC_driver_HL.o
 .text.LSM303AGR_X_Set_FS_Value
                0x0000000008009e1e       0x70 Drivers/BSP/Components/LSM303AGR_ACC_driver_HL.o
 .text.LSM303AGR_X_Get_Axes_Status
                0x0000000008009e8e       0x8c Drivers/BSP/Components/LSM303AGR_ACC_driver_HL.o
 .text.LSM303AGR_X_Set_Axes_Status
                0x0000000008009f1a       0x78 Drivers/BSP/Components/LSM303AGR_ACC_driver_HL.o
 .text.LSM303AGR_X_Read_Reg
                0x0000000008009f92       0x2e Drivers/BSP/Components/LSM303AGR_ACC_driver_HL.o
 .text.LSM303AGR_X_Write_Reg
                0x0000000008009fc0       0x30 Drivers/BSP/Components/LSM303AGR_ACC_driver_HL.o
 .text.LSM303AGR_X_Get_DRDY_Status
                0x0000000008009ff0       0x48 Drivers/BSP/Components/LSM303AGR_ACC_driver_HL.o
 .text.LSM303AGR_X_Get_Axes_Raw
                0x000000000800a038       0xca Drivers/BSP/Components/LSM303AGR_ACC_driver_HL.o
 *fill*         0x000000000800a102        0x2 
 .text.LSM303AGR_X_Set_ODR_When_Enabled
                0x000000000800a104       0x6c Drivers/BSP/Components/LSM303AGR_ACC_driver_HL.o
 .text.LSM303AGR_X_Set_ODR_When_Disabled
                0x000000000800a170       0x84 Drivers/BSP/Components/LSM303AGR_ACC_driver_HL.o
 .text.LSM303AGR_X_Set_ODR_Value_When_Enabled
                0x000000000800a1f4       0xc0 Drivers/BSP/Components/LSM303AGR_ACC_driver_HL.o
 .text.LSM303AGR_X_Set_ODR_Value_When_Disabled
                0x000000000800a2b4       0xd8 Drivers/BSP/Components/LSM303AGR_ACC_driver_HL.o
 .text.LSM303AGR_X_Get_Sensitivity_Normal_Mode
                0x000000000800a38c       0x84 Drivers/BSP/Components/LSM303AGR_ACC_driver_HL.o
 .text.LSM303AGR_X_Get_Sensitivity_LP_Mode
                0x000000000800a410       0x84 Drivers/BSP/Components/LSM303AGR_ACC_driver_HL.o
 .text.LSM303AGR_X_Get_Sensitivity_HR_Mode
                0x000000000800a494       0x84 Drivers/BSP/Components/LSM303AGR_ACC_driver_HL.o
 .text.LSM303AGR_MAG_WriteReg
                0x000000000800a518       0x34 Drivers/BSP/Components/LSM303AGR_MAG_driver.o
                0x000000000800a518                LSM303AGR_MAG_WriteReg
 .text.LSM303AGR_MAG_ReadReg
                0x000000000800a54c       0x34 Drivers/BSP/Components/LSM303AGR_MAG_driver.o
                0x000000000800a54c                LSM303AGR_MAG_ReadReg
 .text.LSM303AGR_MAG_R_WHO_AM_I
                0x000000000800a580       0x3a Drivers/BSP/Components/LSM303AGR_MAG_driver.o
                0x000000000800a580                LSM303AGR_MAG_R_WHO_AM_I
 .text.LSM303AGR_MAG_W_BDU
                0x000000000800a5ba       0x5a Drivers/BSP/Components/LSM303AGR_MAG_driver.o
                0x000000000800a5ba                LSM303AGR_MAG_W_BDU
 .text.LSM303AGR_MAG_W_MD
                0x000000000800a614       0x5a Drivers/BSP/Components/LSM303AGR_MAG_driver.o
                0x000000000800a614                LSM303AGR_MAG_W_MD
 .text.LSM303AGR_MAG_Get_Raw_Magnetic
                0x000000000800a66e       0x2a Drivers/BSP/Components/LSM303AGR_MAG_driver.o
                0x000000000800a66e                LSM303AGR_MAG_Get_Raw_Magnetic
 .text.LSM303AGR_MAG_W_ODR
                0x000000000800a698       0x5a Drivers/BSP/Components/LSM303AGR_MAG_driver.o
                0x000000000800a698                LSM303AGR_MAG_W_ODR
 .text.LSM303AGR_MAG_R_ODR
                0x000000000800a6f2       0x38 Drivers/BSP/Components/LSM303AGR_MAG_driver.o
                0x000000000800a6f2                LSM303AGR_MAG_R_ODR
 .text.LSM303AGR_MAG_W_ST
                0x000000000800a72a       0x5a Drivers/BSP/Components/LSM303AGR_MAG_driver.o
                0x000000000800a72a                LSM303AGR_MAG_W_ST
 .text.LSM303AGR_MAG_W_I2C_DIS
                0x000000000800a784       0x5a Drivers/BSP/Components/LSM303AGR_MAG_driver.o
                0x000000000800a784                LSM303AGR_MAG_W_I2C_DIS
 .text.LSM303AGR_MAG_R_ZYXDA
                0x000000000800a7de       0x38 Drivers/BSP/Components/LSM303AGR_MAG_driver.o
                0x000000000800a7de                LSM303AGR_MAG_R_ZYXDA
 .text.LSM303AGR_M_Init
                0x000000000800a816       0x9a Drivers/BSP/Components/LSM303AGR_MAG_driver_HL.o
 .text.LSM303AGR_M_DeInit
                0x000000000800a8b0       0x50 Drivers/BSP/Components/LSM303AGR_MAG_driver_HL.o
 .text.LSM303AGR_M_Sensor_Enable
                0x000000000800a900       0x36 Drivers/BSP/Components/LSM303AGR_MAG_driver_HL.o
 .text.LSM303AGR_M_Sensor_Disable
                0x000000000800a936       0x36 Drivers/BSP/Components/LSM303AGR_MAG_driver_HL.o
 .text.LSM303AGR_M_Get_WhoAmI
                0x000000000800a96c       0x26 Drivers/BSP/Components/LSM303AGR_MAG_driver_HL.o
 .text.LSM303AGR_M_Check_WhoAmI
                0x000000000800a992       0x3a Drivers/BSP/Components/LSM303AGR_MAG_driver_HL.o
 .text.LSM303AGR_M_Get_Axes
                0x000000000800a9cc       0xa6 Drivers/BSP/Components/LSM303AGR_MAG_driver_HL.o
 .text.LSM303AGR_M_Get_AxesRaw
                0x000000000800aa72       0x42 Drivers/BSP/Components/LSM303AGR_MAG_driver_HL.o
 .text.LSM303AGR_M_Get_Sensitivity
                0x000000000800aab4       0x20 Drivers/BSP/Components/LSM303AGR_MAG_driver_HL.o
 .text.LSM303AGR_M_Get_ODR
                0x000000000800aad4       0xa8 Drivers/BSP/Components/LSM303AGR_MAG_driver_HL.o
 .text.LSM303AGR_M_Set_ODR
                0x000000000800ab7c       0x6c Drivers/BSP/Components/LSM303AGR_MAG_driver_HL.o
 .text.LSM303AGR_M_Set_ODR_Value
                0x000000000800abe8       0x74 Drivers/BSP/Components/LSM303AGR_MAG_driver_HL.o
 .text.LSM303AGR_M_Get_FS
                0x000000000800ac5c       0x24 Drivers/BSP/Components/LSM303AGR_MAG_driver_HL.o
 .text.LSM303AGR_M_Set_FS
                0x000000000800ac80       0x1a Drivers/BSP/Components/LSM303AGR_MAG_driver_HL.o
 .text.LSM303AGR_M_Set_FS_Value
                0x000000000800ac9a       0x1a Drivers/BSP/Components/LSM303AGR_MAG_driver_HL.o
 .text.LSM303AGR_M_Read_Reg
                0x000000000800acb4       0x2e Drivers/BSP/Components/LSM303AGR_MAG_driver_HL.o
 .text.LSM303AGR_M_Write_Reg
                0x000000000800ace2       0x30 Drivers/BSP/Components/LSM303AGR_MAG_driver_HL.o
 .text.LSM303AGR_M_Get_DRDY_Status
                0x000000000800ad12       0x48 Drivers/BSP/Components/LSM303AGR_MAG_driver_HL.o
 .text.LSM303AGR_M_Get_Axes_Raw
                0x000000000800ad5a       0x5c Drivers/BSP/Components/LSM303AGR_MAG_driver_HL.o
 .text.LSM6DSM_ACC_GYRO_ReadReg
                0x000000000800adb6       0x2e Drivers/BSP/Components/LSM6DSM_ACC_GYRO_driver.o
                0x000000000800adb6                LSM6DSM_ACC_GYRO_ReadReg
 .text.LSM6DSM_ACC_GYRO_WriteReg
                0x000000000800ade4       0x30 Drivers/BSP/Components/LSM6DSM_ACC_GYRO_driver.o
                0x000000000800ade4                LSM6DSM_ACC_GYRO_WriteReg
 .text.LSM6DSM_ACC_GYRO_W_EmbeddedAccess
                0x000000000800ae14       0x58 Drivers/BSP/Components/LSM6DSM_ACC_GYRO_driver.o
                0x000000000800ae14                LSM6DSM_ACC_GYRO_W_EmbeddedAccess
 .text.LSM6DSM_ACC_GYRO_W_FIFO_MODE
                0x000000000800ae6c       0x58 Drivers/BSP/Components/LSM6DSM_ACC_GYRO_driver.o
                0x000000000800ae6c                LSM6DSM_ACC_GYRO_W_FIFO_MODE
 .text.LSM6DSM_ACC_GYRO_W_STEP_DELTA_on_INT2
                0x000000000800aec4       0x58 Drivers/BSP/Components/LSM6DSM_ACC_GYRO_driver.o
                0x000000000800aec4                LSM6DSM_ACC_GYRO_W_STEP_DELTA_on_INT2
 .text.LSM6DSM_ACC_GYRO_R_WHO_AM_I
                0x000000000800af1c       0x38 Drivers/BSP/Components/LSM6DSM_ACC_GYRO_driver.o
                0x000000000800af1c                LSM6DSM_ACC_GYRO_R_WHO_AM_I
 .text.LSM6DSM_ACC_GYRO_W_FS_XL
                0x000000000800af54       0x58 Drivers/BSP/Components/LSM6DSM_ACC_GYRO_driver.o
                0x000000000800af54                LSM6DSM_ACC_GYRO_W_FS_XL
 .text.LSM6DSM_ACC_GYRO_R_FS_XL
                0x000000000800afac       0x36 Drivers/BSP/Components/LSM6DSM_ACC_GYRO_driver.o
                0x000000000800afac                LSM6DSM_ACC_GYRO_R_FS_XL
 .text.LSM6DSM_ACC_GYRO_W_ODR_XL
                0x000000000800afe2       0x58 Drivers/BSP/Components/LSM6DSM_ACC_GYRO_driver.o
                0x000000000800afe2                LSM6DSM_ACC_GYRO_W_ODR_XL
 .text.LSM6DSM_ACC_GYRO_R_ODR_XL
                0x000000000800b03a       0x36 Drivers/BSP/Components/LSM6DSM_ACC_GYRO_driver.o
                0x000000000800b03a                LSM6DSM_ACC_GYRO_R_ODR_XL
 .text.LSM6DSM_ACC_GYRO_W_FS_125
                0x000000000800b070       0x58 Drivers/BSP/Components/LSM6DSM_ACC_GYRO_driver.o
                0x000000000800b070                LSM6DSM_ACC_GYRO_W_FS_125
 .text.LSM6DSM_ACC_GYRO_R_FS_125
                0x000000000800b0c8       0x36 Drivers/BSP/Components/LSM6DSM_ACC_GYRO_driver.o
                0x000000000800b0c8                LSM6DSM_ACC_GYRO_R_FS_125
 .text.LSM6DSM_ACC_GYRO_W_FS_G
                0x000000000800b0fe       0x58 Drivers/BSP/Components/LSM6DSM_ACC_GYRO_driver.o
                0x000000000800b0fe                LSM6DSM_ACC_GYRO_W_FS_G
 .text.LSM6DSM_ACC_GYRO_R_FS_G
                0x000000000800b156       0x36 Drivers/BSP/Components/LSM6DSM_ACC_GYRO_driver.o
                0x000000000800b156                LSM6DSM_ACC_GYRO_R_FS_G
 .text.LSM6DSM_ACC_GYRO_W_ODR_G
                0x000000000800b18c       0x58 Drivers/BSP/Components/LSM6DSM_ACC_GYRO_driver.o
                0x000000000800b18c                LSM6DSM_ACC_GYRO_W_ODR_G
 .text.LSM6DSM_ACC_GYRO_R_ODR_G
                0x000000000800b1e4       0x36 Drivers/BSP/Components/LSM6DSM_ACC_GYRO_driver.o
                0x000000000800b1e4                LSM6DSM_ACC_GYRO_R_ODR_G
 .text.LSM6DSM_ACC_GYRO_W_IF_Addr_Incr
                0x000000000800b21a       0x58 Drivers/BSP/Components/LSM6DSM_ACC_GYRO_driver.o
                0x000000000800b21a                LSM6DSM_ACC_GYRO_W_IF_Addr_Incr
 .text.LSM6DSM_ACC_GYRO_W_BDU
                0x000000000800b272       0x58 Drivers/BSP/Components/LSM6DSM_ACC_GYRO_driver.o
                0x000000000800b272                LSM6DSM_ACC_GYRO_W_BDU
 .text.LSM6DSM_ACC_GYRO_W_I2C_DISABLE
                0x000000000800b2ca       0x58 Drivers/BSP/Components/LSM6DSM_ACC_GYRO_driver.o
                0x000000000800b2ca                LSM6DSM_ACC_GYRO_W_I2C_DISABLE
 .text.LSM6DSM_ACC_GYRO_W_PedoStepReset
                0x000000000800b322       0x58 Drivers/BSP/Components/LSM6DSM_ACC_GYRO_driver.o
                0x000000000800b322                LSM6DSM_ACC_GYRO_W_PedoStepReset
 .text.LSM6DSM_ACC_GYRO_W_TILT
                0x000000000800b37a       0x58 Drivers/BSP/Components/LSM6DSM_ACC_GYRO_driver.o
                0x000000000800b37a                LSM6DSM_ACC_GYRO_W_TILT
 .text.LSM6DSM_ACC_GYRO_W_PEDO
                0x000000000800b3d2       0x58 Drivers/BSP/Components/LSM6DSM_ACC_GYRO_driver.o
                0x000000000800b3d2                LSM6DSM_ACC_GYRO_W_PEDO
 .text.LSM6DSM_ACC_GYRO_W_FUNC_EN
                0x000000000800b42a       0x58 Drivers/BSP/Components/LSM6DSM_ACC_GYRO_driver.o
                0x000000000800b42a                LSM6DSM_ACC_GYRO_W_FUNC_EN
 .text.LSM6DSM_ACC_GYRO_R_WU_EV_STATUS
                0x000000000800b482       0x36 Drivers/BSP/Components/LSM6DSM_ACC_GYRO_driver.o
                0x000000000800b482                LSM6DSM_ACC_GYRO_R_WU_EV_STATUS
 .text.LSM6DSM_ACC_GYRO_R_FF_EV_STATUS
                0x000000000800b4b8       0x36 Drivers/BSP/Components/LSM6DSM_ACC_GYRO_driver.o
                0x000000000800b4b8                LSM6DSM_ACC_GYRO_R_FF_EV_STATUS
 .text.LSM6DSM_ACC_GYRO_R_DOUBLE_TAP_EV_STATUS
                0x000000000800b4ee       0x36 Drivers/BSP/Components/LSM6DSM_ACC_GYRO_driver.o
                0x000000000800b4ee                LSM6DSM_ACC_GYRO_R_DOUBLE_TAP_EV_STATUS
 .text.LSM6DSM_ACC_GYRO_R_SINGLE_TAP_EV_STATUS
                0x000000000800b524       0x36 Drivers/BSP/Components/LSM6DSM_ACC_GYRO_driver.o
                0x000000000800b524                LSM6DSM_ACC_GYRO_R_SINGLE_TAP_EV_STATUS
 .text.LSM6DSM_ACC_GYRO_R_DSD_XL
                0x000000000800b55a       0x36 Drivers/BSP/Components/LSM6DSM_ACC_GYRO_driver.o
                0x000000000800b55a                LSM6DSM_ACC_GYRO_R_DSD_XL
 .text.LSM6DSM_ACC_GYRO_R_DSD_XH
                0x000000000800b590       0x36 Drivers/BSP/Components/LSM6DSM_ACC_GYRO_driver.o
                0x000000000800b590                LSM6DSM_ACC_GYRO_R_DSD_XH
 .text.LSM6DSM_ACC_GYRO_R_DSD_YL
                0x000000000800b5c6       0x36 Drivers/BSP/Components/LSM6DSM_ACC_GYRO_driver.o
                0x000000000800b5c6                LSM6DSM_ACC_GYRO_R_DSD_YL
 .text.LSM6DSM_ACC_GYRO_R_DSD_YH
                0x000000000800b5fc       0x36 Drivers/BSP/Components/LSM6DSM_ACC_GYRO_driver.o
                0x000000000800b5fc                LSM6DSM_ACC_GYRO_R_DSD_YH
 .text.LSM6DSM_ACC_GYRO_R_DSD_ZL
                0x000000000800b632       0x36 Drivers/BSP/Components/LSM6DSM_ACC_GYRO_driver.o
                0x000000000800b632                LSM6DSM_ACC_GYRO_R_DSD_ZL
 .text.LSM6DSM_ACC_GYRO_R_DSD_ZH
                0x000000000800b668       0x36 Drivers/BSP/Components/LSM6DSM_ACC_GYRO_driver.o
                0x000000000800b668                LSM6DSM_ACC_GYRO_R_DSD_ZH
 .text.LSM6DSM_ACC_GYRO_R_D6D_EV_STATUS
                0x000000000800b69e       0x36 Drivers/BSP/Components/LSM6DSM_ACC_GYRO_driver.o
                0x000000000800b69e                LSM6DSM_ACC_GYRO_R_D6D_EV_STATUS
 .text.LSM6DSM_ACC_GYRO_R_XLDA
                0x000000000800b6d4       0x36 Drivers/BSP/Components/LSM6DSM_ACC_GYRO_driver.o
                0x000000000800b6d4                LSM6DSM_ACC_GYRO_R_XLDA
 .text.LSM6DSM_ACC_GYRO_R_GDA
                0x000000000800b70a       0x36 Drivers/BSP/Components/LSM6DSM_ACC_GYRO_driver.o
                0x000000000800b70a                LSM6DSM_ACC_GYRO_R_GDA
 .text.LSM6DSM_ACC_GYRO_R_PEDO_EV_STATUS
                0x000000000800b740       0x36 Drivers/BSP/Components/LSM6DSM_ACC_GYRO_driver.o
                0x000000000800b740                LSM6DSM_ACC_GYRO_R_PEDO_EV_STATUS
 .text.LSM6DSM_ACC_GYRO_R_TILT_EV_STATUS
                0x000000000800b776       0x36 Drivers/BSP/Components/LSM6DSM_ACC_GYRO_driver.o
                0x000000000800b776                LSM6DSM_ACC_GYRO_R_TILT_EV_STATUS
 .text.LSM6DSM_ACC_GYRO_W_TAP_Z_EN
                0x000000000800b7ac       0x58 Drivers/BSP/Components/LSM6DSM_ACC_GYRO_driver.o
                0x000000000800b7ac                LSM6DSM_ACC_GYRO_W_TAP_Z_EN
 .text.LSM6DSM_ACC_GYRO_W_TAP_Y_EN
                0x000000000800b804       0x58 Drivers/BSP/Components/LSM6DSM_ACC_GYRO_driver.o
                0x000000000800b804                LSM6DSM_ACC_GYRO_W_TAP_Y_EN
 .text.LSM6DSM_ACC_GYRO_W_TAP_X_EN
                0x000000000800b85c       0x58 Drivers/BSP/Components/LSM6DSM_ACC_GYRO_driver.o
                0x000000000800b85c                LSM6DSM_ACC_GYRO_W_TAP_X_EN
 .text.LSM6DSM_ACC_GYRO_W_BASIC_INT
                0x000000000800b8b4       0x58 Drivers/BSP/Components/LSM6DSM_ACC_GYRO_driver.o
                0x000000000800b8b4                LSM6DSM_ACC_GYRO_W_BASIC_INT
 .text.LSM6DSM_ACC_GYRO_W_TAP_THS
                0x000000000800b90c       0x60 Drivers/BSP/Components/LSM6DSM_ACC_GYRO_driver.o
                0x000000000800b90c                LSM6DSM_ACC_GYRO_W_TAP_THS
 .text.LSM6DSM_ACC_GYRO_W_SIXD_THS
                0x000000000800b96c       0x58 Drivers/BSP/Components/LSM6DSM_ACC_GYRO_driver.o
                0x000000000800b96c                LSM6DSM_ACC_GYRO_W_SIXD_THS
 .text.LSM6DSM_ACC_GYRO_W_SHOCK_Duration
                0x000000000800b9c4       0x60 Drivers/BSP/Components/LSM6DSM_ACC_GYRO_driver.o
                0x000000000800b9c4                LSM6DSM_ACC_GYRO_W_SHOCK_Duration
 .text.LSM6DSM_ACC_GYRO_W_QUIET_Duration
                0x000000000800ba24       0x66 Drivers/BSP/Components/LSM6DSM_ACC_GYRO_driver.o
                0x000000000800ba24                LSM6DSM_ACC_GYRO_W_QUIET_Duration
 .text.LSM6DSM_ACC_GYRO_W_DUR
                0x000000000800ba8a       0x66 Drivers/BSP/Components/LSM6DSM_ACC_GYRO_driver.o
                0x000000000800ba8a                LSM6DSM_ACC_GYRO_W_DUR
 .text.LSM6DSM_ACC_GYRO_W_WK_THS
                0x000000000800baf0       0x60 Drivers/BSP/Components/LSM6DSM_ACC_GYRO_driver.o
                0x000000000800baf0                LSM6DSM_ACC_GYRO_W_WK_THS
 .text.LSM6DSM_ACC_GYRO_W_SINGLE_DOUBLE_TAP_EV
                0x000000000800bb50       0x58 Drivers/BSP/Components/LSM6DSM_ACC_GYRO_driver.o
                0x000000000800bb50                LSM6DSM_ACC_GYRO_W_SINGLE_DOUBLE_TAP_EV
 .text.LSM6DSM_ACC_GYRO_W_SLEEP_DUR
                0x000000000800bba8       0x60 Drivers/BSP/Components/LSM6DSM_ACC_GYRO_driver.o
                0x000000000800bba8                LSM6DSM_ACC_GYRO_W_SLEEP_DUR
 .text.LSM6DSM_ACC_GYRO_W_TIMER_HR
                0x000000000800bc08       0x58 Drivers/BSP/Components/LSM6DSM_ACC_GYRO_driver.o
                0x000000000800bc08                LSM6DSM_ACC_GYRO_W_TIMER_HR
 .text.LSM6DSM_ACC_GYRO_W_WAKE_DUR
                0x000000000800bc60       0x66 Drivers/BSP/Components/LSM6DSM_ACC_GYRO_driver.o
                0x000000000800bc60                LSM6DSM_ACC_GYRO_W_WAKE_DUR
 .text.LSM6DSM_ACC_GYRO_W_FF_THS
                0x000000000800bcc6       0x58 Drivers/BSP/Components/LSM6DSM_ACC_GYRO_driver.o
                0x000000000800bcc6                LSM6DSM_ACC_GYRO_W_FF_THS
 .text.LSM6DSM_ACC_GYRO_W_FF_Duration
                0x000000000800bd1e       0xca Drivers/BSP/Components/LSM6DSM_ACC_GYRO_driver.o
                0x000000000800bd1e                LSM6DSM_ACC_GYRO_W_FF_Duration
 .text.LSM6DSM_ACC_GYRO_W_TiltEvOnInt2
                0x000000000800bde8       0x58 Drivers/BSP/Components/LSM6DSM_ACC_GYRO_driver.o
                0x000000000800bde8                LSM6DSM_ACC_GYRO_W_TiltEvOnInt2
 .text.LSM6DSM_ACC_GYRO_W_6DEvOnInt2
                0x000000000800be40       0x58 Drivers/BSP/Components/LSM6DSM_ACC_GYRO_driver.o
                0x000000000800be40                LSM6DSM_ACC_GYRO_W_6DEvOnInt2
 .text.LSM6DSM_ACC_GYRO_W_TapEvOnInt2
                0x000000000800be98       0x58 Drivers/BSP/Components/LSM6DSM_ACC_GYRO_driver.o
                0x000000000800be98                LSM6DSM_ACC_GYRO_W_TapEvOnInt2
 .text.LSM6DSM_ACC_GYRO_W_FFEvOnInt2
                0x000000000800bef0       0x58 Drivers/BSP/Components/LSM6DSM_ACC_GYRO_driver.o
                0x000000000800bef0                LSM6DSM_ACC_GYRO_W_FFEvOnInt2
 .text.LSM6DSM_ACC_GYRO_W_WUEvOnInt2
                0x000000000800bf48       0x58 Drivers/BSP/Components/LSM6DSM_ACC_GYRO_driver.o
                0x000000000800bf48                LSM6DSM_ACC_GYRO_W_WUEvOnInt2
 .text.LSM6DSM_ACC_GYRO_W_SingleTapOnInt2
                0x000000000800bfa0       0x58 Drivers/BSP/Components/LSM6DSM_ACC_GYRO_driver.o
                0x000000000800bfa0                LSM6DSM_ACC_GYRO_W_SingleTapOnInt2
 .text.LSM6DSM_ACC_GYRO_GetRawGyroData
                0x000000000800bff8       0x66 Drivers/BSP/Components/LSM6DSM_ACC_GYRO_driver.o
                0x000000000800bff8                LSM6DSM_ACC_GYRO_GetRawGyroData
 .text.LSM6DSM_ACC_GYRO_GetRawAccData
                0x000000000800c05e       0x66 Drivers/BSP/Components/LSM6DSM_ACC_GYRO_driver.o
                0x000000000800c05e                LSM6DSM_ACC_GYRO_GetRawAccData
 .text.LSM6DSM_ACC_GYRO_Get_GetStepCounter
                0x000000000800c0c4       0x66 Drivers/BSP/Components/LSM6DSM_ACC_GYRO_driver.o
                0x000000000800c0c4                LSM6DSM_ACC_GYRO_Get_GetStepCounter
 .text.LSM6DSM_ACC_GYRO_W_PedoThreshold
                0x000000000800c12a       0x88 Drivers/BSP/Components/LSM6DSM_ACC_GYRO_driver.o
                0x000000000800c12a                LSM6DSM_ACC_GYRO_W_PedoThreshold
 *fill*         0x000000000800c1b2        0x2 
 .text.LSM6DSM_X_Init
                0x000000000800c1b4       0xa4 Drivers/BSP/Components/LSM6DSM_ACC_GYRO_driver_HL.o
 .text.LSM6DSM_X_DeInit
                0x000000000800c258       0xc8 Drivers/BSP/Components/LSM6DSM_ACC_GYRO_driver_HL.o
 .text.LSM6DSM_X_Sensor_Enable
                0x000000000800c320       0x4a Drivers/BSP/Components/LSM6DSM_ACC_GYRO_driver_HL.o
 .text.LSM6DSM_X_Sensor_Disable
                0x000000000800c36a       0x58 Drivers/BSP/Components/LSM6DSM_ACC_GYRO_driver_HL.o
 .text.LSM6DSM_X_Get_WhoAmI
                0x000000000800c3c2       0x1c Drivers/BSP/Components/LSM6DSM_ACC_GYRO_driver_HL.o
 .text.LSM6DSM_X_Check_WhoAmI
                0x000000000800c3de       0x18 Drivers/BSP/Components/LSM6DSM_ACC_GYRO_driver_HL.o
 .text.LSM6DSM_X_Get_Axes
                0x000000000800c3f6       0xa6 Drivers/BSP/Components/LSM6DSM_ACC_GYRO_driver_HL.o
 .text.LSM6DSM_X_Get_AxesRaw
                0x000000000800c49c       0x42 Drivers/BSP/Components/LSM6DSM_ACC_GYRO_driver_HL.o
 *fill*         0x000000000800c4de        0x2 
 .text.LSM6DSM_X_Get_Sensitivity
                0x000000000800c4e0       0xa8 Drivers/BSP/Components/LSM6DSM_ACC_GYRO_driver_HL.o
 .text.LSM6DSM_X_Get_ODR
                0x000000000800c588       0xfc Drivers/BSP/Components/LSM6DSM_ACC_GYRO_driver_HL.o
 .text.LSM6DSM_X_Set_ODR
                0x000000000800c684       0x46 Drivers/BSP/Components/LSM6DSM_ACC_GYRO_driver_HL.o
 .text.LSM6DSM_X_Set_ODR_Value
                0x000000000800c6ca       0x46 Drivers/BSP/Components/LSM6DSM_ACC_GYRO_driver_HL.o
 .text.LSM6DSM_X_Get_FS
                0x000000000800c710       0xa0 Drivers/BSP/Components/LSM6DSM_ACC_GYRO_driver_HL.o
 .text.LSM6DSM_X_Set_FS
                0x000000000800c7b0       0x4e Drivers/BSP/Components/LSM6DSM_ACC_GYRO_driver_HL.o
 .text.LSM6DSM_X_Set_FS_Value
                0x000000000800c7fe       0x70 Drivers/BSP/Components/LSM6DSM_ACC_GYRO_driver_HL.o
 *fill*         0x000000000800c86e        0x2 
 .text.LSM6DSM_G_Init
                0x000000000800c870       0xa4 Drivers/BSP/Components/LSM6DSM_ACC_GYRO_driver_HL.o
 .text.LSM6DSM_G_DeInit
                0x000000000800c914       0x58 Drivers/BSP/Components/LSM6DSM_ACC_GYRO_driver_HL.o
 .text.LSM6DSM_G_Sensor_Enable
                0x000000000800c96c       0x4a Drivers/BSP/Components/LSM6DSM_ACC_GYRO_driver_HL.o
 .text.LSM6DSM_G_Sensor_Disable
                0x000000000800c9b6       0x58 Drivers/BSP/Components/LSM6DSM_ACC_GYRO_driver_HL.o
 .text.LSM6DSM_G_Get_WhoAmI
                0x000000000800ca0e       0x1c Drivers/BSP/Components/LSM6DSM_ACC_GYRO_driver_HL.o
 .text.LSM6DSM_G_Check_WhoAmI
                0x000000000800ca2a       0x18 Drivers/BSP/Components/LSM6DSM_ACC_GYRO_driver_HL.o
 .text.LSM6DSM_G_Get_Axes
                0x000000000800ca42       0xa6 Drivers/BSP/Components/LSM6DSM_ACC_GYRO_driver_HL.o
 .text.LSM6DSM_G_Get_AxesRaw
                0x000000000800cae8       0x42 Drivers/BSP/Components/LSM6DSM_ACC_GYRO_driver_HL.o
 *fill*         0x000000000800cb2a        0x2 
 .text.LSM6DSM_G_Get_Sensitivity
                0x000000000800cb2c       0xd0 Drivers/BSP/Components/LSM6DSM_ACC_GYRO_driver_HL.o
 .text.LSM6DSM_G_Get_ODR
                0x000000000800cbfc       0xfc Drivers/BSP/Components/LSM6DSM_ACC_GYRO_driver_HL.o
 .text.LSM6DSM_G_Set_ODR
                0x000000000800ccf8       0x46 Drivers/BSP/Components/LSM6DSM_ACC_GYRO_driver_HL.o
 .text.LSM6DSM_G_Set_ODR_Value
                0x000000000800cd3e       0x46 Drivers/BSP/Components/LSM6DSM_ACC_GYRO_driver_HL.o
 .text.LSM6DSM_G_Get_FS
                0x000000000800cd84       0xd0 Drivers/BSP/Components/LSM6DSM_ACC_GYRO_driver_HL.o
 .text.LSM6DSM_G_Set_FS
                0x000000000800ce54       0x4e Drivers/BSP/Components/LSM6DSM_ACC_GYRO_driver_HL.o
 *fill*         0x000000000800cea2        0x2 
 .text.LSM6DSM_G_Set_FS_Value
                0x000000000800cea4       0xb8 Drivers/BSP/Components/LSM6DSM_ACC_GYRO_driver_HL.o
 .text.LSM6DSM_Get_WhoAmI
                0x000000000800cf5c       0x26 Drivers/BSP/Components/LSM6DSM_ACC_GYRO_driver_HL.o
 .text.LSM6DSM_Check_WhoAmI
                0x000000000800cf82       0x3a Drivers/BSP/Components/LSM6DSM_ACC_GYRO_driver_HL.o
 .text.LSM6DSM_X_Get_Axes_Raw
                0x000000000800cfbc       0x7a Drivers/BSP/Components/LSM6DSM_ACC_GYRO_driver_HL.o
 *fill*         0x000000000800d036        0x2 
 .text.LSM6DSM_X_Set_ODR_When_Enabled
                0x000000000800d038       0x6c Drivers/BSP/Components/LSM6DSM_ACC_GYRO_driver_HL.o
 .text.LSM6DSM_X_Set_ODR_When_Disabled
                0x000000000800d0a4       0x84 Drivers/BSP/Components/LSM6DSM_ACC_GYRO_driver_HL.o
 .text.LSM6DSM_X_Set_ODR_Value_When_Enabled
                0x000000000800d128      0x110 Drivers/BSP/Components/LSM6DSM_ACC_GYRO_driver_HL.o
 .text.LSM6DSM_X_Set_ODR_Value_When_Disabled
                0x000000000800d238      0x138 Drivers/BSP/Components/LSM6DSM_ACC_GYRO_driver_HL.o
 .text.LSM6DSM_G_Get_Axes_Raw
                0x000000000800d370       0x7a Drivers/BSP/Components/LSM6DSM_ACC_GYRO_driver_HL.o
 *fill*         0x000000000800d3ea        0x2 
 .text.LSM6DSM_G_Set_ODR_When_Enabled
                0x000000000800d3ec       0x6c Drivers/BSP/Components/LSM6DSM_ACC_GYRO_driver_HL.o
 .text.LSM6DSM_G_Set_ODR_When_Disabled
                0x000000000800d458       0x84 Drivers/BSP/Components/LSM6DSM_ACC_GYRO_driver_HL.o
 .text.LSM6DSM_G_Set_ODR_Value_When_Enabled
                0x000000000800d4dc      0x110 Drivers/BSP/Components/LSM6DSM_ACC_GYRO_driver_HL.o
 .text.LSM6DSM_G_Set_ODR_Value_When_Disabled
                0x000000000800d5ec      0x138 Drivers/BSP/Components/LSM6DSM_ACC_GYRO_driver_HL.o
 .text.LSM6DSM_X_Enable_Free_Fall_Detection
                0x000000000800d724       0xbc Drivers/BSP/Components/LSM6DSM_ACC_GYRO_driver_HL.o
 .text.LSM6DSM_X_Disable_Free_Fall_Detection
                0x000000000800d7e0       0x5a Drivers/BSP/Components/LSM6DSM_ACC_GYRO_driver_HL.o
 .text.LSM6DSM_X_Get_Free_Fall_Detection_Status
                0x000000000800d83a       0x48 Drivers/BSP/Components/LSM6DSM_ACC_GYRO_driver_HL.o
 .text.LSM6DSM_X_Set_Free_Fall_Threshold
                0x000000000800d882       0x2a Drivers/BSP/Components/LSM6DSM_ACC_GYRO_driver_HL.o
 .text.LSM6DSM_X_Enable_Pedometer
                0x000000000800d8ac       0x80 Drivers/BSP/Components/LSM6DSM_ACC_GYRO_driver_HL.o
 .text.LSM6DSM_X_Disable_Pedometer
                0x000000000800d92c       0x5a Drivers/BSP/Components/LSM6DSM_ACC_GYRO_driver_HL.o
 .text.LSM6DSM_X_Get_Pedometer_Status
                0x000000000800d986       0x48 Drivers/BSP/Components/LSM6DSM_ACC_GYRO_driver_HL.o
 .text.LSM6DSM_X_Get_Step_Count
                0x000000000800d9ce       0x26 Drivers/BSP/Components/LSM6DSM_ACC_GYRO_driver_HL.o
 .text.LSM6DSM_X_Enable_Step_Counter_Reset
                0x000000000800d9f4       0x24 Drivers/BSP/Components/LSM6DSM_ACC_GYRO_driver_HL.o
 .text.LSM6DSM_X_Disable_Step_Counter_Reset
                0x000000000800da18       0x24 Drivers/BSP/Components/LSM6DSM_ACC_GYRO_driver_HL.o
 .text.LSM6DSM_X_Set_Pedometer_Threshold
                0x000000000800da3c       0x2a Drivers/BSP/Components/LSM6DSM_ACC_GYRO_driver_HL.o
 .text.LSM6DSM_X_Enable_Tilt_Detection
                0x000000000800da66       0x6e Drivers/BSP/Components/LSM6DSM_ACC_GYRO_driver_HL.o
 .text.LSM6DSM_X_Disable_Tilt_Detection
                0x000000000800dad4       0x48 Drivers/BSP/Components/LSM6DSM_ACC_GYRO_driver_HL.o
 .text.LSM6DSM_X_Get_Tilt_Detection_Status
                0x000000000800db1c       0x48 Drivers/BSP/Components/LSM6DSM_ACC_GYRO_driver_HL.o
 .text.LSM6DSM_X_Enable_Wake_Up_Detection
                0x000000000800db64       0x84 Drivers/BSP/Components/LSM6DSM_ACC_GYRO_driver_HL.o
 .text.LSM6DSM_X_Disable_Wake_Up_Detection
                0x000000000800dbe8       0x5a Drivers/BSP/Components/LSM6DSM_ACC_GYRO_driver_HL.o
 .text.LSM6DSM_X_Get_Wake_Up_Detection_Status
                0x000000000800dc42       0x48 Drivers/BSP/Components/LSM6DSM_ACC_GYRO_driver_HL.o
 .text.LSM6DSM_X_Set_Wake_Up_Threshold
                0x000000000800dc8a       0x2a Drivers/BSP/Components/LSM6DSM_ACC_GYRO_driver_HL.o
 .text.LSM6DSM_X_Enable_Single_Tap_Detection
                0x000000000800dcb4       0xcc Drivers/BSP/Components/LSM6DSM_ACC_GYRO_driver_HL.o
 .text.LSM6DSM_X_Disable_Single_Tap_Detection
                0x000000000800dd80       0xa2 Drivers/BSP/Components/LSM6DSM_ACC_GYRO_driver_HL.o
 .text.LSM6DSM_X_Get_Single_Tap_Detection_Status
                0x000000000800de22       0x48 Drivers/BSP/Components/LSM6DSM_ACC_GYRO_driver_HL.o
 *fill*         0x000000000800de6a        0x2 
 .text.LSM6DSM_X_Enable_Double_Tap_Detection
                0x000000000800de6c       0xf0 Drivers/BSP/Components/LSM6DSM_ACC_GYRO_driver_HL.o
 .text.LSM6DSM_X_Disable_Double_Tap_Detection
                0x000000000800df5c       0xc6 Drivers/BSP/Components/LSM6DSM_ACC_GYRO_driver_HL.o
 .text.LSM6DSM_X_Get_Double_Tap_Detection_Status
                0x000000000800e022       0x48 Drivers/BSP/Components/LSM6DSM_ACC_GYRO_driver_HL.o
 .text.LSM6DSM_X_Set_Tap_Threshold
                0x000000000800e06a       0x2a Drivers/BSP/Components/LSM6DSM_ACC_GYRO_driver_HL.o
 .text.LSM6DSM_X_Set_Tap_Shock_Time
                0x000000000800e094       0x2a Drivers/BSP/Components/LSM6DSM_ACC_GYRO_driver_HL.o
 .text.LSM6DSM_X_Set_Tap_Quiet_Time
                0x000000000800e0be       0x2a Drivers/BSP/Components/LSM6DSM_ACC_GYRO_driver_HL.o
 .text.LSM6DSM_X_Set_Tap_Duration_Time
                0x000000000800e0e8       0x2a Drivers/BSP/Components/LSM6DSM_ACC_GYRO_driver_HL.o
 *fill*         0x000000000800e112        0x2 
 .text.LSM6DSM_X_Enable_6D_Orientation
                0x000000000800e114       0x74 Drivers/BSP/Components/LSM6DSM_ACC_GYRO_driver_HL.o
 .text.LSM6DSM_X_Disable_6D_Orientation
                0x000000000800e188       0x48 Drivers/BSP/Components/LSM6DSM_ACC_GYRO_driver_HL.o
 .text.LSM6DSM_X_Get_6D_Orientation_Status
                0x000000000800e1d0       0x48 Drivers/BSP/Components/LSM6DSM_ACC_GYRO_driver_HL.o
 .text.LSM6DSM_X_Get_6D_Orientation_XL
                0x000000000800e218       0x48 Drivers/BSP/Components/LSM6DSM_ACC_GYRO_driver_HL.o
 .text.LSM6DSM_X_Get_6D_Orientation_XH
                0x000000000800e260       0x48 Drivers/BSP/Components/LSM6DSM_ACC_GYRO_driver_HL.o
 .text.LSM6DSM_X_Get_6D_Orientation_YL
                0x000000000800e2a8       0x48 Drivers/BSP/Components/LSM6DSM_ACC_GYRO_driver_HL.o
 .text.LSM6DSM_X_Get_6D_Orientation_YH
                0x000000000800e2f0       0x48 Drivers/BSP/Components/LSM6DSM_ACC_GYRO_driver_HL.o
 .text.LSM6DSM_X_Get_6D_Orientation_ZL
                0x000000000800e338       0x48 Drivers/BSP/Components/LSM6DSM_ACC_GYRO_driver_HL.o
 .text.LSM6DSM_X_Get_6D_Orientation_ZH
                0x000000000800e380       0x48 Drivers/BSP/Components/LSM6DSM_ACC_GYRO_driver_HL.o
 .text.LSM6DSM_X_Read_Reg
                0x000000000800e3c8       0x2e Drivers/BSP/Components/LSM6DSM_ACC_GYRO_driver_HL.o
 .text.LSM6DSM_X_Write_Reg
                0x000000000800e3f6       0x30 Drivers/BSP/Components/LSM6DSM_ACC_GYRO_driver_HL.o
 .text.LSM6DSM_X_Get_DRDY_Status
                0x000000000800e426       0x48 Drivers/BSP/Components/LSM6DSM_ACC_GYRO_driver_HL.o
 .text.LSM6DSM_G_Read_Reg
                0x000000000800e46e       0x2e Drivers/BSP/Components/LSM6DSM_ACC_GYRO_driver_HL.o
 .text.LSM6DSM_G_Write_Reg
                0x000000000800e49c       0x30 Drivers/BSP/Components/LSM6DSM_ACC_GYRO_driver_HL.o
 .text.LSM6DSM_G_Get_DRDY_Status
                0x000000000800e4cc       0x48 Drivers/BSP/Components/LSM6DSM_ACC_GYRO_driver_HL.o
 .text.STC3115_Init
                0x000000000800e514      0x254 Drivers/BSP/Components/STC3115_Driver.o
 .text.STC3115_DeInit
                0x000000000800e768       0x1c Drivers/BSP/Components/STC3115_Driver.o
 .text.STC3115_Get_WhoAmI
                0x000000000800e784       0x2a Drivers/BSP/Components/STC3115_Driver.o
 *fill*         0x000000000800e7ae        0x2 
 .text.STC3115_Task
                0x000000000800e7b0      0x2a8 Drivers/BSP/Components/STC3115_Driver.o
 .text.STC3115_Reset
                0x000000000800ea58       0x52 Drivers/BSP/Components/STC3115_Driver.o
 .text.STC3115_Stop
                0x000000000800eaaa       0x4e Drivers/BSP/Components/STC3115_Driver.o
 .text.STC3115_GetSOC
                0x000000000800eaf8       0x38 Drivers/BSP/Components/STC3115_Driver.o
 .text.STC3115_GetOCV
                0x000000000800eb30       0x26 Drivers/BSP/Components/STC3115_Driver.o
 .text.STC3115_GetCurrent
                0x000000000800eb56       0x24 Drivers/BSP/Components/STC3115_Driver.o
 .text.STC3115_GetTemperature
                0x000000000800eb7a       0x24 Drivers/BSP/Components/STC3115_Driver.o
 .text.STC3115_GetVoltage
                0x000000000800eb9e       0x26 Drivers/BSP/Components/STC3115_Driver.o
 .text.STC3115_GetChargeValue
                0x000000000800ebc4       0x26 Drivers/BSP/Components/STC3115_Driver.o
 .text.STC3115_GetPresence
                0x000000000800ebea       0x26 Drivers/BSP/Components/STC3115_Driver.o
 .text.STC3115_GetAlarmStatus
                0x000000000800ec10       0x2a Drivers/BSP/Components/STC3115_Driver.o
 .text.STC3115_Status
                0x000000000800ec3a       0x52 Drivers/BSP/Components/STC3115_Driver.o
 .text.STC3115_CalcRamCRC8
                0x000000000800ec8c       0x6c Drivers/BSP/Components/STC3115_Driver.o
 .text.STC3115_UpdateRamCRC
                0x000000000800ecf8       0x30 Drivers/BSP/Components/STC3115_Driver.o
 .text.STC3115_InitRamData
                0x000000000800ed28       0x5a Drivers/BSP/Components/STC3115_Driver.o
 .text.STC3115_WriteRamData
                0x000000000800ed82       0x2c Drivers/BSP/Components/STC3115_Driver.o
 .text.STC3115_ReadRamData
                0x000000000800edae       0x2c Drivers/BSP/Components/STC3115_Driver.o
 .text.STC3115_ReadBatteryData
                0x000000000800edda      0x156 Drivers/BSP/Components/STC3115_Driver.o
 .text.STC3115_Restore
                0x000000000800ef30       0x60 Drivers/BSP/Components/STC3115_Driver.o
 .text.STC3115_Powerdown
                0x000000000800ef90       0x42 Drivers/BSP/Components/STC3115_Driver.o
 .text.STC3115_conv
                0x000000000800efd2       0x38 Drivers/BSP/Components/STC3115_Driver.o
 .text.STC3115_Startup
                0x000000000800f00a       0x48 Drivers/BSP/Components/STC3115_Driver.o
 .text.STC3115_Read
                0x000000000800f052       0x36 Drivers/BSP/Components/STC3115_Driver.o
 .text.STC3115_Write
                0x000000000800f088       0x36 Drivers/BSP/Components/STC3115_Driver.o
 .text.STC3115_ReadWord
                0x000000000800f0be       0x3a Drivers/BSP/Components/STC3115_Driver.o
 .text.STC3115_WriteWord
                0x000000000800f0f8       0x38 Drivers/BSP/Components/STC3115_Driver.o
 .text.STC3115_SetParam
                0x000000000800f130      0x128 Drivers/BSP/Components/STC3115_Driver.o
 .text.BSP_LED_Init
                0x000000000800f258       0xa0 Drivers/BSP/SensorTile/SensorTile.o
                0x000000000800f258                BSP_LED_Init
 .text.BSP_LED_On
                0x000000000800f2f8       0x5c Drivers/BSP/SensorTile/SensorTile.o
                0x000000000800f2f8                BSP_LED_On
 .text.BSP_LED_Off
                0x000000000800f354       0x5c Drivers/BSP/SensorTile/SensorTile.o
                0x000000000800f354                BSP_LED_Off
 .text.Sensor_IO_I2C_Init
                0x000000000800f3b0       0x18 Drivers/BSP/SensorTile/SensorTile.o
                0x000000000800f3b0                Sensor_IO_I2C_Init
 .text.Sensor_IO_SPI_Init
                0x000000000800f3c8      0x118 Drivers/BSP/SensorTile/SensorTile.o
                0x000000000800f3c8                Sensor_IO_SPI_Init
 .text.Sensor_IO_SPI_CS_Init_All
                0x000000000800f4e0      0x124 Drivers/BSP/SensorTile/SensorTile.o
                0x000000000800f4e0                Sensor_IO_SPI_CS_Init_All
 .text.Sensor_IO_SPI_CS_Init
                0x000000000800f604      0x12c Drivers/BSP/SensorTile/SensorTile.o
                0x000000000800f604                Sensor_IO_SPI_CS_Init
 .text.Sensor_IO_Write
                0x000000000800f730       0x86 Drivers/BSP/SensorTile/SensorTile.o
                0x000000000800f730                Sensor_IO_Write
 .text.Sensor_IO_I2C_Write
                0x000000000800f7b6       0x30 Drivers/BSP/SensorTile/SensorTile.o
                0x000000000800f7b6                Sensor_IO_I2C_Write
 .text.Sensor_IO_Read
                0x000000000800f7e6       0x86 Drivers/BSP/SensorTile/SensorTile.o
                0x000000000800f7e6                Sensor_IO_Read
 .text.Sensor_IO_I2C_Read
                0x000000000800f86c       0x30 Drivers/BSP/SensorTile/SensorTile.o
                0x000000000800f86c                Sensor_IO_I2C_Read
 .text.Sensor_IO_SPI_Write
                0x000000000800f89c       0x60 Drivers/BSP/SensorTile/SensorTile.o
                0x000000000800f89c                Sensor_IO_SPI_Write
 .text.Sensor_IO_SPI_Read
                0x000000000800f8fc       0x9c Drivers/BSP/SensorTile/SensorTile.o
                0x000000000800f8fc                Sensor_IO_SPI_Read
 .text.Sensor_IO_SPI_CS_Enable
                0x000000000800f998       0x74 Drivers/BSP/SensorTile/SensorTile.o
                0x000000000800f998                Sensor_IO_SPI_CS_Enable
 .text.Sensor_IO_SPI_CS_Disable
                0x000000000800fa0c       0x74 Drivers/BSP/SensorTile/SensorTile.o
                0x000000000800fa0c                Sensor_IO_SPI_CS_Disable
 .text.LSM6DSM_Sensor_IO_ITConfig
                0x000000000800fa80       0x5c Drivers/BSP/SensorTile/SensorTile.o
                0x000000000800fa80                LSM6DSM_Sensor_IO_ITConfig
 .text.SPI_Read
                0x000000000800fadc       0x70 Drivers/BSP/SensorTile/SensorTile.o
                0x000000000800fadc                SPI_Read
 .text.SPI_Read_nBytes
                0x000000000800fb4c       0xa4 Drivers/BSP/SensorTile/SensorTile.o
                0x000000000800fb4c                SPI_Read_nBytes
 .text.SPI_Write
                0x000000000800fbf0       0x52 Drivers/BSP/SensorTile/SensorTile.o
                0x000000000800fbf0                SPI_Write
 *fill*         0x000000000800fc42        0x2 
 .text.I2C_SENSORTILE_Init
                0x000000000800fc44       0x54 Drivers/BSP/SensorTile/SensorTile.o
 .text.I2C_SENSORTILE_WriteData
                0x000000000800fc98       0x60 Drivers/BSP/SensorTile/SensorTile.o
 .text.I2C_SENSORTILE_ReadData
                0x000000000800fcf8       0x60 Drivers/BSP/SensorTile/SensorTile.o
 .text.I2C_SENSORTILE_Error
                0x000000000800fd58       0x20 Drivers/BSP/SensorTile/SensorTile.o
 .text.I2C_SENSORTILE_MspInit
                0x000000000800fd78       0xc0 Drivers/BSP/SensorTile/SensorTile.o
 .text.SD_IO_SPI_MspInit
                0x000000000800fe38       0xc0 Drivers/BSP/SensorTile/SensorTile.o
 .text.SD_IO_SPI_Init_LS
                0x000000000800fef8       0x78 Drivers/BSP/SensorTile/SensorTile.o
 .text.SD_IO_SPI_Init
                0x000000000800ff70       0x78 Drivers/BSP/SensorTile/SensorTile.o
 .text.SD_IO_SPI_Read
                0x000000000800ffe8       0x48 Drivers/BSP/SensorTile/SensorTile.o
 .text.SD_IO_SPI_Write
                0x0000000008010030       0x3c Drivers/BSP/SensorTile/SensorTile.o
 .text.SD_IO_SPI_Error
                0x000000000801006c       0x18 Drivers/BSP/SensorTile/SensorTile.o
 .text.SD_IO_Init
                0x0000000008010084       0x40 Drivers/BSP/SensorTile/SensorTile.o
                0x0000000008010084                SD_IO_Init
 .text.SD_IO_Init_LS
                0x00000000080100c4       0x40 Drivers/BSP/SensorTile/SensorTile.o
                0x00000000080100c4                SD_IO_Init_LS
 .text.SD_IO_CS_Init
                0x0000000008010104       0x4c Drivers/BSP/SensorTile/SensorTile.o
                0x0000000008010104                SD_IO_CS_Init
 .text.SD_IO_CS_DeInit
                0x0000000008010150       0x30 Drivers/BSP/SensorTile/SensorTile.o
                0x0000000008010150                SD_IO_CS_DeInit
 .text.SD_IO_WriteByte
                0x0000000008010180       0x1a Drivers/BSP/SensorTile/SensorTile.o
                0x0000000008010180                SD_IO_WriteByte
 .text.SD_IO_ReadByte